ARM GAS  C:\Users\amant\AppData\Local\Temp\cc3CQzKH.s 			page 1


   1              		.syntax unified
   2              		.cpu cortex-m0
   3              		.fpu softvfp
   4              		.eabi_attribute 20, 1
   5              		.eabi_attribute 21, 1
   6              		.eabi_attribute 23, 3
   7              		.eabi_attribute 24, 1
   8              		.eabi_attribute 25, 1
   9              		.eabi_attribute 26, 1
  10              		.eabi_attribute 30, 1
  11              		.eabi_attribute 34, 0
  12              		.eabi_attribute 18, 4
  13              		.thumb
  14              		.syntax unified
  15              		.file	"cyfitter_cfg.c"
  16              		.text
  17              	.Ltext0:
  18              		.cfi_sections	.debug_frame
  19              		.section	.text.cfg_write_bytes32,"ax",%progbits
  20              		.align	2
  21              		.code	16
  22              		.thumb_func
  23              		.type	cfg_write_bytes32, %function
  24              	cfg_write_bytes32:
  25              	.LFB3:
  26              		.file 1 "Generated_Source\\PSoC4\\cyfitter_cfg.c"
   1:Generated_Source\PSoC4/cyfitter_cfg.c **** 
   2:Generated_Source\PSoC4/cyfitter_cfg.c **** /*******************************************************************************
   3:Generated_Source\PSoC4/cyfitter_cfg.c **** * File Name: cyfitter_cfg.c
   4:Generated_Source\PSoC4/cyfitter_cfg.c **** * 
   5:Generated_Source\PSoC4/cyfitter_cfg.c **** * PSoC Creator  4.4
   6:Generated_Source\PSoC4/cyfitter_cfg.c **** *
   7:Generated_Source\PSoC4/cyfitter_cfg.c **** * Description:
   8:Generated_Source\PSoC4/cyfitter_cfg.c **** * This file contains device initialization code.
   9:Generated_Source\PSoC4/cyfitter_cfg.c **** * Except for the user defined sections in CyClockStartupError(), this file should not be modified.
  10:Generated_Source\PSoC4/cyfitter_cfg.c **** * This file is automatically generated by PSoC Creator.
  11:Generated_Source\PSoC4/cyfitter_cfg.c **** *
  12:Generated_Source\PSoC4/cyfitter_cfg.c **** ********************************************************************************
  13:Generated_Source\PSoC4/cyfitter_cfg.c **** * Copyright (c) 2007-2020 Cypress Semiconductor.  All rights reserved.
  14:Generated_Source\PSoC4/cyfitter_cfg.c **** * You may use this file only in accordance with the license, terms, conditions, 
  15:Generated_Source\PSoC4/cyfitter_cfg.c **** * disclaimers, and limitations in the end user license agreement accompanying 
  16:Generated_Source\PSoC4/cyfitter_cfg.c **** * the software package with which this file was provided.
  17:Generated_Source\PSoC4/cyfitter_cfg.c **** ********************************************************************************/
  18:Generated_Source\PSoC4/cyfitter_cfg.c **** 
  19:Generated_Source\PSoC4/cyfitter_cfg.c **** #include <string.h>
  20:Generated_Source\PSoC4/cyfitter_cfg.c **** #include "cytypes.h"
  21:Generated_Source\PSoC4/cyfitter_cfg.c **** #include "cydevice_trm.h"
  22:Generated_Source\PSoC4/cyfitter_cfg.c **** #include "cyfitter.h"
  23:Generated_Source\PSoC4/cyfitter_cfg.c **** #include "CyLib.h"
  24:Generated_Source\PSoC4/cyfitter_cfg.c **** #include "CyLFClk.h"
  25:Generated_Source\PSoC4/cyfitter_cfg.c **** #include "cyfitter_cfg.h"
  26:Generated_Source\PSoC4/cyfitter_cfg.c **** #include "cyapicallbacks.h"
  27:Generated_Source\PSoC4/cyfitter_cfg.c **** 
  28:Generated_Source\PSoC4/cyfitter_cfg.c **** 
  29:Generated_Source\PSoC4/cyfitter_cfg.c **** #if defined(__GNUC__) || defined(__ARMCC_VERSION)
  30:Generated_Source\PSoC4/cyfitter_cfg.c ****     #define CYPACKED 
  31:Generated_Source\PSoC4/cyfitter_cfg.c ****     #define CYPACKED_ATTR __attribute__ ((packed))
ARM GAS  C:\Users\amant\AppData\Local\Temp\cc3CQzKH.s 			page 2


  32:Generated_Source\PSoC4/cyfitter_cfg.c ****     #define CYALIGNED __attribute__ ((aligned))
  33:Generated_Source\PSoC4/cyfitter_cfg.c ****     #define CY_CFG_UNUSED __attribute__ ((unused))
  34:Generated_Source\PSoC4/cyfitter_cfg.c ****     #ifndef CY_CFG_SECTION
  35:Generated_Source\PSoC4/cyfitter_cfg.c ****         #define CY_CFG_SECTION __attribute__ ((section(".psocinit")))
  36:Generated_Source\PSoC4/cyfitter_cfg.c ****     #endif
  37:Generated_Source\PSoC4/cyfitter_cfg.c ****     
  38:Generated_Source\PSoC4/cyfitter_cfg.c ****     #if defined(__ARMCC_VERSION)
  39:Generated_Source\PSoC4/cyfitter_cfg.c ****         #define CY_CFG_MEMORY_BARRIER() __memory_changed()
  40:Generated_Source\PSoC4/cyfitter_cfg.c ****     #else
  41:Generated_Source\PSoC4/cyfitter_cfg.c ****         #define CY_CFG_MEMORY_BARRIER() __sync_synchronize()
  42:Generated_Source\PSoC4/cyfitter_cfg.c ****     #endif
  43:Generated_Source\PSoC4/cyfitter_cfg.c ****     
  44:Generated_Source\PSoC4/cyfitter_cfg.c **** #elif defined(__ICCARM__)
  45:Generated_Source\PSoC4/cyfitter_cfg.c ****     #include <intrinsics.h>
  46:Generated_Source\PSoC4/cyfitter_cfg.c **** 
  47:Generated_Source\PSoC4/cyfitter_cfg.c ****     #define CYPACKED __packed
  48:Generated_Source\PSoC4/cyfitter_cfg.c ****     #define CYPACKED_ATTR 
  49:Generated_Source\PSoC4/cyfitter_cfg.c ****     #define CYALIGNED _Pragma("data_alignment=4")
  50:Generated_Source\PSoC4/cyfitter_cfg.c ****     #define CY_CFG_UNUSED _Pragma("diag_suppress=Pe177")
  51:Generated_Source\PSoC4/cyfitter_cfg.c ****     #define CY_CFG_SECTION _Pragma("location=\".psocinit\"")
  52:Generated_Source\PSoC4/cyfitter_cfg.c ****     
  53:Generated_Source\PSoC4/cyfitter_cfg.c ****     #define CY_CFG_MEMORY_BARRIER() __DMB()
  54:Generated_Source\PSoC4/cyfitter_cfg.c ****     
  55:Generated_Source\PSoC4/cyfitter_cfg.c **** #else
  56:Generated_Source\PSoC4/cyfitter_cfg.c ****     #error Unsupported toolchain
  57:Generated_Source\PSoC4/cyfitter_cfg.c **** #endif
  58:Generated_Source\PSoC4/cyfitter_cfg.c **** 
  59:Generated_Source\PSoC4/cyfitter_cfg.c **** #ifndef CYCODE
  60:Generated_Source\PSoC4/cyfitter_cfg.c ****     #define CYCODE
  61:Generated_Source\PSoC4/cyfitter_cfg.c **** #endif
  62:Generated_Source\PSoC4/cyfitter_cfg.c **** #ifndef CYDATA
  63:Generated_Source\PSoC4/cyfitter_cfg.c ****     #define CYDATA
  64:Generated_Source\PSoC4/cyfitter_cfg.c **** #endif
  65:Generated_Source\PSoC4/cyfitter_cfg.c **** #ifndef CYFAR
  66:Generated_Source\PSoC4/cyfitter_cfg.c ****     #define CYFAR
  67:Generated_Source\PSoC4/cyfitter_cfg.c **** #endif
  68:Generated_Source\PSoC4/cyfitter_cfg.c **** #ifndef CYXDATA
  69:Generated_Source\PSoC4/cyfitter_cfg.c ****     #define CYXDATA
  70:Generated_Source\PSoC4/cyfitter_cfg.c **** #endif
  71:Generated_Source\PSoC4/cyfitter_cfg.c **** 
  72:Generated_Source\PSoC4/cyfitter_cfg.c **** 
  73:Generated_Source\PSoC4/cyfitter_cfg.c **** CY_CFG_UNUSED
  74:Generated_Source\PSoC4/cyfitter_cfg.c **** static void CYMEMZERO(void *s, size_t n);
  75:Generated_Source\PSoC4/cyfitter_cfg.c **** CY_CFG_UNUSED
  76:Generated_Source\PSoC4/cyfitter_cfg.c **** static void CYMEMZERO(void *s, size_t n)
  77:Generated_Source\PSoC4/cyfitter_cfg.c **** {
  78:Generated_Source\PSoC4/cyfitter_cfg.c **** 	(void)memset(s, 0, n);
  79:Generated_Source\PSoC4/cyfitter_cfg.c **** }
  80:Generated_Source\PSoC4/cyfitter_cfg.c **** CY_CFG_UNUSED
  81:Generated_Source\PSoC4/cyfitter_cfg.c **** static void CYCONFIGCPY(void *dest, const void *src, size_t n);
  82:Generated_Source\PSoC4/cyfitter_cfg.c **** CY_CFG_UNUSED
  83:Generated_Source\PSoC4/cyfitter_cfg.c **** static void CYCONFIGCPY(void *dest, const void *src, size_t n)
  84:Generated_Source\PSoC4/cyfitter_cfg.c **** {
  85:Generated_Source\PSoC4/cyfitter_cfg.c **** 	(void)memcpy(dest, src, n);
  86:Generated_Source\PSoC4/cyfitter_cfg.c **** }
  87:Generated_Source\PSoC4/cyfitter_cfg.c **** CY_CFG_UNUSED
  88:Generated_Source\PSoC4/cyfitter_cfg.c **** static void CYCONFIGCPYCODE(void *dest, const void *src, size_t n);
ARM GAS  C:\Users\amant\AppData\Local\Temp\cc3CQzKH.s 			page 3


  89:Generated_Source\PSoC4/cyfitter_cfg.c **** CY_CFG_UNUSED
  90:Generated_Source\PSoC4/cyfitter_cfg.c **** static void CYCONFIGCPYCODE(void *dest, const void *src, size_t n)
  91:Generated_Source\PSoC4/cyfitter_cfg.c **** {
  92:Generated_Source\PSoC4/cyfitter_cfg.c **** 	(void)memcpy(dest, src, n);
  93:Generated_Source\PSoC4/cyfitter_cfg.c **** }
  94:Generated_Source\PSoC4/cyfitter_cfg.c **** 
  95:Generated_Source\PSoC4/cyfitter_cfg.c **** 
  96:Generated_Source\PSoC4/cyfitter_cfg.c **** 
  97:Generated_Source\PSoC4/cyfitter_cfg.c **** 
  98:Generated_Source\PSoC4/cyfitter_cfg.c **** /* Clock startup error codes                                                   */
  99:Generated_Source\PSoC4/cyfitter_cfg.c **** #define CYCLOCKSTART_NO_ERROR    0u
 100:Generated_Source\PSoC4/cyfitter_cfg.c **** #define CYCLOCKSTART_XTAL_ERROR  1u
 101:Generated_Source\PSoC4/cyfitter_cfg.c **** #define CYCLOCKSTART_32KHZ_ERROR 2u
 102:Generated_Source\PSoC4/cyfitter_cfg.c **** #define CYCLOCKSTART_PLL_ERROR   3u
 103:Generated_Source\PSoC4/cyfitter_cfg.c **** #define CYCLOCKSTART_FLL_ERROR   4u
 104:Generated_Source\PSoC4/cyfitter_cfg.c **** #define CYCLOCKSTART_WCO_ERROR   5u
 105:Generated_Source\PSoC4/cyfitter_cfg.c **** 
 106:Generated_Source\PSoC4/cyfitter_cfg.c **** 
 107:Generated_Source\PSoC4/cyfitter_cfg.c **** #ifdef CY_NEED_CYCLOCKSTARTUPERROR
 108:Generated_Source\PSoC4/cyfitter_cfg.c **** /*******************************************************************************
 109:Generated_Source\PSoC4/cyfitter_cfg.c **** * Function Name: CyClockStartupError
 110:Generated_Source\PSoC4/cyfitter_cfg.c **** ********************************************************************************
 111:Generated_Source\PSoC4/cyfitter_cfg.c **** * Summary:
 112:Generated_Source\PSoC4/cyfitter_cfg.c **** *  If an error is encountered during clock configuration (crystal startup error,
 113:Generated_Source\PSoC4/cyfitter_cfg.c **** *  PLL lock error, etc.), the system will end up here.  Unless reimplemented by
 114:Generated_Source\PSoC4/cyfitter_cfg.c **** *  the customer, this function will stop in an infinite loop.
 115:Generated_Source\PSoC4/cyfitter_cfg.c **** *
 116:Generated_Source\PSoC4/cyfitter_cfg.c **** * Parameters:
 117:Generated_Source\PSoC4/cyfitter_cfg.c **** *   void
 118:Generated_Source\PSoC4/cyfitter_cfg.c **** *
 119:Generated_Source\PSoC4/cyfitter_cfg.c **** * Return:
 120:Generated_Source\PSoC4/cyfitter_cfg.c **** *   void
 121:Generated_Source\PSoC4/cyfitter_cfg.c **** *
 122:Generated_Source\PSoC4/cyfitter_cfg.c **** *******************************************************************************/
 123:Generated_Source\PSoC4/cyfitter_cfg.c **** CY_CFG_UNUSED
 124:Generated_Source\PSoC4/cyfitter_cfg.c **** static void CyClockStartupError(uint8 errorCode);
 125:Generated_Source\PSoC4/cyfitter_cfg.c **** CY_CFG_UNUSED
 126:Generated_Source\PSoC4/cyfitter_cfg.c **** static void CyClockStartupError(uint8 errorCode)
 127:Generated_Source\PSoC4/cyfitter_cfg.c **** {
 128:Generated_Source\PSoC4/cyfitter_cfg.c ****     /* To remove the compiler warning if errorCode not used.                */
 129:Generated_Source\PSoC4/cyfitter_cfg.c ****     errorCode = errorCode;
 130:Generated_Source\PSoC4/cyfitter_cfg.c **** 
 131:Generated_Source\PSoC4/cyfitter_cfg.c ****     /* If we have a clock startup error (bad MHz crystal, PLL lock, etc.),  */
 132:Generated_Source\PSoC4/cyfitter_cfg.c ****     /* we will end up here to allow the customer to implement something to  */
 133:Generated_Source\PSoC4/cyfitter_cfg.c ****     /* deal with the clock condition.                                       */
 134:Generated_Source\PSoC4/cyfitter_cfg.c **** 
 135:Generated_Source\PSoC4/cyfitter_cfg.c **** #ifdef CY_CFG_CLOCK_STARTUP_ERROR_CALLBACK
 136:Generated_Source\PSoC4/cyfitter_cfg.c ****     CY_CFG_Clock_Startup_ErrorCallback();
 137:Generated_Source\PSoC4/cyfitter_cfg.c **** #else
 138:Generated_Source\PSoC4/cyfitter_cfg.c ****     /*  If not using CY_CFG_CLOCK_STARTUP_ERROR_CALLBACK, place your clock startup code here. */
 139:Generated_Source\PSoC4/cyfitter_cfg.c ****     /* `#START CyClockStartupError` */
 140:Generated_Source\PSoC4/cyfitter_cfg.c **** 
 141:Generated_Source\PSoC4/cyfitter_cfg.c **** 
 142:Generated_Source\PSoC4/cyfitter_cfg.c **** 
 143:Generated_Source\PSoC4/cyfitter_cfg.c ****     /* `#END` */
 144:Generated_Source\PSoC4/cyfitter_cfg.c **** 
 145:Generated_Source\PSoC4/cyfitter_cfg.c ****     while(1) {}
ARM GAS  C:\Users\amant\AppData\Local\Temp\cc3CQzKH.s 			page 4


 146:Generated_Source\PSoC4/cyfitter_cfg.c **** #endif /* CY_CFG_CLOCK_STARTUP_ERROR_CALLBACK */
 147:Generated_Source\PSoC4/cyfitter_cfg.c **** }
 148:Generated_Source\PSoC4/cyfitter_cfg.c **** #endif
 149:Generated_Source\PSoC4/cyfitter_cfg.c **** 
 150:Generated_Source\PSoC4/cyfitter_cfg.c **** #define CY_CFG_BASE_ADDR_COUNT 2u
 151:Generated_Source\PSoC4/cyfitter_cfg.c **** CYPACKED typedef struct
 152:Generated_Source\PSoC4/cyfitter_cfg.c **** {
 153:Generated_Source\PSoC4/cyfitter_cfg.c **** 	uint8 offset;
 154:Generated_Source\PSoC4/cyfitter_cfg.c **** 	uint8 value;
 155:Generated_Source\PSoC4/cyfitter_cfg.c **** } CYPACKED_ATTR cy_cfg_addrvalue_t;
 156:Generated_Source\PSoC4/cyfitter_cfg.c **** 
 157:Generated_Source\PSoC4/cyfitter_cfg.c **** 
 158:Generated_Source\PSoC4/cyfitter_cfg.c **** 
 159:Generated_Source\PSoC4/cyfitter_cfg.c **** /*******************************************************************************
 160:Generated_Source\PSoC4/cyfitter_cfg.c **** * Function Name: cfg_write_bytes32
 161:Generated_Source\PSoC4/cyfitter_cfg.c **** ********************************************************************************
 162:Generated_Source\PSoC4/cyfitter_cfg.c **** * Summary:
 163:Generated_Source\PSoC4/cyfitter_cfg.c **** *  This function is used for setting up the chip configuration areas that
 164:Generated_Source\PSoC4/cyfitter_cfg.c **** *  contain relatively sparse data.
 165:Generated_Source\PSoC4/cyfitter_cfg.c **** *
 166:Generated_Source\PSoC4/cyfitter_cfg.c **** * Parameters:
 167:Generated_Source\PSoC4/cyfitter_cfg.c **** *   void
 168:Generated_Source\PSoC4/cyfitter_cfg.c **** *
 169:Generated_Source\PSoC4/cyfitter_cfg.c **** * Return:
 170:Generated_Source\PSoC4/cyfitter_cfg.c **** *   void
 171:Generated_Source\PSoC4/cyfitter_cfg.c **** *
 172:Generated_Source\PSoC4/cyfitter_cfg.c **** *******************************************************************************/
 173:Generated_Source\PSoC4/cyfitter_cfg.c **** static void cfg_write_bytes32(const uint32 addr_table[], const cy_cfg_addrvalue_t data_table[]);
 174:Generated_Source\PSoC4/cyfitter_cfg.c **** static void cfg_write_bytes32(const uint32 addr_table[], const cy_cfg_addrvalue_t data_table[])
 175:Generated_Source\PSoC4/cyfitter_cfg.c **** {
  27              		.loc 1 175 0
  28              		.cfi_startproc
  29              		@ args = 0, pretend = 0, frame = 0
  30              		@ frame_needed = 0, uses_anonymous_args = 0
  31              	.LVL0:
  32 0000 F0B5     		push	{r4, r5, r6, r7, lr}
  33              		.cfi_def_cfa_offset 20
  34              		.cfi_offset 4, -20
  35              		.cfi_offset 5, -16
  36              		.cfi_offset 6, -12
  37              		.cfi_offset 7, -8
  38              		.cfi_offset 14, -4
  39              	.LVL1:
 176:Generated_Source\PSoC4/cyfitter_cfg.c **** 	/* For 32-bit little-endian architectures */
 177:Generated_Source\PSoC4/cyfitter_cfg.c **** 	uint32 i, j = 0u;
  40              		.loc 1 177 0
  41 0002 0025     		movs	r5, #0
 178:Generated_Source\PSoC4/cyfitter_cfg.c **** 	for (i = 0u; i < CY_CFG_BASE_ADDR_COUNT; i++)
  42              		.loc 1 178 0
  43 0004 0027     		movs	r7, #0
  44 0006 11E0     		b	.L2
  45              	.LVL2:
  46              	.L5:
  47              	.LBB2:
 179:Generated_Source\PSoC4/cyfitter_cfg.c **** 	{
 180:Generated_Source\PSoC4/cyfitter_cfg.c **** 		uint32 baseAddr = addr_table[i];
  48              		.loc 1 180 0
ARM GAS  C:\Users\amant\AppData\Local\Temp\cc3CQzKH.s 			page 5


  49 0008 BB00     		lsls	r3, r7, #2
  50 000a C658     		ldr	r6, [r0, r3]
  51              	.LVL3:
 181:Generated_Source\PSoC4/cyfitter_cfg.c **** 		uint8 count = (uint8)baseAddr;
  52              		.loc 1 181 0
  53 000c F3B2     		uxtb	r3, r6
  54              	.LVL4:
 182:Generated_Source\PSoC4/cyfitter_cfg.c **** 		baseAddr &= 0xFFFFFF00u;
  55              		.loc 1 182 0
  56 000e FF22     		movs	r2, #255
  57 0010 9643     		bics	r6, r2
  58              	.LVL5:
 183:Generated_Source\PSoC4/cyfitter_cfg.c **** 		while (count != 0u)
  59              		.loc 1 183 0
  60 0012 08E0     		b	.L3
  61              	.L4:
 184:Generated_Source\PSoC4/cyfitter_cfg.c **** 		{
 185:Generated_Source\PSoC4/cyfitter_cfg.c **** 			CY_SET_REG8((void *)(baseAddr + data_table[j].offset), data_table[j].value);
  62              		.loc 1 185 0
  63 0014 6A00     		lsls	r2, r5, #1
  64 0016 8A18     		adds	r2, r1, r2
  65 0018 1478     		ldrb	r4, [r2]
  66 001a A419     		adds	r4, r4, r6
  67 001c 5278     		ldrb	r2, [r2, #1]
  68 001e 2270     		strb	r2, [r4]
 186:Generated_Source\PSoC4/cyfitter_cfg.c **** 			j++;
  69              		.loc 1 186 0
  70 0020 0135     		adds	r5, r5, #1
  71              	.LVL6:
 187:Generated_Source\PSoC4/cyfitter_cfg.c **** 			count--;
  72              		.loc 1 187 0
  73 0022 013B     		subs	r3, r3, #1
  74              	.LVL7:
  75 0024 DBB2     		uxtb	r3, r3
  76              	.LVL8:
  77              	.L3:
 183:Generated_Source\PSoC4/cyfitter_cfg.c **** 		{
  78              		.loc 1 183 0
  79 0026 002B     		cmp	r3, #0
  80 0028 F4D1     		bne	.L4
  81              	.LBE2:
 178:Generated_Source\PSoC4/cyfitter_cfg.c **** 	{
  82              		.loc 1 178 0 discriminator 2
  83 002a 0137     		adds	r7, r7, #1
  84              	.LVL9:
  85              	.L2:
 178:Generated_Source\PSoC4/cyfitter_cfg.c **** 	{
  86              		.loc 1 178 0 is_stmt 0 discriminator 1
  87 002c 012F     		cmp	r7, #1
  88 002e EBD9     		bls	.L5
 188:Generated_Source\PSoC4/cyfitter_cfg.c **** 		}
 189:Generated_Source\PSoC4/cyfitter_cfg.c **** 	}
 190:Generated_Source\PSoC4/cyfitter_cfg.c **** }
  89              		.loc 1 190 0 is_stmt 1
  90              		@ sp needed
  91              	.LVL10:
  92              	.LVL11:
ARM GAS  C:\Users\amant\AppData\Local\Temp\cc3CQzKH.s 			page 6


  93 0030 F0BD     		pop	{r4, r5, r6, r7, pc}
  94              		.cfi_endproc
  95              	.LFE3:
  96              		.size	cfg_write_bytes32, .-cfg_write_bytes32
  97 0032 C046     		.section	.text.CYMEMZERO,"ax",%progbits
  98              		.align	2
  99              		.code	16
 100              		.thumb_func
 101              		.type	CYMEMZERO, %function
 102              	CYMEMZERO:
 103              	.LFB0:
  77:Generated_Source\PSoC4/cyfitter_cfg.c **** 	(void)memset(s, 0, n);
 104              		.loc 1 77 0
 105              		.cfi_startproc
 106              		@ args = 0, pretend = 0, frame = 0
 107              		@ frame_needed = 0, uses_anonymous_args = 0
 108              	.LVL12:
 109 0000 10B5     		push	{r4, lr}
 110              		.cfi_def_cfa_offset 8
 111              		.cfi_offset 4, -8
 112              		.cfi_offset 14, -4
 113 0002 0A00     		movs	r2, r1
  78:Generated_Source\PSoC4/cyfitter_cfg.c **** }
 114              		.loc 1 78 0
 115 0004 0021     		movs	r1, #0
 116              	.LVL13:
 117 0006 FFF7FEFF 		bl	memset
 118              	.LVL14:
  79:Generated_Source\PSoC4/cyfitter_cfg.c **** CY_CFG_UNUSED
 119              		.loc 1 79 0
 120              		@ sp needed
 121 000a 10BD     		pop	{r4, pc}
 122              		.cfi_endproc
 123              	.LFE0:
 124              		.size	CYMEMZERO, .-CYMEMZERO
 125              		.section	.psocinit,"ax",%progbits
 126              		.align	2
 127              		.code	16
 128              		.thumb_func
 129              		.type	ClockSetup, %function
 130              	ClockSetup:
 131              	.LFB4:
 191:Generated_Source\PSoC4/cyfitter_cfg.c **** 
 192:Generated_Source\PSoC4/cyfitter_cfg.c **** 
 193:Generated_Source\PSoC4/cyfitter_cfg.c **** /*******************************************************************************
 194:Generated_Source\PSoC4/cyfitter_cfg.c **** * Function Name: ClockSetup
 195:Generated_Source\PSoC4/cyfitter_cfg.c **** ********************************************************************************
 196:Generated_Source\PSoC4/cyfitter_cfg.c **** *
 197:Generated_Source\PSoC4/cyfitter_cfg.c **** * Summary:
 198:Generated_Source\PSoC4/cyfitter_cfg.c **** *   Performs the initialization of all of the clocks in the device based on the
 199:Generated_Source\PSoC4/cyfitter_cfg.c **** *   settings in the Clock tab of the DWR.  This includes enabling the requested
 200:Generated_Source\PSoC4/cyfitter_cfg.c **** *   clocks and setting the necessary dividers to produce the desired frequency. 
 201:Generated_Source\PSoC4/cyfitter_cfg.c **** *
 202:Generated_Source\PSoC4/cyfitter_cfg.c **** * Parameters:
 203:Generated_Source\PSoC4/cyfitter_cfg.c **** *   void
 204:Generated_Source\PSoC4/cyfitter_cfg.c **** *
 205:Generated_Source\PSoC4/cyfitter_cfg.c **** * Return:
ARM GAS  C:\Users\amant\AppData\Local\Temp\cc3CQzKH.s 			page 7


 206:Generated_Source\PSoC4/cyfitter_cfg.c **** *   void
 207:Generated_Source\PSoC4/cyfitter_cfg.c **** *
 208:Generated_Source\PSoC4/cyfitter_cfg.c **** *******************************************************************************/
 209:Generated_Source\PSoC4/cyfitter_cfg.c **** static void ClockSetup(void);
 210:Generated_Source\PSoC4/cyfitter_cfg.c **** CY_CFG_SECTION
 211:Generated_Source\PSoC4/cyfitter_cfg.c **** static void ClockSetup(void)
 212:Generated_Source\PSoC4/cyfitter_cfg.c **** {
 132              		.loc 1 212 0
 133              		.cfi_startproc
 134              		@ args = 0, pretend = 0, frame = 0
 135              		@ frame_needed = 0, uses_anonymous_args = 0
 136 0000 70B5     		push	{r4, r5, r6, lr}
 137              		.cfi_def_cfa_offset 16
 138              		.cfi_offset 4, -16
 139              		.cfi_offset 5, -12
 140              		.cfi_offset 6, -8
 141              		.cfi_offset 14, -4
 213:Generated_Source\PSoC4/cyfitter_cfg.c **** 	/* Enable HALF_EN before trimming for the flash accelerator. */
 214:Generated_Source\PSoC4/cyfitter_cfg.c **** 	CY_SET_REG32((void CYXDATA *)(CYREG_CLK_SELECT), (CY_GET_REG32((void *)CYREG_CLK_SELECT) | 0x00040
 142              		.loc 1 214 0
 143 0002 174C     		ldr	r4, .L8
 144 0004 2368     		ldr	r3, [r4]
 145 0006 8022     		movs	r2, #128
 146 0008 D202     		lsls	r2, r2, #11
 147 000a 1343     		orrs	r3, r2
 148 000c 2360     		str	r3, [r4]
 215:Generated_Source\PSoC4/cyfitter_cfg.c **** 
 216:Generated_Source\PSoC4/cyfitter_cfg.c **** 	/* Setup and trim IMO based on desired frequency. */
 217:Generated_Source\PSoC4/cyfitter_cfg.c **** 	CySysClkWriteImoFreq(24u);
 149              		.loc 1 217 0
 150 000e 1820     		movs	r0, #24
 151 0010 FFF7FEFF 		bl	CySysClkWriteImoFreq
 152              	.LVL15:
 218:Generated_Source\PSoC4/cyfitter_cfg.c **** 
 219:Generated_Source\PSoC4/cyfitter_cfg.c **** 	/* Disable HALF_EN since it is not required at this IMO frequency. */
 220:Generated_Source\PSoC4/cyfitter_cfg.c **** 	CY_SET_REG32((void CYXDATA *)(CYREG_CLK_SELECT), (CY_GET_REG32((void *)CYREG_CLK_SELECT) & 0xFFFBF
 153              		.loc 1 220 0
 154 0014 2268     		ldr	r2, [r4]
 155 0016 134B     		ldr	r3, .L8+4
 156 0018 1340     		ands	r3, r2
 157 001a 2360     		str	r3, [r4]
 221:Generated_Source\PSoC4/cyfitter_cfg.c **** 	/* CYDEV_CLK_ILO_CONFIG Starting address: CYDEV_CLK_ILO_CONFIG */
 222:Generated_Source\PSoC4/cyfitter_cfg.c **** 	CY_SET_REG32((void *)(CYREG_CLK_ILO_CONFIG), 0x80000006u);
 158              		.loc 1 222 0
 159 001c 124A     		ldr	r2, .L8+8
 160 001e 134B     		ldr	r3, .L8+12
 161 0020 1A60     		str	r2, [r3]
 223:Generated_Source\PSoC4/cyfitter_cfg.c **** 
 224:Generated_Source\PSoC4/cyfitter_cfg.c **** 
 225:Generated_Source\PSoC4/cyfitter_cfg.c **** 	/* CYDEV_CLK_SELECT00 Starting address: CYDEV_CLK_SELECT00 */
 226:Generated_Source\PSoC4/cyfitter_cfg.c **** 	CY_SET_REG32((void *)(CYREG_CLK_SELECT02), 0x00000020u);
 162              		.loc 1 226 0
 163 0022 2022     		movs	r2, #32
 164 0024 124B     		ldr	r3, .L8+16
 165 0026 1A60     		str	r2, [r3]
 227:Generated_Source\PSoC4/cyfitter_cfg.c **** 	CY_SET_REG32((void *)(CYREG_CLK_SELECT08), 0x00000010u);
 166              		.loc 1 227 0
ARM GAS  C:\Users\amant\AppData\Local\Temp\cc3CQzKH.s 			page 8


 167 0028 1023     		movs	r3, #16
 168 002a 124A     		ldr	r2, .L8+20
 169 002c 1360     		str	r3, [r2]
 228:Generated_Source\PSoC4/cyfitter_cfg.c **** 	CY_SET_REG32((void *)(CYREG_CLK_SELECT09), 0x00000010u);
 170              		.loc 1 228 0
 171 002e 124A     		ldr	r2, .L8+24
 172 0030 1360     		str	r3, [r2]
 229:Generated_Source\PSoC4/cyfitter_cfg.c **** 
 230:Generated_Source\PSoC4/cyfitter_cfg.c **** 	/* CYDEV_CLK_IMO_CONFIG Starting address: CYDEV_CLK_IMO_CONFIG */
 231:Generated_Source\PSoC4/cyfitter_cfg.c **** 	CY_SET_REG32((void *)(CYREG_CLK_IMO_CONFIG), 0x80000000u);
 173              		.loc 1 231 0
 174 0032 8022     		movs	r2, #128
 175 0034 1206     		lsls	r2, r2, #24
 176 0036 114B     		ldr	r3, .L8+28
 177 0038 1A60     		str	r2, [r3]
 232:Generated_Source\PSoC4/cyfitter_cfg.c **** 
 233:Generated_Source\PSoC4/cyfitter_cfg.c **** 	/* CYDEV_CLK_SELECT Starting address: CYDEV_CLK_SELECT */
 234:Generated_Source\PSoC4/cyfitter_cfg.c **** 	CY_SET_REG32((void *)(CYREG_CLK_SELECT), 0x00000000u);
 178              		.loc 1 234 0
 179 003a 0025     		movs	r5, #0
 180 003c 2560     		str	r5, [r4]
 235:Generated_Source\PSoC4/cyfitter_cfg.c **** 
 236:Generated_Source\PSoC4/cyfitter_cfg.c **** 	/* CYDEV_CLK_DIVIDER_A00 Starting address: CYDEV_CLK_DIVIDER_A00 */
 237:Generated_Source\PSoC4/cyfitter_cfg.c **** 	CY_SET_REG32((void *)(CYREG_CLK_DIVIDER_A00), 0x80000001u);
 181              		.loc 1 237 0
 182 003e 104A     		ldr	r2, .L8+32
 183 0040 104B     		ldr	r3, .L8+36
 184 0042 1A60     		str	r2, [r3]
 238:Generated_Source\PSoC4/cyfitter_cfg.c **** 
 239:Generated_Source\PSoC4/cyfitter_cfg.c **** 	/* CYDEV_CLK_DIVIDER_B00 Starting address: CYDEV_CLK_DIVIDER_B00 */
 240:Generated_Source\PSoC4/cyfitter_cfg.c **** 	CY_SET_REG32((void *)(CYREG_CLK_DIVIDER_B00), 0x8000000Eu);
 185              		.loc 1 240 0
 186 0044 104A     		ldr	r2, .L8+40
 187 0046 114B     		ldr	r3, .L8+44
 188 0048 1A60     		str	r2, [r3]
 241:Generated_Source\PSoC4/cyfitter_cfg.c **** 
 242:Generated_Source\PSoC4/cyfitter_cfg.c **** 	(void)CyIntSetVector(9u, &CySysWdtIsr);
 189              		.loc 1 242 0
 190 004a 1149     		ldr	r1, .L8+48
 191 004c 0920     		movs	r0, #9
 192 004e FFF7FEFF 		bl	CyIntSetVector
 193              	.LVL16:
 243:Generated_Source\PSoC4/cyfitter_cfg.c **** 	CyIntEnable(9u);
 194              		.loc 1 243 0
 195 0052 0920     		movs	r0, #9
 196 0054 FFF7FEFF 		bl	CyIntEnable
 197              	.LVL17:
 244:Generated_Source\PSoC4/cyfitter_cfg.c **** 	CY_SET_REG32((void *)(CYREG_WDT_CONFIG), 0x00000000u);
 198              		.loc 1 244 0
 199 0058 0E4B     		ldr	r3, .L8+52
 200 005a 1D60     		str	r5, [r3]
 245:Generated_Source\PSoC4/cyfitter_cfg.c **** }
 201              		.loc 1 245 0
 202              		@ sp needed
 203 005c 70BD     		pop	{r4, r5, r6, pc}
 204              	.L9:
 205 005e C046     		.align	2
ARM GAS  C:\Users\amant\AppData\Local\Temp\cc3CQzKH.s 			page 9


 206              	.L8:
 207 0060 00010B40 		.word	1074462976
 208 0064 FFFFFBFF 		.word	-262145
 209 0068 06000080 		.word	-2147483642
 210 006c 04010B40 		.word	1074462980
 211 0070 08020240 		.word	1073873416
 212 0074 20020240 		.word	1073873440
 213 0078 24020240 		.word	1073873444
 214 007c 08010B40 		.word	1074462984
 215 0080 01000080 		.word	-2147483647
 216 0084 00000240 		.word	1073872896
 217 0088 0E000080 		.word	-2147483634
 218 008c 40000240 		.word	1073872960
 219 0090 00000000 		.word	CySysWdtIsr
 220 0094 0C020B40 		.word	1074463244
 221              		.cfi_endproc
 222              	.LFE4:
 223              		.size	ClockSetup, .-ClockSetup
 224              		.align	2
 225              		.global	cyfitter_cfg
 226              		.code	16
 227              		.thumb_func
 228              		.type	cyfitter_cfg, %function
 229              	cyfitter_cfg:
 230              	.LFB6:
 246:Generated_Source\PSoC4/cyfitter_cfg.c **** 
 247:Generated_Source\PSoC4/cyfitter_cfg.c **** 
 248:Generated_Source\PSoC4/cyfitter_cfg.c **** /* Analog API Functions */
 249:Generated_Source\PSoC4/cyfitter_cfg.c **** 
 250:Generated_Source\PSoC4/cyfitter_cfg.c **** 
 251:Generated_Source\PSoC4/cyfitter_cfg.c **** /*******************************************************************************
 252:Generated_Source\PSoC4/cyfitter_cfg.c **** * Function Name: AnalogSetDefault
 253:Generated_Source\PSoC4/cyfitter_cfg.c **** ********************************************************************************
 254:Generated_Source\PSoC4/cyfitter_cfg.c **** *
 255:Generated_Source\PSoC4/cyfitter_cfg.c **** * Summary:
 256:Generated_Source\PSoC4/cyfitter_cfg.c **** *  Sets up the analog portions of the chip to default values based on chip
 257:Generated_Source\PSoC4/cyfitter_cfg.c **** *  configuration options from the project.
 258:Generated_Source\PSoC4/cyfitter_cfg.c **** *
 259:Generated_Source\PSoC4/cyfitter_cfg.c **** * Parameters:
 260:Generated_Source\PSoC4/cyfitter_cfg.c **** *  void
 261:Generated_Source\PSoC4/cyfitter_cfg.c **** *
 262:Generated_Source\PSoC4/cyfitter_cfg.c **** * Return:
 263:Generated_Source\PSoC4/cyfitter_cfg.c **** *  void
 264:Generated_Source\PSoC4/cyfitter_cfg.c **** *
 265:Generated_Source\PSoC4/cyfitter_cfg.c **** *******************************************************************************/
 266:Generated_Source\PSoC4/cyfitter_cfg.c **** static void AnalogSetDefault(void);
 267:Generated_Source\PSoC4/cyfitter_cfg.c **** static void AnalogSetDefault(void)
 268:Generated_Source\PSoC4/cyfitter_cfg.c **** {
 269:Generated_Source\PSoC4/cyfitter_cfg.c **** }
 270:Generated_Source\PSoC4/cyfitter_cfg.c **** 
 271:Generated_Source\PSoC4/cyfitter_cfg.c **** 
 272:Generated_Source\PSoC4/cyfitter_cfg.c **** 
 273:Generated_Source\PSoC4/cyfitter_cfg.c **** 
 274:Generated_Source\PSoC4/cyfitter_cfg.c **** /*******************************************************************************
 275:Generated_Source\PSoC4/cyfitter_cfg.c **** * Function Name: cyfitter_cfg
 276:Generated_Source\PSoC4/cyfitter_cfg.c **** ********************************************************************************
 277:Generated_Source\PSoC4/cyfitter_cfg.c **** * Summary:
ARM GAS  C:\Users\amant\AppData\Local\Temp\cc3CQzKH.s 			page 10


 278:Generated_Source\PSoC4/cyfitter_cfg.c **** *  This function is called by the start-up code for the selected device. It
 279:Generated_Source\PSoC4/cyfitter_cfg.c **** *  performs all of the necessary device configuration based on the design
 280:Generated_Source\PSoC4/cyfitter_cfg.c **** *  settings.  This includes settings from the Design Wide Resources (DWR) such
 281:Generated_Source\PSoC4/cyfitter_cfg.c **** *  as Clocks and Pins as well as any component configuration that is necessary.
 282:Generated_Source\PSoC4/cyfitter_cfg.c **** *
 283:Generated_Source\PSoC4/cyfitter_cfg.c **** * Parameters:
 284:Generated_Source\PSoC4/cyfitter_cfg.c **** *   void
 285:Generated_Source\PSoC4/cyfitter_cfg.c **** *
 286:Generated_Source\PSoC4/cyfitter_cfg.c **** * Return:
 287:Generated_Source\PSoC4/cyfitter_cfg.c **** *   void
 288:Generated_Source\PSoC4/cyfitter_cfg.c **** *
 289:Generated_Source\PSoC4/cyfitter_cfg.c **** *******************************************************************************/
 290:Generated_Source\PSoC4/cyfitter_cfg.c **** CY_CFG_SECTION
 291:Generated_Source\PSoC4/cyfitter_cfg.c **** void cyfitter_cfg(void)
 292:Generated_Source\PSoC4/cyfitter_cfg.c **** {
 231              		.loc 1 292 0
 232              		.cfi_startproc
 233              		@ args = 0, pretend = 0, frame = 0
 234              		@ frame_needed = 0, uses_anonymous_args = 0
 235 0098 10B5     		push	{r4, lr}
 236              		.cfi_def_cfa_offset 8
 237              		.cfi_offset 4, -8
 238              		.cfi_offset 14, -4
 293:Generated_Source\PSoC4/cyfitter_cfg.c **** 	/* Disable interrupts by default. Let user enable if/when they want. */
 294:Generated_Source\PSoC4/cyfitter_cfg.c **** 	CyGlobalIntDisable;
 239              		.loc 1 294 0
 240              		.syntax divided
 241              	@ 294 "Generated_Source\PSoC4\cyfitter_cfg.c" 1
 242 009a 72B6     		CPSID   i
 243              	@ 0 "" 2
 244              	.LVL18:
 245              		.thumb
 246              		.syntax unified
 247              	.LBB3:
 295:Generated_Source\PSoC4/cyfitter_cfg.c **** 
 296:Generated_Source\PSoC4/cyfitter_cfg.c **** 	{
 297:Generated_Source\PSoC4/cyfitter_cfg.c **** 		static const uint32 CYCODE cy_cfg_addr_table[] = {
 298:Generated_Source\PSoC4/cyfitter_cfg.c **** 			0x400F4202u, /* Base address: 0x400F4200 Count: 2 */
 299:Generated_Source\PSoC4/cyfitter_cfg.c **** 			0x400F4303u, /* Base address: 0x400F4300 Count: 3 */
 300:Generated_Source\PSoC4/cyfitter_cfg.c **** 		};
 301:Generated_Source\PSoC4/cyfitter_cfg.c **** 
 302:Generated_Source\PSoC4/cyfitter_cfg.c **** 		static const cy_cfg_addrvalue_t CYCODE cy_cfg_data_table[] = {
 303:Generated_Source\PSoC4/cyfitter_cfg.c **** 			{0x60u, 0x10u},
 304:Generated_Source\PSoC4/cyfitter_cfg.c **** 			{0xD8u, 0x02u},
 305:Generated_Source\PSoC4/cyfitter_cfg.c **** 			{0x18u, 0x10u},
 306:Generated_Source\PSoC4/cyfitter_cfg.c **** 			{0x94u, 0x10u},
 307:Generated_Source\PSoC4/cyfitter_cfg.c **** 			{0xC6u, 0x08u},
 308:Generated_Source\PSoC4/cyfitter_cfg.c **** 		};
 309:Generated_Source\PSoC4/cyfitter_cfg.c **** 
 310:Generated_Source\PSoC4/cyfitter_cfg.c **** 
 311:Generated_Source\PSoC4/cyfitter_cfg.c **** 
 312:Generated_Source\PSoC4/cyfitter_cfg.c **** 		CYPACKED typedef struct {
 313:Generated_Source\PSoC4/cyfitter_cfg.c **** 			void CYFAR *address;
 314:Generated_Source\PSoC4/cyfitter_cfg.c **** 			uint16 size;
 315:Generated_Source\PSoC4/cyfitter_cfg.c **** 		} CYPACKED_ATTR cfg_memset_t;
 316:Generated_Source\PSoC4/cyfitter_cfg.c **** 
 317:Generated_Source\PSoC4/cyfitter_cfg.c **** 		static const cfg_memset_t CYCODE cfg_memset_list[] = {
ARM GAS  C:\Users\amant\AppData\Local\Temp\cc3CQzKH.s 			page 11


 318:Generated_Source\PSoC4/cyfitter_cfg.c **** 			/* address, size */
 319:Generated_Source\PSoC4/cyfitter_cfg.c **** 			{(void CYFAR *)(CYDEV_UDB_P0_U0_BASE), 1024u},
 320:Generated_Source\PSoC4/cyfitter_cfg.c **** 			{(void CYFAR *)(CYDEV_UDB_DSI0_BASE), 1024u},
 321:Generated_Source\PSoC4/cyfitter_cfg.c **** 		};
 322:Generated_Source\PSoC4/cyfitter_cfg.c **** 
 323:Generated_Source\PSoC4/cyfitter_cfg.c **** 		uint8 CYDATA i;
 324:Generated_Source\PSoC4/cyfitter_cfg.c **** 
 325:Generated_Source\PSoC4/cyfitter_cfg.c **** 		/* Zero out critical memory blocks before beginning configuration */
 326:Generated_Source\PSoC4/cyfitter_cfg.c **** 		for (i = 0u; i < (sizeof(cfg_memset_list)/sizeof(cfg_memset_list[0])); i++)
 248              		.loc 1 326 0
 249 009c 0024     		movs	r4, #0
 250 009e 0FE0     		b	.L11
 251              	.LVL19:
 252              	.L12:
 253              	.LBB4:
 327:Generated_Source\PSoC4/cyfitter_cfg.c **** 		{
 328:Generated_Source\PSoC4/cyfitter_cfg.c **** 			const cfg_memset_t CYCODE * CYDATA ms = &cfg_memset_list[i];
 329:Generated_Source\PSoC4/cyfitter_cfg.c **** 			CYMEMZERO(ms->address, (size_t)(uint32)(ms->size));
 254              		.loc 1 329 0 discriminator 3
 255 00a0 2848     		ldr	r0, .L13
 256 00a2 6200     		lsls	r2, r4, #1
 257 00a4 1319     		adds	r3, r2, r4
 258 00a6 5900     		lsls	r1, r3, #1
 259 00a8 0B00     		movs	r3, r1
 260 00aa 4118     		adds	r1, r0, r1
 261 00ac 8988     		ldrh	r1, [r1, #4]
 262 00ae 1A5A     		ldrh	r2, [r3, r0]
 263 00b0 C318     		adds	r3, r0, r3
 264 00b2 5888     		ldrh	r0, [r3, #2]
 265 00b4 0004     		lsls	r0, r0, #16
 266 00b6 1043     		orrs	r0, r2
 267 00b8 FFF7FEFF 		bl	CYMEMZERO
 268              	.LVL20:
 269              	.LBE4:
 326:Generated_Source\PSoC4/cyfitter_cfg.c **** 		{
 270              		.loc 1 326 0 discriminator 3
 271 00bc 0134     		adds	r4, r4, #1
 272              	.LVL21:
 273 00be E4B2     		uxtb	r4, r4
 274              	.LVL22:
 275              	.L11:
 326:Generated_Source\PSoC4/cyfitter_cfg.c **** 		{
 276              		.loc 1 326 0 is_stmt 0 discriminator 1
 277 00c0 012C     		cmp	r4, #1
 278 00c2 EDD9     		bls	.L12
 330:Generated_Source\PSoC4/cyfitter_cfg.c **** 		}
 331:Generated_Source\PSoC4/cyfitter_cfg.c **** 
 332:Generated_Source\PSoC4/cyfitter_cfg.c **** 		cfg_write_bytes32(cy_cfg_addr_table, cy_cfg_data_table);
 279              		.loc 1 332 0 is_stmt 1
 280 00c4 1F48     		ldr	r0, .L13
 281 00c6 0100     		movs	r1, r0
 282 00c8 0C31     		adds	r1, r1, #12
 283 00ca 1830     		adds	r0, r0, #24
 284 00cc FFF7FEFF 		bl	cfg_write_bytes32
 285              	.LVL23:
 333:Generated_Source\PSoC4/cyfitter_cfg.c **** 
 334:Generated_Source\PSoC4/cyfitter_cfg.c **** 		/* HSIOM Starting address: CYDEV_HSIOM_BASE */
ARM GAS  C:\Users\amant\AppData\Local\Temp\cc3CQzKH.s 			page 12


 335:Generated_Source\PSoC4/cyfitter_cfg.c **** 		CY_SET_REG32((void *)(CYREG_HSIOM_PORT_SEL2), 0x38000000u);
 286              		.loc 1 335 0
 287 00d0 E022     		movs	r2, #224
 288 00d2 9205     		lsls	r2, r2, #22
 289 00d4 1C4B     		ldr	r3, .L13+4
 290 00d6 1A60     		str	r2, [r3]
 336:Generated_Source\PSoC4/cyfitter_cfg.c **** 		CY_SET_REG32((void *)(CYREG_HSIOM_PORT_SEL3), 0x0000EE00u);
 291              		.loc 1 336 0
 292 00d8 EE22     		movs	r2, #238
 293 00da 1202     		lsls	r2, r2, #8
 294 00dc 1B4B     		ldr	r3, .L13+8
 295 00de 1A60     		str	r2, [r3]
 337:Generated_Source\PSoC4/cyfitter_cfg.c **** 		CY_SET_REG32((void *)(CYREG_HSIOM_PORT_SEL4), 0x000000EEu);
 296              		.loc 1 337 0
 297 00e0 EE22     		movs	r2, #238
 298 00e2 1B4B     		ldr	r3, .L13+12
 299 00e4 1A60     		str	r2, [r3]
 338:Generated_Source\PSoC4/cyfitter_cfg.c **** 
 339:Generated_Source\PSoC4/cyfitter_cfg.c **** 		/* UDB_PA_0 Starting address: CYDEV_UDB_PA0_BASE */
 340:Generated_Source\PSoC4/cyfitter_cfg.c **** 		CY_SET_REG32((void *)(CYDEV_UDB_PA0_BASE), 0x00990000u);
 300              		.loc 1 340 0
 301 00e6 9923     		movs	r3, #153
 302 00e8 1B04     		lsls	r3, r3, #16
 303 00ea 1A4A     		ldr	r2, .L13+16
 304 00ec 1360     		str	r3, [r2]
 341:Generated_Source\PSoC4/cyfitter_cfg.c **** 
 342:Generated_Source\PSoC4/cyfitter_cfg.c **** 		/* UDB_PA_1 Starting address: CYDEV_UDB_PA1_BASE */
 343:Generated_Source\PSoC4/cyfitter_cfg.c **** 		CY_SET_REG32((void *)(CYDEV_UDB_PA1_BASE), 0x00990000u);
 305              		.loc 1 343 0
 306 00ee 1A4A     		ldr	r2, .L13+20
 307 00f0 1360     		str	r3, [r2]
 344:Generated_Source\PSoC4/cyfitter_cfg.c **** 
 345:Generated_Source\PSoC4/cyfitter_cfg.c **** 		/* UDB_PA_2 Starting address: CYDEV_UDB_PA2_BASE */
 346:Generated_Source\PSoC4/cyfitter_cfg.c **** 		CY_SET_REG32((void *)(CYDEV_UDB_PA2_BASE), 0x00990000u);
 308              		.loc 1 346 0
 309 00f2 1A4A     		ldr	r2, .L13+24
 310 00f4 1360     		str	r3, [r2]
 347:Generated_Source\PSoC4/cyfitter_cfg.c **** 		CY_SET_REG32((void *)(CYREG_UDB_PA2_CFG8), 0x80000000u);
 311              		.loc 1 347 0
 312 00f6 8021     		movs	r1, #128
 313 00f8 0906     		lsls	r1, r1, #24
 314 00fa 194A     		ldr	r2, .L13+28
 315 00fc 1160     		str	r1, [r2]
 348:Generated_Source\PSoC4/cyfitter_cfg.c **** 
 349:Generated_Source\PSoC4/cyfitter_cfg.c **** 		/* UDB_PA_3 Starting address: CYDEV_UDB_PA3_BASE */
 350:Generated_Source\PSoC4/cyfitter_cfg.c **** 		CY_SET_REG32((void *)(CYDEV_UDB_PA3_BASE), 0x00990000u);
 316              		.loc 1 350 0
 317 00fe 194A     		ldr	r2, .L13+32
 318 0100 1360     		str	r3, [r2]
 351:Generated_Source\PSoC4/cyfitter_cfg.c **** 
 352:Generated_Source\PSoC4/cyfitter_cfg.c **** 		/* Enable digital routing */
 353:Generated_Source\PSoC4/cyfitter_cfg.c **** 		CY_SET_XTND_REG8((void *)CYREG_UDB_UDBIF_BANK_CTL, (uint8)(CY_GET_XTND_REG8((void *)CYREG_UDB_UDB
 319              		.loc 1 353 0
 320 0102 194A     		ldr	r2, .L13+36
 321 0104 1178     		ldrb	r1, [r2]
 322 0106 0623     		movs	r3, #6
 323 0108 0B43     		orrs	r3, r1
ARM GAS  C:\Users\amant\AppData\Local\Temp\cc3CQzKH.s 			page 13


 324 010a DBB2     		uxtb	r3, r3
 325 010c 1370     		strb	r3, [r2]
 326              	.LBE3:
 354:Generated_Source\PSoC4/cyfitter_cfg.c **** 	}
 355:Generated_Source\PSoC4/cyfitter_cfg.c **** 
 356:Generated_Source\PSoC4/cyfitter_cfg.c **** 	/* Perform second pass device configuration. These items must be configured in specific order afte
 357:Generated_Source\PSoC4/cyfitter_cfg.c **** 	/* IOPINS0_0 Starting address: CYDEV_PRT0_BASE */
 358:Generated_Source\PSoC4/cyfitter_cfg.c **** 	CY_SET_REG32((void *)(CYREG_PRT0_PC), 0x00DB6DB6u);
 327              		.loc 1 358 0
 328 010e 174A     		ldr	r2, .L13+40
 329 0110 174B     		ldr	r3, .L13+44
 330 0112 1A60     		str	r2, [r3]
 359:Generated_Source\PSoC4/cyfitter_cfg.c **** 
 360:Generated_Source\PSoC4/cyfitter_cfg.c **** 	/* IOPINS0_1 Starting address: CYDEV_PRT1_BASE */
 361:Generated_Source\PSoC4/cyfitter_cfg.c **** 	CY_SET_REG32((void *)(CYREG_PRT1_PC), 0x00180000u);
 331              		.loc 1 361 0
 332 0114 C022     		movs	r2, #192
 333 0116 5203     		lsls	r2, r2, #13
 334 0118 164B     		ldr	r3, .L13+48
 335 011a 1A60     		str	r2, [r3]
 362:Generated_Source\PSoC4/cyfitter_cfg.c **** 
 363:Generated_Source\PSoC4/cyfitter_cfg.c **** 	/* IOPINS0_2 Starting address: CYDEV_PRT2_BASE */
 364:Generated_Source\PSoC4/cyfitter_cfg.c **** 	CY_SET_REG32((void *)(CYDEV_PRT2_BASE), 0x000000C0u);
 336              		.loc 1 364 0
 337 011c C022     		movs	r2, #192
 338 011e 164B     		ldr	r3, .L13+52
 339 0120 1A60     		str	r2, [r3]
 365:Generated_Source\PSoC4/cyfitter_cfg.c **** 	CY_SET_REG32((void *)(CYREG_PRT2_PC), 0x00D80DB6u);
 340              		.loc 1 365 0
 341 0122 164A     		ldr	r2, .L13+56
 342 0124 164B     		ldr	r3, .L13+60
 343 0126 1A60     		str	r2, [r3]
 366:Generated_Source\PSoC4/cyfitter_cfg.c **** 
 367:Generated_Source\PSoC4/cyfitter_cfg.c **** 	/* IOPINS0_3 Starting address: CYDEV_PRT3_BASE */
 368:Generated_Source\PSoC4/cyfitter_cfg.c **** 	CY_SET_REG32((void *)(CYREG_PRT3_PC), 0x00000D80u);
 344              		.loc 1 368 0
 345 0128 D822     		movs	r2, #216
 346 012a 1201     		lsls	r2, r2, #4
 347 012c 154B     		ldr	r3, .L13+64
 348 012e 1A60     		str	r2, [r3]
 369:Generated_Source\PSoC4/cyfitter_cfg.c **** 
 370:Generated_Source\PSoC4/cyfitter_cfg.c **** 	/* IOPINS0_4 Starting address: CYDEV_PRT4_BASE */
 371:Generated_Source\PSoC4/cyfitter_cfg.c **** 	CY_SET_REG32((void *)(CYDEV_PRT4_BASE), 0x00000003u);
 349              		.loc 1 371 0
 350 0130 0322     		movs	r2, #3
 351 0132 154B     		ldr	r3, .L13+68
 352 0134 1A60     		str	r2, [r3]
 372:Generated_Source\PSoC4/cyfitter_cfg.c **** 	CY_SET_REG32((void *)(CYREG_PRT4_PC), 0x00000024u);
 353              		.loc 1 372 0
 354 0136 2132     		adds	r2, r2, #33
 355 0138 144B     		ldr	r3, .L13+72
 356 013a 1A60     		str	r2, [r3]
 373:Generated_Source\PSoC4/cyfitter_cfg.c **** 
 374:Generated_Source\PSoC4/cyfitter_cfg.c **** 
 375:Generated_Source\PSoC4/cyfitter_cfg.c **** 	/* Setup clocks based on selections from Clock DWR */
 376:Generated_Source\PSoC4/cyfitter_cfg.c **** 	ClockSetup();
 357              		.loc 1 376 0
ARM GAS  C:\Users\amant\AppData\Local\Temp\cc3CQzKH.s 			page 14


 358 013c FFF760FF 		bl	ClockSetup
 359              	.LVL24:
 377:Generated_Source\PSoC4/cyfitter_cfg.c **** 
 378:Generated_Source\PSoC4/cyfitter_cfg.c **** 	/* Perform basic analog initialization to defaults */
 379:Generated_Source\PSoC4/cyfitter_cfg.c **** 	AnalogSetDefault();
 380:Generated_Source\PSoC4/cyfitter_cfg.c **** 
 381:Generated_Source\PSoC4/cyfitter_cfg.c **** }
 360              		.loc 1 381 0
 361              		@ sp needed
 362              	.LVL25:
 363 0140 10BD     		pop	{r4, pc}
 364              	.L14:
 365 0142 C046     		.align	2
 366              	.L13:
 367 0144 00000000 		.word	.LANCHOR0
 368 0148 08000140 		.word	1073807368
 369 014c 0C000140 		.word	1073807372
 370 0150 10000140 		.word	1073807376
 371 0154 00500F40 		.word	1074745344
 372 0158 10500F40 		.word	1074745360
 373 015c 20500F40 		.word	1074745376
 374 0160 28500F40 		.word	1074745384
 375 0164 30500F40 		.word	1074745392
 376 0168 00700F40 		.word	1074753536
 377 016c B66DDB00 		.word	14380470
 378 0170 08000440 		.word	1074003976
 379 0174 08010440 		.word	1074004232
 380 0178 00020440 		.word	1074004480
 381 017c B60DD800 		.word	14159286
 382 0180 08020440 		.word	1074004488
 383 0184 08030440 		.word	1074004744
 384 0188 00040440 		.word	1074004992
 385 018c 08040440 		.word	1074005000
 386              		.cfi_endproc
 387              	.LFE6:
 388              		.size	cyfitter_cfg, .-cyfitter_cfg
 389              		.section	.rodata
 390              		.align	2
 391              		.set	.LANCHOR0,. + 0
 392              		.type	cfg_memset_list.4870, %object
 393              		.size	cfg_memset_list.4870, 12
 394              	cfg_memset_list.4870:
 395 0000 00300F40 		.word	1074737152
 396 0004 0004     		.short	1024
 397 0006 00400F40 		.4byte	1074741248
 398 000a 0004     		.short	1024
 399              		.type	cy_cfg_data_table.4865, %object
 400              		.size	cy_cfg_data_table.4865, 10
 401              	cy_cfg_data_table.4865:
 402 000c 60       		.byte	96
 403 000d 10       		.byte	16
 404 000e D8       		.byte	-40
 405 000f 02       		.byte	2
 406 0010 18       		.byte	24
 407 0011 10       		.byte	16
 408 0012 94       		.byte	-108
 409 0013 10       		.byte	16
ARM GAS  C:\Users\amant\AppData\Local\Temp\cc3CQzKH.s 			page 15


 410 0014 C6       		.byte	-58
 411 0015 08       		.byte	8
 412 0016 0000     		.space	2
 413              		.type	cy_cfg_addr_table.4864, %object
 414              		.size	cy_cfg_addr_table.4864, 8
 415              	cy_cfg_addr_table.4864:
 416 0018 02420F40 		.word	1074741762
 417 001c 03430F40 		.word	1074742019
 418              		.text
 419              	.Letext0:
 420              		.file 2 "c:\\program files (x86)\\cypress\\psoc creator\\4.4\\psoc creator\\import\\gnu\\arm\\5.4.
 421              		.file 3 "Generated_Source\\PSoC4\\cytypes.h"
 422              		.file 4 "Generated_Source\\PSoC4\\CyLib.h"
 423              		.section	.debug_info,"",%progbits
 424              	.Ldebug_info0:
 425 0000 9C030000 		.4byte	0x39c
 426 0004 0400     		.2byte	0x4
 427 0006 00000000 		.4byte	.Ldebug_abbrev0
 428 000a 04       		.byte	0x4
 429 000b 01       		.uleb128 0x1
 430 000c 83010000 		.4byte	.LASF39
 431 0010 0C       		.byte	0xc
 432 0011 B0020000 		.4byte	.LASF40
 433 0015 C7000000 		.4byte	.LASF41
 434 0019 00000000 		.4byte	.Ldebug_ranges0+0
 435 001d 00000000 		.4byte	0
 436 0021 00000000 		.4byte	.Ldebug_line0
 437 0025 02       		.uleb128 0x2
 438 0026 04       		.byte	0x4
 439 0027 05       		.byte	0x5
 440 0028 696E7400 		.ascii	"int\000"
 441 002c 03       		.uleb128 0x3
 442 002d 06000000 		.4byte	.LASF12
 443 0031 02       		.byte	0x2
 444 0032 D8       		.byte	0xd8
 445 0033 37000000 		.4byte	0x37
 446 0037 04       		.uleb128 0x4
 447 0038 04       		.byte	0x4
 448 0039 07       		.byte	0x7
 449 003a 4A010000 		.4byte	.LASF0
 450 003e 04       		.uleb128 0x4
 451 003f 08       		.byte	0x8
 452 0040 05       		.byte	0x5
 453 0041 43020000 		.4byte	.LASF1
 454 0045 04       		.uleb128 0x4
 455 0046 08       		.byte	0x8
 456 0047 04       		.byte	0x4
 457 0048 98020000 		.4byte	.LASF2
 458 004c 04       		.uleb128 0x4
 459 004d 01       		.byte	0x1
 460 004e 06       		.byte	0x6
 461 004f A4020000 		.4byte	.LASF3
 462 0053 04       		.uleb128 0x4
 463 0054 01       		.byte	0x1
 464 0055 08       		.byte	0x8
 465 0056 99000000 		.4byte	.LASF4
 466 005a 04       		.uleb128 0x4
ARM GAS  C:\Users\amant\AppData\Local\Temp\cc3CQzKH.s 			page 16


 467 005b 02       		.byte	0x2
 468 005c 05       		.byte	0x5
 469 005d 70020000 		.4byte	.LASF5
 470 0061 04       		.uleb128 0x4
 471 0062 02       		.byte	0x2
 472 0063 07       		.byte	0x7
 473 0064 30020000 		.4byte	.LASF6
 474 0068 04       		.uleb128 0x4
 475 0069 04       		.byte	0x4
 476 006a 05       		.byte	0x5
 477 006b 8F020000 		.4byte	.LASF7
 478 006f 04       		.uleb128 0x4
 479 0070 04       		.byte	0x4
 480 0071 07       		.byte	0x7
 481 0072 77000000 		.4byte	.LASF8
 482 0076 04       		.uleb128 0x4
 483 0077 08       		.byte	0x8
 484 0078 07       		.byte	0x7
 485 0079 6C010000 		.4byte	.LASF9
 486 007d 04       		.uleb128 0x4
 487 007e 04       		.byte	0x4
 488 007f 07       		.byte	0x7
 489 0080 27020000 		.4byte	.LASF10
 490 0084 05       		.uleb128 0x5
 491 0085 04       		.byte	0x4
 492 0086 04       		.uleb128 0x4
 493 0087 01       		.byte	0x1
 494 0088 08       		.byte	0x8
 495 0089 51020000 		.4byte	.LASF11
 496 008d 06       		.uleb128 0x6
 497 008e 89000000 		.4byte	.LASF13
 498 0092 03       		.byte	0x3
 499 0093 FB01     		.2byte	0x1fb
 500 0095 53000000 		.4byte	0x53
 501 0099 06       		.uleb128 0x6
 502 009a 31010000 		.4byte	.LASF14
 503 009e 03       		.byte	0x3
 504 009f FC01     		.2byte	0x1fc
 505 00a1 61000000 		.4byte	0x61
 506 00a5 06       		.uleb128 0x6
 507 00a6 43010000 		.4byte	.LASF15
 508 00aa 03       		.byte	0x3
 509 00ab FD01     		.2byte	0x1fd
 510 00ad 6F000000 		.4byte	0x6f
 511 00b1 04       		.uleb128 0x4
 512 00b2 04       		.byte	0x4
 513 00b3 04       		.byte	0x4
 514 00b4 57000000 		.4byte	.LASF16
 515 00b8 04       		.uleb128 0x4
 516 00b9 08       		.byte	0x8
 517 00ba 04       		.byte	0x4
 518 00bb AE000000 		.4byte	.LASF17
 519 00bf 06       		.uleb128 0x6
 520 00c0 72000000 		.4byte	.LASF18
 521 00c4 03       		.byte	0x3
 522 00c5 A502     		.2byte	0x2a5
 523 00c7 CB000000 		.4byte	0xcb
ARM GAS  C:\Users\amant\AppData\Local\Temp\cc3CQzKH.s 			page 17


 524 00cb 07       		.uleb128 0x7
 525 00cc 8D000000 		.4byte	0x8d
 526 00d0 06       		.uleb128 0x6
 527 00d1 00000000 		.4byte	.LASF19
 528 00d5 03       		.byte	0x3
 529 00d6 A702     		.2byte	0x2a7
 530 00d8 DC000000 		.4byte	0xdc
 531 00dc 07       		.uleb128 0x7
 532 00dd A5000000 		.4byte	0xa5
 533 00e1 08       		.uleb128 0x8
 534 00e2 02       		.byte	0x2
 535 00e3 01       		.byte	0x1
 536 00e4 97       		.byte	0x97
 537 00e5 02010000 		.4byte	0x102
 538 00e9 09       		.uleb128 0x9
 539 00ea 69020000 		.4byte	.LASF20
 540 00ee 01       		.byte	0x1
 541 00ef 99       		.byte	0x99
 542 00f0 8D000000 		.4byte	0x8d
 543 00f4 00       		.byte	0
 544 00f5 09       		.uleb128 0x9
 545 00f6 1C000000 		.4byte	.LASF21
 546 00fa 01       		.byte	0x1
 547 00fb 9A       		.byte	0x9a
 548 00fc 8D000000 		.4byte	0x8d
 549 0100 01       		.byte	0x1
 550 0101 00       		.byte	0
 551 0102 03       		.uleb128 0x3
 552 0103 56020000 		.4byte	.LASF22
 553 0107 01       		.byte	0x1
 554 0108 9B       		.byte	0x9b
 555 0109 E1000000 		.4byte	0xe1
 556 010d 0A       		.uleb128 0xa
 557 010e B5000000 		.4byte	.LASF27
 558 0112 01       		.byte	0x1
 559 0113 AE       		.byte	0xae
 560 0114 00000000 		.4byte	.LFB3
 561 0118 32000000 		.4byte	.LFE3-.LFB3
 562 011c 01       		.uleb128 0x1
 563 011d 9C       		.byte	0x9c
 564 011e 7F010000 		.4byte	0x17f
 565 0122 0B       		.uleb128 0xb
 566 0123 26010000 		.4byte	.LASF23
 567 0127 01       		.byte	0x1
 568 0128 AE       		.byte	0xae
 569 0129 7F010000 		.4byte	0x17f
 570 012d 01       		.uleb128 0x1
 571 012e 50       		.byte	0x50
 572 012f 0B       		.uleb128 0xb
 573 0130 38010000 		.4byte	.LASF24
 574 0134 01       		.byte	0x1
 575 0135 AE       		.byte	0xae
 576 0136 8A010000 		.4byte	0x18a
 577 013a 01       		.uleb128 0x1
 578 013b 51       		.byte	0x51
 579 013c 0C       		.uleb128 0xc
 580 013d 6900     		.ascii	"i\000"
ARM GAS  C:\Users\amant\AppData\Local\Temp\cc3CQzKH.s 			page 18


 581 013f 01       		.byte	0x1
 582 0140 B1       		.byte	0xb1
 583 0141 A5000000 		.4byte	0xa5
 584 0145 00000000 		.4byte	.LLST0
 585 0149 0C       		.uleb128 0xc
 586 014a 6A00     		.ascii	"j\000"
 587 014c 01       		.byte	0x1
 588 014d B1       		.byte	0xb1
 589 014e A5000000 		.4byte	0xa5
 590 0152 1F000000 		.4byte	.LLST1
 591 0156 0D       		.uleb128 0xd
 592 0157 08000000 		.4byte	.LBB2
 593 015b 22000000 		.4byte	.LBE2-.LBB2
 594 015f 0E       		.uleb128 0xe
 595 0160 1E020000 		.4byte	.LASF25
 596 0164 01       		.byte	0x1
 597 0165 B4       		.byte	0xb4
 598 0166 A5000000 		.4byte	0xa5
 599 016a 3E000000 		.4byte	.LLST2
 600 016e 0E       		.uleb128 0xe
 601 016f 22000000 		.4byte	.LASF26
 602 0173 01       		.byte	0x1
 603 0174 B5       		.byte	0xb5
 604 0175 8D000000 		.4byte	0x8d
 605 0179 51000000 		.4byte	.LLST3
 606 017d 00       		.byte	0
 607 017e 00       		.byte	0
 608 017f 0F       		.uleb128 0xf
 609 0180 04       		.byte	0x4
 610 0181 85010000 		.4byte	0x185
 611 0185 10       		.uleb128 0x10
 612 0186 A5000000 		.4byte	0xa5
 613 018a 0F       		.uleb128 0xf
 614 018b 04       		.byte	0x4
 615 018c 90010000 		.4byte	0x190
 616 0190 10       		.uleb128 0x10
 617 0191 02010000 		.4byte	0x102
 618 0195 0A       		.uleb128 0xa
 619 0196 8F000000 		.4byte	.LASF28
 620 019a 01       		.byte	0x1
 621 019b 4C       		.byte	0x4c
 622 019c 00000000 		.4byte	.LFB0
 623 01a0 0C000000 		.4byte	.LFE0-.LFB0
 624 01a4 01       		.uleb128 0x1
 625 01a5 9C       		.byte	0x9c
 626 01a6 E2010000 		.4byte	0x1e2
 627 01aa 11       		.uleb128 0x11
 628 01ab 7300     		.ascii	"s\000"
 629 01ad 01       		.byte	0x1
 630 01ae 4C       		.byte	0x4c
 631 01af 84000000 		.4byte	0x84
 632 01b3 6F000000 		.4byte	.LLST4
 633 01b7 11       		.uleb128 0x11
 634 01b8 6E00     		.ascii	"n\000"
 635 01ba 01       		.byte	0x1
 636 01bb 4C       		.byte	0x4c
 637 01bc 2C000000 		.4byte	0x2c
ARM GAS  C:\Users\amant\AppData\Local\Temp\cc3CQzKH.s 			page 19


 638 01c0 90000000 		.4byte	.LLST5
 639 01c4 12       		.uleb128 0x12
 640 01c5 0A000000 		.4byte	.LVL14
 641 01c9 75030000 		.4byte	0x375
 642 01cd 13       		.uleb128 0x13
 643 01ce 01       		.uleb128 0x1
 644 01cf 50       		.byte	0x50
 645 01d0 03       		.uleb128 0x3
 646 01d1 F3       		.byte	0xf3
 647 01d2 01       		.uleb128 0x1
 648 01d3 50       		.byte	0x50
 649 01d4 13       		.uleb128 0x13
 650 01d5 01       		.uleb128 0x1
 651 01d6 51       		.byte	0x51
 652 01d7 01       		.uleb128 0x1
 653 01d8 30       		.byte	0x30
 654 01d9 13       		.uleb128 0x13
 655 01da 01       		.uleb128 0x1
 656 01db 52       		.byte	0x52
 657 01dc 03       		.uleb128 0x3
 658 01dd F3       		.byte	0xf3
 659 01de 01       		.uleb128 0x1
 660 01df 51       		.byte	0x51
 661 01e0 00       		.byte	0
 662 01e1 00       		.byte	0
 663 01e2 0A       		.uleb128 0xa
 664 01e3 28000000 		.4byte	.LASF29
 665 01e7 01       		.byte	0x1
 666 01e8 D3       		.byte	0xd3
 667 01e9 00000000 		.4byte	.LFB4
 668 01ed 98000000 		.4byte	.LFE4-.LFB4
 669 01f1 01       		.uleb128 0x1
 670 01f2 9C       		.byte	0x9c
 671 01f3 2D020000 		.4byte	0x22d
 672 01f7 14       		.uleb128 0x14
 673 01f8 14000000 		.4byte	.LVL15
 674 01fc 7E030000 		.4byte	0x37e
 675 0200 0A020000 		.4byte	0x20a
 676 0204 13       		.uleb128 0x13
 677 0205 01       		.uleb128 0x1
 678 0206 50       		.byte	0x50
 679 0207 01       		.uleb128 0x1
 680 0208 48       		.byte	0x48
 681 0209 00       		.byte	0
 682 020a 14       		.uleb128 0x14
 683 020b 52000000 		.4byte	.LVL16
 684 020f 89030000 		.4byte	0x389
 685 0213 1D020000 		.4byte	0x21d
 686 0217 13       		.uleb128 0x13
 687 0218 01       		.uleb128 0x1
 688 0219 50       		.byte	0x50
 689 021a 01       		.uleb128 0x1
 690 021b 39       		.byte	0x39
 691 021c 00       		.byte	0
 692 021d 12       		.uleb128 0x12
 693 021e 58000000 		.4byte	.LVL17
 694 0222 94030000 		.4byte	0x394
ARM GAS  C:\Users\amant\AppData\Local\Temp\cc3CQzKH.s 			page 20


 695 0226 13       		.uleb128 0x13
 696 0227 01       		.uleb128 0x1
 697 0228 50       		.byte	0x50
 698 0229 01       		.uleb128 0x1
 699 022a 39       		.byte	0x39
 700 022b 00       		.byte	0
 701 022c 00       		.byte	0
 702 022d 15       		.uleb128 0x15
 703 022e 57010000 		.4byte	.LASF42
 704 0232 01       		.byte	0x1
 705 0233 2301     		.2byte	0x123
 706 0235 98000000 		.4byte	.LFB6
 707 0239 F8000000 		.4byte	.LFE6-.LFB6
 708 023d 01       		.uleb128 0x1
 709 023e 9C       		.byte	0x9c
 710 023f 4B030000 		.4byte	0x34b
 711 0243 16       		.uleb128 0x16
 712 0244 9C000000 		.4byte	.LBB3
 713 0248 72000000 		.4byte	.LBE3-.LBB3
 714 024c 41030000 		.4byte	0x341
 715 0250 17       		.uleb128 0x17
 716 0251 33000000 		.4byte	.LASF30
 717 0255 01       		.byte	0x1
 718 0256 2901     		.2byte	0x129
 719 0258 5B030000 		.4byte	0x35b
 720 025c 05       		.uleb128 0x5
 721 025d 03       		.byte	0x3
 722 025e 18000000 		.4byte	cy_cfg_addr_table.4864
 723 0262 17       		.uleb128 0x17
 724 0263 45000000 		.4byte	.LASF31
 725 0267 01       		.byte	0x1
 726 0268 2E01     		.2byte	0x12e
 727 026a 70030000 		.4byte	0x370
 728 026e 05       		.uleb128 0x5
 729 026f 03       		.byte	0x3
 730 0270 0C000000 		.4byte	cy_cfg_data_table.4865
 731 0274 18       		.uleb128 0x18
 732 0275 06       		.byte	0x6
 733 0276 01       		.byte	0x1
 734 0277 3801     		.2byte	0x138
 735 0279 98020000 		.4byte	0x298
 736 027d 19       		.uleb128 0x19
 737 027e 64010000 		.4byte	.LASF32
 738 0282 01       		.byte	0x1
 739 0283 3901     		.2byte	0x139
 740 0285 84000000 		.4byte	0x84
 741 0289 00       		.byte	0
 742 028a 19       		.uleb128 0x19
 743 028b 6D000000 		.4byte	.LASF33
 744 028f 01       		.byte	0x1
 745 0290 3A01     		.2byte	0x13a
 746 0292 99000000 		.4byte	0x99
 747 0296 04       		.byte	0x4
 748 0297 00       		.byte	0
 749 0298 06       		.uleb128 0x6
 750 0299 11020000 		.4byte	.LASF34
 751 029d 01       		.byte	0x1
ARM GAS  C:\Users\amant\AppData\Local\Temp\cc3CQzKH.s 			page 21


 752 029e 3B01     		.2byte	0x13b
 753 02a0 74020000 		.4byte	0x274
 754 02a4 1A       		.uleb128 0x1a
 755 02a5 B4020000 		.4byte	0x2b4
 756 02a9 B4020000 		.4byte	0x2b4
 757 02ad 1B       		.uleb128 0x1b
 758 02ae 7D000000 		.4byte	0x7d
 759 02b2 01       		.byte	0x1
 760 02b3 00       		.byte	0
 761 02b4 10       		.uleb128 0x10
 762 02b5 98020000 		.4byte	0x298
 763 02b9 17       		.uleb128 0x17
 764 02ba 5D000000 		.4byte	.LASF35
 765 02be 01       		.byte	0x1
 766 02bf 3D01     		.2byte	0x13d
 767 02c1 CB020000 		.4byte	0x2cb
 768 02c5 05       		.uleb128 0x5
 769 02c6 03       		.byte	0x3
 770 02c7 00000000 		.4byte	cfg_memset_list.4870
 771 02cb 10       		.uleb128 0x10
 772 02cc A4020000 		.4byte	0x2a4
 773 02d0 1C       		.uleb128 0x1c
 774 02d1 6900     		.ascii	"i\000"
 775 02d3 01       		.byte	0x1
 776 02d4 4301     		.2byte	0x143
 777 02d6 8D000000 		.4byte	0x8d
 778 02da BC000000 		.4byte	.LLST6
 779 02de 16       		.uleb128 0x16
 780 02df A0000000 		.4byte	.LBB4
 781 02e3 1C000000 		.4byte	.LBE4-.LBB4
 782 02e7 24030000 		.4byte	0x324
 783 02eb 1C       		.uleb128 0x1c
 784 02ec 6D7300   		.ascii	"ms\000"
 785 02ef 01       		.byte	0x1
 786 02f0 4801     		.2byte	0x148
 787 02f2 FA020000 		.4byte	0x2fa
 788 02f6 E6000000 		.4byte	.LLST7
 789 02fa 0F       		.uleb128 0xf
 790 02fb 04       		.byte	0x4
 791 02fc B4020000 		.4byte	0x2b4
 792 0300 12       		.uleb128 0x12
 793 0301 BC000000 		.4byte	.LVL20
 794 0305 95010000 		.4byte	0x195
 795 0309 13       		.uleb128 0x13
 796 030a 01       		.uleb128 0x1
 797 030b 51       		.byte	0x51
 798 030c 15       		.uleb128 0x15
 799 030d 74       		.byte	0x74
 800 030e 00       		.sleb128 0
 801 030f 31       		.byte	0x31
 802 0310 24       		.byte	0x24
 803 0311 74       		.byte	0x74
 804 0312 00       		.sleb128 0
 805 0313 22       		.byte	0x22
 806 0314 31       		.byte	0x31
 807 0315 24       		.byte	0x24
 808 0316 03       		.byte	0x3
ARM GAS  C:\Users\amant\AppData\Local\Temp\cc3CQzKH.s 			page 22


 809 0317 04000000 		.4byte	.LANCHOR0+4
 810 031b 22       		.byte	0x22
 811 031c 94       		.byte	0x94
 812 031d 02       		.byte	0x2
 813 031e 0A       		.byte	0xa
 814 031f FFFF     		.2byte	0xffff
 815 0321 1A       		.byte	0x1a
 816 0322 00       		.byte	0
 817 0323 00       		.byte	0
 818 0324 12       		.uleb128 0x12
 819 0325 D0000000 		.4byte	.LVL23
 820 0329 0D010000 		.4byte	0x10d
 821 032d 13       		.uleb128 0x13
 822 032e 01       		.uleb128 0x1
 823 032f 50       		.byte	0x50
 824 0330 05       		.uleb128 0x5
 825 0331 03       		.byte	0x3
 826 0332 18000000 		.4byte	.LANCHOR0+24
 827 0336 13       		.uleb128 0x13
 828 0337 01       		.uleb128 0x1
 829 0338 51       		.byte	0x51
 830 0339 05       		.uleb128 0x5
 831 033a 03       		.byte	0x3
 832 033b 0C000000 		.4byte	.LANCHOR0+12
 833 033f 00       		.byte	0
 834 0340 00       		.byte	0
 835 0341 1D       		.uleb128 0x1d
 836 0342 40010000 		.4byte	.LVL24
 837 0346 E2010000 		.4byte	0x1e2
 838 034a 00       		.byte	0
 839 034b 1A       		.uleb128 0x1a
 840 034c 85010000 		.4byte	0x185
 841 0350 5B030000 		.4byte	0x35b
 842 0354 1B       		.uleb128 0x1b
 843 0355 7D000000 		.4byte	0x7d
 844 0359 01       		.byte	0x1
 845 035a 00       		.byte	0
 846 035b 10       		.uleb128 0x10
 847 035c 4B030000 		.4byte	0x34b
 848 0360 1A       		.uleb128 0x1a
 849 0361 90010000 		.4byte	0x190
 850 0365 70030000 		.4byte	0x370
 851 0369 1B       		.uleb128 0x1b
 852 036a 7D000000 		.4byte	0x7d
 853 036e 04       		.byte	0x4
 854 036f 00       		.byte	0
 855 0370 10       		.uleb128 0x10
 856 0371 60030000 		.4byte	0x360
 857 0375 1E       		.uleb128 0x1e
 858 0376 A7000000 		.4byte	.LASF43
 859 037a A7000000 		.4byte	.LASF43
 860 037e 1F       		.uleb128 0x1f
 861 037f 7A020000 		.4byte	.LASF36
 862 0383 7A020000 		.4byte	.LASF36
 863 0387 04       		.byte	0x4
 864 0388 6C       		.byte	0x6c
 865 0389 1F       		.uleb128 0x1f
ARM GAS  C:\Users\amant\AppData\Local\Temp\cc3CQzKH.s 			page 23


 866 038a 0D000000 		.4byte	.LASF37
 867 038e 0D000000 		.4byte	.LASF37
 868 0392 04       		.byte	0x4
 869 0393 D0       		.byte	0xd0
 870 0394 1F       		.uleb128 0x1f
 871 0395 1A010000 		.4byte	.LASF38
 872 0399 1A010000 		.4byte	.LASF38
 873 039d 04       		.byte	0x4
 874 039e D6       		.byte	0xd6
 875 039f 00       		.byte	0
 876              		.section	.debug_abbrev,"",%progbits
 877              	.Ldebug_abbrev0:
 878 0000 01       		.uleb128 0x1
 879 0001 11       		.uleb128 0x11
 880 0002 01       		.byte	0x1
 881 0003 25       		.uleb128 0x25
 882 0004 0E       		.uleb128 0xe
 883 0005 13       		.uleb128 0x13
 884 0006 0B       		.uleb128 0xb
 885 0007 03       		.uleb128 0x3
 886 0008 0E       		.uleb128 0xe
 887 0009 1B       		.uleb128 0x1b
 888 000a 0E       		.uleb128 0xe
 889 000b 55       		.uleb128 0x55
 890 000c 17       		.uleb128 0x17
 891 000d 11       		.uleb128 0x11
 892 000e 01       		.uleb128 0x1
 893 000f 10       		.uleb128 0x10
 894 0010 17       		.uleb128 0x17
 895 0011 00       		.byte	0
 896 0012 00       		.byte	0
 897 0013 02       		.uleb128 0x2
 898 0014 24       		.uleb128 0x24
 899 0015 00       		.byte	0
 900 0016 0B       		.uleb128 0xb
 901 0017 0B       		.uleb128 0xb
 902 0018 3E       		.uleb128 0x3e
 903 0019 0B       		.uleb128 0xb
 904 001a 03       		.uleb128 0x3
 905 001b 08       		.uleb128 0x8
 906 001c 00       		.byte	0
 907 001d 00       		.byte	0
 908 001e 03       		.uleb128 0x3
 909 001f 16       		.uleb128 0x16
 910 0020 00       		.byte	0
 911 0021 03       		.uleb128 0x3
 912 0022 0E       		.uleb128 0xe
 913 0023 3A       		.uleb128 0x3a
 914 0024 0B       		.uleb128 0xb
 915 0025 3B       		.uleb128 0x3b
 916 0026 0B       		.uleb128 0xb
 917 0027 49       		.uleb128 0x49
 918 0028 13       		.uleb128 0x13
 919 0029 00       		.byte	0
 920 002a 00       		.byte	0
 921 002b 04       		.uleb128 0x4
 922 002c 24       		.uleb128 0x24
ARM GAS  C:\Users\amant\AppData\Local\Temp\cc3CQzKH.s 			page 24


 923 002d 00       		.byte	0
 924 002e 0B       		.uleb128 0xb
 925 002f 0B       		.uleb128 0xb
 926 0030 3E       		.uleb128 0x3e
 927 0031 0B       		.uleb128 0xb
 928 0032 03       		.uleb128 0x3
 929 0033 0E       		.uleb128 0xe
 930 0034 00       		.byte	0
 931 0035 00       		.byte	0
 932 0036 05       		.uleb128 0x5
 933 0037 0F       		.uleb128 0xf
 934 0038 00       		.byte	0
 935 0039 0B       		.uleb128 0xb
 936 003a 0B       		.uleb128 0xb
 937 003b 00       		.byte	0
 938 003c 00       		.byte	0
 939 003d 06       		.uleb128 0x6
 940 003e 16       		.uleb128 0x16
 941 003f 00       		.byte	0
 942 0040 03       		.uleb128 0x3
 943 0041 0E       		.uleb128 0xe
 944 0042 3A       		.uleb128 0x3a
 945 0043 0B       		.uleb128 0xb
 946 0044 3B       		.uleb128 0x3b
 947 0045 05       		.uleb128 0x5
 948 0046 49       		.uleb128 0x49
 949 0047 13       		.uleb128 0x13
 950 0048 00       		.byte	0
 951 0049 00       		.byte	0
 952 004a 07       		.uleb128 0x7
 953 004b 35       		.uleb128 0x35
 954 004c 00       		.byte	0
 955 004d 49       		.uleb128 0x49
 956 004e 13       		.uleb128 0x13
 957 004f 00       		.byte	0
 958 0050 00       		.byte	0
 959 0051 08       		.uleb128 0x8
 960 0052 13       		.uleb128 0x13
 961 0053 01       		.byte	0x1
 962 0054 0B       		.uleb128 0xb
 963 0055 0B       		.uleb128 0xb
 964 0056 3A       		.uleb128 0x3a
 965 0057 0B       		.uleb128 0xb
 966 0058 3B       		.uleb128 0x3b
 967 0059 0B       		.uleb128 0xb
 968 005a 01       		.uleb128 0x1
 969 005b 13       		.uleb128 0x13
 970 005c 00       		.byte	0
 971 005d 00       		.byte	0
 972 005e 09       		.uleb128 0x9
 973 005f 0D       		.uleb128 0xd
 974 0060 00       		.byte	0
 975 0061 03       		.uleb128 0x3
 976 0062 0E       		.uleb128 0xe
 977 0063 3A       		.uleb128 0x3a
 978 0064 0B       		.uleb128 0xb
 979 0065 3B       		.uleb128 0x3b
ARM GAS  C:\Users\amant\AppData\Local\Temp\cc3CQzKH.s 			page 25


 980 0066 0B       		.uleb128 0xb
 981 0067 49       		.uleb128 0x49
 982 0068 13       		.uleb128 0x13
 983 0069 38       		.uleb128 0x38
 984 006a 0B       		.uleb128 0xb
 985 006b 00       		.byte	0
 986 006c 00       		.byte	0
 987 006d 0A       		.uleb128 0xa
 988 006e 2E       		.uleb128 0x2e
 989 006f 01       		.byte	0x1
 990 0070 03       		.uleb128 0x3
 991 0071 0E       		.uleb128 0xe
 992 0072 3A       		.uleb128 0x3a
 993 0073 0B       		.uleb128 0xb
 994 0074 3B       		.uleb128 0x3b
 995 0075 0B       		.uleb128 0xb
 996 0076 27       		.uleb128 0x27
 997 0077 19       		.uleb128 0x19
 998 0078 11       		.uleb128 0x11
 999 0079 01       		.uleb128 0x1
 1000 007a 12       		.uleb128 0x12
 1001 007b 06       		.uleb128 0x6
 1002 007c 40       		.uleb128 0x40
 1003 007d 18       		.uleb128 0x18
 1004 007e 9742     		.uleb128 0x2117
 1005 0080 19       		.uleb128 0x19
 1006 0081 01       		.uleb128 0x1
 1007 0082 13       		.uleb128 0x13
 1008 0083 00       		.byte	0
 1009 0084 00       		.byte	0
 1010 0085 0B       		.uleb128 0xb
 1011 0086 05       		.uleb128 0x5
 1012 0087 00       		.byte	0
 1013 0088 03       		.uleb128 0x3
 1014 0089 0E       		.uleb128 0xe
 1015 008a 3A       		.uleb128 0x3a
 1016 008b 0B       		.uleb128 0xb
 1017 008c 3B       		.uleb128 0x3b
 1018 008d 0B       		.uleb128 0xb
 1019 008e 49       		.uleb128 0x49
 1020 008f 13       		.uleb128 0x13
 1021 0090 02       		.uleb128 0x2
 1022 0091 18       		.uleb128 0x18
 1023 0092 00       		.byte	0
 1024 0093 00       		.byte	0
 1025 0094 0C       		.uleb128 0xc
 1026 0095 34       		.uleb128 0x34
 1027 0096 00       		.byte	0
 1028 0097 03       		.uleb128 0x3
 1029 0098 08       		.uleb128 0x8
 1030 0099 3A       		.uleb128 0x3a
 1031 009a 0B       		.uleb128 0xb
 1032 009b 3B       		.uleb128 0x3b
 1033 009c 0B       		.uleb128 0xb
 1034 009d 49       		.uleb128 0x49
 1035 009e 13       		.uleb128 0x13
 1036 009f 02       		.uleb128 0x2
ARM GAS  C:\Users\amant\AppData\Local\Temp\cc3CQzKH.s 			page 26


 1037 00a0 17       		.uleb128 0x17
 1038 00a1 00       		.byte	0
 1039 00a2 00       		.byte	0
 1040 00a3 0D       		.uleb128 0xd
 1041 00a4 0B       		.uleb128 0xb
 1042 00a5 01       		.byte	0x1
 1043 00a6 11       		.uleb128 0x11
 1044 00a7 01       		.uleb128 0x1
 1045 00a8 12       		.uleb128 0x12
 1046 00a9 06       		.uleb128 0x6
 1047 00aa 00       		.byte	0
 1048 00ab 00       		.byte	0
 1049 00ac 0E       		.uleb128 0xe
 1050 00ad 34       		.uleb128 0x34
 1051 00ae 00       		.byte	0
 1052 00af 03       		.uleb128 0x3
 1053 00b0 0E       		.uleb128 0xe
 1054 00b1 3A       		.uleb128 0x3a
 1055 00b2 0B       		.uleb128 0xb
 1056 00b3 3B       		.uleb128 0x3b
 1057 00b4 0B       		.uleb128 0xb
 1058 00b5 49       		.uleb128 0x49
 1059 00b6 13       		.uleb128 0x13
 1060 00b7 02       		.uleb128 0x2
 1061 00b8 17       		.uleb128 0x17
 1062 00b9 00       		.byte	0
 1063 00ba 00       		.byte	0
 1064 00bb 0F       		.uleb128 0xf
 1065 00bc 0F       		.uleb128 0xf
 1066 00bd 00       		.byte	0
 1067 00be 0B       		.uleb128 0xb
 1068 00bf 0B       		.uleb128 0xb
 1069 00c0 49       		.uleb128 0x49
 1070 00c1 13       		.uleb128 0x13
 1071 00c2 00       		.byte	0
 1072 00c3 00       		.byte	0
 1073 00c4 10       		.uleb128 0x10
 1074 00c5 26       		.uleb128 0x26
 1075 00c6 00       		.byte	0
 1076 00c7 49       		.uleb128 0x49
 1077 00c8 13       		.uleb128 0x13
 1078 00c9 00       		.byte	0
 1079 00ca 00       		.byte	0
 1080 00cb 11       		.uleb128 0x11
 1081 00cc 05       		.uleb128 0x5
 1082 00cd 00       		.byte	0
 1083 00ce 03       		.uleb128 0x3
 1084 00cf 08       		.uleb128 0x8
 1085 00d0 3A       		.uleb128 0x3a
 1086 00d1 0B       		.uleb128 0xb
 1087 00d2 3B       		.uleb128 0x3b
 1088 00d3 0B       		.uleb128 0xb
 1089 00d4 49       		.uleb128 0x49
 1090 00d5 13       		.uleb128 0x13
 1091 00d6 02       		.uleb128 0x2
 1092 00d7 17       		.uleb128 0x17
 1093 00d8 00       		.byte	0
ARM GAS  C:\Users\amant\AppData\Local\Temp\cc3CQzKH.s 			page 27


 1094 00d9 00       		.byte	0
 1095 00da 12       		.uleb128 0x12
 1096 00db 898201   		.uleb128 0x4109
 1097 00de 01       		.byte	0x1
 1098 00df 11       		.uleb128 0x11
 1099 00e0 01       		.uleb128 0x1
 1100 00e1 31       		.uleb128 0x31
 1101 00e2 13       		.uleb128 0x13
 1102 00e3 00       		.byte	0
 1103 00e4 00       		.byte	0
 1104 00e5 13       		.uleb128 0x13
 1105 00e6 8A8201   		.uleb128 0x410a
 1106 00e9 00       		.byte	0
 1107 00ea 02       		.uleb128 0x2
 1108 00eb 18       		.uleb128 0x18
 1109 00ec 9142     		.uleb128 0x2111
 1110 00ee 18       		.uleb128 0x18
 1111 00ef 00       		.byte	0
 1112 00f0 00       		.byte	0
 1113 00f1 14       		.uleb128 0x14
 1114 00f2 898201   		.uleb128 0x4109
 1115 00f5 01       		.byte	0x1
 1116 00f6 11       		.uleb128 0x11
 1117 00f7 01       		.uleb128 0x1
 1118 00f8 31       		.uleb128 0x31
 1119 00f9 13       		.uleb128 0x13
 1120 00fa 01       		.uleb128 0x1
 1121 00fb 13       		.uleb128 0x13
 1122 00fc 00       		.byte	0
 1123 00fd 00       		.byte	0
 1124 00fe 15       		.uleb128 0x15
 1125 00ff 2E       		.uleb128 0x2e
 1126 0100 01       		.byte	0x1
 1127 0101 3F       		.uleb128 0x3f
 1128 0102 19       		.uleb128 0x19
 1129 0103 03       		.uleb128 0x3
 1130 0104 0E       		.uleb128 0xe
 1131 0105 3A       		.uleb128 0x3a
 1132 0106 0B       		.uleb128 0xb
 1133 0107 3B       		.uleb128 0x3b
 1134 0108 05       		.uleb128 0x5
 1135 0109 27       		.uleb128 0x27
 1136 010a 19       		.uleb128 0x19
 1137 010b 11       		.uleb128 0x11
 1138 010c 01       		.uleb128 0x1
 1139 010d 12       		.uleb128 0x12
 1140 010e 06       		.uleb128 0x6
 1141 010f 40       		.uleb128 0x40
 1142 0110 18       		.uleb128 0x18
 1143 0111 9742     		.uleb128 0x2117
 1144 0113 19       		.uleb128 0x19
 1145 0114 01       		.uleb128 0x1
 1146 0115 13       		.uleb128 0x13
 1147 0116 00       		.byte	0
 1148 0117 00       		.byte	0
 1149 0118 16       		.uleb128 0x16
 1150 0119 0B       		.uleb128 0xb
ARM GAS  C:\Users\amant\AppData\Local\Temp\cc3CQzKH.s 			page 28


 1151 011a 01       		.byte	0x1
 1152 011b 11       		.uleb128 0x11
 1153 011c 01       		.uleb128 0x1
 1154 011d 12       		.uleb128 0x12
 1155 011e 06       		.uleb128 0x6
 1156 011f 01       		.uleb128 0x1
 1157 0120 13       		.uleb128 0x13
 1158 0121 00       		.byte	0
 1159 0122 00       		.byte	0
 1160 0123 17       		.uleb128 0x17
 1161 0124 34       		.uleb128 0x34
 1162 0125 00       		.byte	0
 1163 0126 03       		.uleb128 0x3
 1164 0127 0E       		.uleb128 0xe
 1165 0128 3A       		.uleb128 0x3a
 1166 0129 0B       		.uleb128 0xb
 1167 012a 3B       		.uleb128 0x3b
 1168 012b 05       		.uleb128 0x5
 1169 012c 49       		.uleb128 0x49
 1170 012d 13       		.uleb128 0x13
 1171 012e 02       		.uleb128 0x2
 1172 012f 18       		.uleb128 0x18
 1173 0130 00       		.byte	0
 1174 0131 00       		.byte	0
 1175 0132 18       		.uleb128 0x18
 1176 0133 13       		.uleb128 0x13
 1177 0134 01       		.byte	0x1
 1178 0135 0B       		.uleb128 0xb
 1179 0136 0B       		.uleb128 0xb
 1180 0137 3A       		.uleb128 0x3a
 1181 0138 0B       		.uleb128 0xb
 1182 0139 3B       		.uleb128 0x3b
 1183 013a 05       		.uleb128 0x5
 1184 013b 01       		.uleb128 0x1
 1185 013c 13       		.uleb128 0x13
 1186 013d 00       		.byte	0
 1187 013e 00       		.byte	0
 1188 013f 19       		.uleb128 0x19
 1189 0140 0D       		.uleb128 0xd
 1190 0141 00       		.byte	0
 1191 0142 03       		.uleb128 0x3
 1192 0143 0E       		.uleb128 0xe
 1193 0144 3A       		.uleb128 0x3a
 1194 0145 0B       		.uleb128 0xb
 1195 0146 3B       		.uleb128 0x3b
 1196 0147 05       		.uleb128 0x5
 1197 0148 49       		.uleb128 0x49
 1198 0149 13       		.uleb128 0x13
 1199 014a 38       		.uleb128 0x38
 1200 014b 0B       		.uleb128 0xb
 1201 014c 00       		.byte	0
 1202 014d 00       		.byte	0
 1203 014e 1A       		.uleb128 0x1a
 1204 014f 01       		.uleb128 0x1
 1205 0150 01       		.byte	0x1
 1206 0151 49       		.uleb128 0x49
 1207 0152 13       		.uleb128 0x13
ARM GAS  C:\Users\amant\AppData\Local\Temp\cc3CQzKH.s 			page 29


 1208 0153 01       		.uleb128 0x1
 1209 0154 13       		.uleb128 0x13
 1210 0155 00       		.byte	0
 1211 0156 00       		.byte	0
 1212 0157 1B       		.uleb128 0x1b
 1213 0158 21       		.uleb128 0x21
 1214 0159 00       		.byte	0
 1215 015a 49       		.uleb128 0x49
 1216 015b 13       		.uleb128 0x13
 1217 015c 2F       		.uleb128 0x2f
 1218 015d 0B       		.uleb128 0xb
 1219 015e 00       		.byte	0
 1220 015f 00       		.byte	0
 1221 0160 1C       		.uleb128 0x1c
 1222 0161 34       		.uleb128 0x34
 1223 0162 00       		.byte	0
 1224 0163 03       		.uleb128 0x3
 1225 0164 08       		.uleb128 0x8
 1226 0165 3A       		.uleb128 0x3a
 1227 0166 0B       		.uleb128 0xb
 1228 0167 3B       		.uleb128 0x3b
 1229 0168 05       		.uleb128 0x5
 1230 0169 49       		.uleb128 0x49
 1231 016a 13       		.uleb128 0x13
 1232 016b 02       		.uleb128 0x2
 1233 016c 17       		.uleb128 0x17
 1234 016d 00       		.byte	0
 1235 016e 00       		.byte	0
 1236 016f 1D       		.uleb128 0x1d
 1237 0170 898201   		.uleb128 0x4109
 1238 0173 00       		.byte	0
 1239 0174 11       		.uleb128 0x11
 1240 0175 01       		.uleb128 0x1
 1241 0176 31       		.uleb128 0x31
 1242 0177 13       		.uleb128 0x13
 1243 0178 00       		.byte	0
 1244 0179 00       		.byte	0
 1245 017a 1E       		.uleb128 0x1e
 1246 017b 2E       		.uleb128 0x2e
 1247 017c 00       		.byte	0
 1248 017d 3F       		.uleb128 0x3f
 1249 017e 19       		.uleb128 0x19
 1250 017f 3C       		.uleb128 0x3c
 1251 0180 19       		.uleb128 0x19
 1252 0181 6E       		.uleb128 0x6e
 1253 0182 0E       		.uleb128 0xe
 1254 0183 03       		.uleb128 0x3
 1255 0184 0E       		.uleb128 0xe
 1256 0185 00       		.byte	0
 1257 0186 00       		.byte	0
 1258 0187 1F       		.uleb128 0x1f
 1259 0188 2E       		.uleb128 0x2e
 1260 0189 00       		.byte	0
 1261 018a 3F       		.uleb128 0x3f
 1262 018b 19       		.uleb128 0x19
 1263 018c 3C       		.uleb128 0x3c
 1264 018d 19       		.uleb128 0x19
ARM GAS  C:\Users\amant\AppData\Local\Temp\cc3CQzKH.s 			page 30


 1265 018e 6E       		.uleb128 0x6e
 1266 018f 0E       		.uleb128 0xe
 1267 0190 03       		.uleb128 0x3
 1268 0191 0E       		.uleb128 0xe
 1269 0192 3A       		.uleb128 0x3a
 1270 0193 0B       		.uleb128 0xb
 1271 0194 3B       		.uleb128 0x3b
 1272 0195 0B       		.uleb128 0xb
 1273 0196 00       		.byte	0
 1274 0197 00       		.byte	0
 1275 0198 00       		.byte	0
 1276              		.section	.debug_loc,"",%progbits
 1277              	.Ldebug_loc0:
 1278              	.LLST0:
 1279 0000 02000000 		.4byte	.LVL1
 1280 0004 08000000 		.4byte	.LVL2
 1281 0008 0200     		.2byte	0x2
 1282 000a 30       		.byte	0x30
 1283 000b 9F       		.byte	0x9f
 1284 000c 08000000 		.4byte	.LVL2
 1285 0010 30000000 		.4byte	.LVL11
 1286 0014 0100     		.2byte	0x1
 1287 0016 57       		.byte	0x57
 1288 0017 00000000 		.4byte	0
 1289 001b 00000000 		.4byte	0
 1290              	.LLST1:
 1291 001f 02000000 		.4byte	.LVL1
 1292 0023 08000000 		.4byte	.LVL2
 1293 0027 0200     		.2byte	0x2
 1294 0029 30       		.byte	0x30
 1295 002a 9F       		.byte	0x9f
 1296 002b 08000000 		.4byte	.LVL2
 1297 002f 30000000 		.4byte	.LVL10
 1298 0033 0100     		.2byte	0x1
 1299 0035 55       		.byte	0x55
 1300 0036 00000000 		.4byte	0
 1301 003a 00000000 		.4byte	0
 1302              	.LLST2:
 1303 003e 0C000000 		.4byte	.LVL3
 1304 0042 2C000000 		.4byte	.LVL9
 1305 0046 0100     		.2byte	0x1
 1306 0048 56       		.byte	0x56
 1307 0049 00000000 		.4byte	0
 1308 004d 00000000 		.4byte	0
 1309              	.LLST3:
 1310 0051 0E000000 		.4byte	.LVL4
 1311 0055 24000000 		.4byte	.LVL7
 1312 0059 0100     		.2byte	0x1
 1313 005b 53       		.byte	0x53
 1314 005c 26000000 		.4byte	.LVL8
 1315 0060 2C000000 		.4byte	.LVL9
 1316 0064 0100     		.2byte	0x1
 1317 0066 53       		.byte	0x53
 1318 0067 00000000 		.4byte	0
 1319 006b 00000000 		.4byte	0
 1320              	.LLST4:
 1321 006f 00000000 		.4byte	.LVL12
ARM GAS  C:\Users\amant\AppData\Local\Temp\cc3CQzKH.s 			page 31


 1322 0073 09000000 		.4byte	.LVL14-1
 1323 0077 0100     		.2byte	0x1
 1324 0079 50       		.byte	0x50
 1325 007a 09000000 		.4byte	.LVL14-1
 1326 007e 0C000000 		.4byte	.LFE0
 1327 0082 0400     		.2byte	0x4
 1328 0084 F3       		.byte	0xf3
 1329 0085 01       		.uleb128 0x1
 1330 0086 50       		.byte	0x50
 1331 0087 9F       		.byte	0x9f
 1332 0088 00000000 		.4byte	0
 1333 008c 00000000 		.4byte	0
 1334              	.LLST5:
 1335 0090 00000000 		.4byte	.LVL12
 1336 0094 06000000 		.4byte	.LVL13
 1337 0098 0100     		.2byte	0x1
 1338 009a 51       		.byte	0x51
 1339 009b 06000000 		.4byte	.LVL13
 1340 009f 09000000 		.4byte	.LVL14-1
 1341 00a3 0100     		.2byte	0x1
 1342 00a5 52       		.byte	0x52
 1343 00a6 09000000 		.4byte	.LVL14-1
 1344 00aa 0C000000 		.4byte	.LFE0
 1345 00ae 0400     		.2byte	0x4
 1346 00b0 F3       		.byte	0xf3
 1347 00b1 01       		.uleb128 0x1
 1348 00b2 51       		.byte	0x51
 1349 00b3 9F       		.byte	0x9f
 1350 00b4 00000000 		.4byte	0
 1351 00b8 00000000 		.4byte	0
 1352              	.LLST6:
 1353 00bc 9C000000 		.4byte	.LVL18
 1354 00c0 A0000000 		.4byte	.LVL19
 1355 00c4 0200     		.2byte	0x2
 1356 00c6 30       		.byte	0x30
 1357 00c7 9F       		.byte	0x9f
 1358 00c8 A0000000 		.4byte	.LVL19
 1359 00cc BE000000 		.4byte	.LVL21
 1360 00d0 0100     		.2byte	0x1
 1361 00d2 54       		.byte	0x54
 1362 00d3 C0000000 		.4byte	.LVL22
 1363 00d7 40010000 		.4byte	.LVL25
 1364 00db 0100     		.2byte	0x1
 1365 00dd 54       		.byte	0x54
 1366 00de 00000000 		.4byte	0
 1367 00e2 00000000 		.4byte	0
 1368              	.LLST7:
 1369 00e6 A0000000 		.4byte	.LVL19
 1370 00ea BE000000 		.4byte	.LVL21
 1371 00ee 0B00     		.2byte	0xb
 1372 00f0 74       		.byte	0x74
 1373 00f1 00       		.sleb128 0
 1374 00f2 36       		.byte	0x36
 1375 00f3 1E       		.byte	0x1e
 1376 00f4 03       		.byte	0x3
 1377 00f5 00000000 		.4byte	cfg_memset_list.4870
 1378 00f9 22       		.byte	0x22
ARM GAS  C:\Users\amant\AppData\Local\Temp\cc3CQzKH.s 			page 32


 1379 00fa 9F       		.byte	0x9f
 1380 00fb BE000000 		.4byte	.LVL21
 1381 00ff C0000000 		.4byte	.LVL22
 1382 0103 0B00     		.2byte	0xb
 1383 0105 74       		.byte	0x74
 1384 0106 7F       		.sleb128 -1
 1385 0107 36       		.byte	0x36
 1386 0108 1E       		.byte	0x1e
 1387 0109 03       		.byte	0x3
 1388 010a 00000000 		.4byte	cfg_memset_list.4870
 1389 010e 22       		.byte	0x22
 1390 010f 9F       		.byte	0x9f
 1391 0110 00000000 		.4byte	0
 1392 0114 00000000 		.4byte	0
 1393              		.section	.debug_aranges,"",%progbits
 1394 0000 34000000 		.4byte	0x34
 1395 0004 0200     		.2byte	0x2
 1396 0006 00000000 		.4byte	.Ldebug_info0
 1397 000a 04       		.byte	0x4
 1398 000b 00       		.byte	0
 1399 000c 0000     		.2byte	0
 1400 000e 0000     		.2byte	0
 1401 0010 00000000 		.4byte	.LFB3
 1402 0014 32000000 		.4byte	.LFE3-.LFB3
 1403 0018 00000000 		.4byte	.LFB0
 1404 001c 0C000000 		.4byte	.LFE0-.LFB0
 1405 0020 00000000 		.4byte	.LFB4
 1406 0024 98000000 		.4byte	.LFE4-.LFB4
 1407 0028 98000000 		.4byte	.LFB6
 1408 002c F8000000 		.4byte	.LFE6-.LFB6
 1409 0030 00000000 		.4byte	0
 1410 0034 00000000 		.4byte	0
 1411              		.section	.debug_ranges,"",%progbits
 1412              	.Ldebug_ranges0:
 1413 0000 00000000 		.4byte	.LFB3
 1414 0004 32000000 		.4byte	.LFE3
 1415 0008 00000000 		.4byte	.LFB0
 1416 000c 0C000000 		.4byte	.LFE0
 1417 0010 00000000 		.4byte	.LFB4
 1418 0014 98000000 		.4byte	.LFE4
 1419 0018 98000000 		.4byte	.LFB6
 1420 001c 90010000 		.4byte	.LFE6
 1421 0020 00000000 		.4byte	0
 1422 0024 00000000 		.4byte	0
 1423              		.section	.debug_line,"",%progbits
 1424              	.Ldebug_line0:
 1425 0000 62010000 		.section	.debug_str,"MS",%progbits,1
 1425      0200D600 
 1425      00000201 
 1425      FB0E0D00 
 1425      01010101 
 1426              	.LASF19:
 1427 0000 72656733 		.ascii	"reg32\000"
 1427      3200
 1428              	.LASF12:
 1429 0006 73697A65 		.ascii	"size_t\000"
 1429      5F7400
ARM GAS  C:\Users\amant\AppData\Local\Temp\cc3CQzKH.s 			page 33


 1430              	.LASF37:
 1431 000d 4379496E 		.ascii	"CyIntSetVector\000"
 1431      74536574 
 1431      56656374 
 1431      6F7200
 1432              	.LASF21:
 1433 001c 76616C75 		.ascii	"value\000"
 1433      6500
 1434              	.LASF26:
 1435 0022 636F756E 		.ascii	"count\000"
 1435      7400
 1436              	.LASF29:
 1437 0028 436C6F63 		.ascii	"ClockSetup\000"
 1437      6B536574 
 1437      757000
 1438              	.LASF30:
 1439 0033 63795F63 		.ascii	"cy_cfg_addr_table\000"
 1439      66675F61 
 1439      6464725F 
 1439      7461626C 
 1439      6500
 1440              	.LASF31:
 1441 0045 63795F63 		.ascii	"cy_cfg_data_table\000"
 1441      66675F64 
 1441      6174615F 
 1441      7461626C 
 1441      6500
 1442              	.LASF16:
 1443 0057 666C6F61 		.ascii	"float\000"
 1443      7400
 1444              	.LASF35:
 1445 005d 6366675F 		.ascii	"cfg_memset_list\000"
 1445      6D656D73 
 1445      65745F6C 
 1445      69737400 
 1446              	.LASF33:
 1447 006d 73697A65 		.ascii	"size\000"
 1447      00
 1448              	.LASF18:
 1449 0072 72656738 		.ascii	"reg8\000"
 1449      00
 1450              	.LASF8:
 1451 0077 6C6F6E67 		.ascii	"long unsigned int\000"
 1451      20756E73 
 1451      69676E65 
 1451      6420696E 
 1451      7400
 1452              	.LASF13:
 1453 0089 75696E74 		.ascii	"uint8\000"
 1453      3800
 1454              	.LASF28:
 1455 008f 43594D45 		.ascii	"CYMEMZERO\000"
 1455      4D5A4552 
 1455      4F00
 1456              	.LASF4:
 1457 0099 756E7369 		.ascii	"unsigned char\000"
 1457      676E6564 
ARM GAS  C:\Users\amant\AppData\Local\Temp\cc3CQzKH.s 			page 34


 1457      20636861 
 1457      7200
 1458              	.LASF43:
 1459 00a7 6D656D73 		.ascii	"memset\000"
 1459      657400
 1460              	.LASF17:
 1461 00ae 646F7562 		.ascii	"double\000"
 1461      6C6500
 1462              	.LASF27:
 1463 00b5 6366675F 		.ascii	"cfg_write_bytes32\000"
 1463      77726974 
 1463      655F6279 
 1463      74657333 
 1463      3200
 1464              	.LASF41:
 1465 00c7 433A5C55 		.ascii	"C:\\Users\\amant\\Generate\\Uplift-Solutions\\uplif"
 1465      73657273 
 1465      5C616D61 
 1465      6E745C47 
 1465      656E6572 
 1466 00f5 742D6677 		.ascii	"t-fw-sp25\\src\\psoc_4200_uplift.cydsn\000"
 1466      2D737032 
 1466      355C7372 
 1466      635C7073 
 1466      6F635F34 
 1467              	.LASF38:
 1468 011a 4379496E 		.ascii	"CyIntEnable\000"
 1468      74456E61 
 1468      626C6500 
 1469              	.LASF23:
 1470 0126 61646472 		.ascii	"addr_table\000"
 1470      5F746162 
 1470      6C6500
 1471              	.LASF14:
 1472 0131 75696E74 		.ascii	"uint16\000"
 1472      313600
 1473              	.LASF24:
 1474 0138 64617461 		.ascii	"data_table\000"
 1474      5F746162 
 1474      6C6500
 1475              	.LASF15:
 1476 0143 75696E74 		.ascii	"uint32\000"
 1476      333200
 1477              	.LASF0:
 1478 014a 756E7369 		.ascii	"unsigned int\000"
 1478      676E6564 
 1478      20696E74 
 1478      00
 1479              	.LASF42:
 1480 0157 63796669 		.ascii	"cyfitter_cfg\000"
 1480      74746572 
 1480      5F636667 
 1480      00
 1481              	.LASF32:
 1482 0164 61646472 		.ascii	"address\000"
 1482      65737300 
 1483              	.LASF9:
ARM GAS  C:\Users\amant\AppData\Local\Temp\cc3CQzKH.s 			page 35


 1484 016c 6C6F6E67 		.ascii	"long long unsigned int\000"
 1484      206C6F6E 
 1484      6720756E 
 1484      7369676E 
 1484      65642069 
 1485              	.LASF39:
 1486 0183 474E5520 		.ascii	"GNU C11 5.4.1 20160609 (release) [ARM/embedded-5-br"
 1486      43313120 
 1486      352E342E 
 1486      31203230 
 1486      31363036 
 1487 01b6 616E6368 		.ascii	"anch revision 237715] -mcpu=cortex-m0 -mthumb -g -O"
 1487      20726576 
 1487      6973696F 
 1487      6E203233 
 1487      37373135 
 1488 01e9 67202D66 		.ascii	"g -ffunction-sections -ffat-lto-objects\000"
 1488      66756E63 
 1488      74696F6E 
 1488      2D736563 
 1488      74696F6E 
 1489              	.LASF34:
 1490 0211 6366675F 		.ascii	"cfg_memset_t\000"
 1490      6D656D73 
 1490      65745F74 
 1490      00
 1491              	.LASF25:
 1492 021e 62617365 		.ascii	"baseAddr\000"
 1492      41646472 
 1492      00
 1493              	.LASF10:
 1494 0227 73697A65 		.ascii	"sizetype\000"
 1494      74797065 
 1494      00
 1495              	.LASF6:
 1496 0230 73686F72 		.ascii	"short unsigned int\000"
 1496      7420756E 
 1496      7369676E 
 1496      65642069 
 1496      6E7400
 1497              	.LASF1:
 1498 0243 6C6F6E67 		.ascii	"long long int\000"
 1498      206C6F6E 
 1498      6720696E 
 1498      7400
 1499              	.LASF11:
 1500 0251 63686172 		.ascii	"char\000"
 1500      00
 1501              	.LASF22:
 1502 0256 63795F63 		.ascii	"cy_cfg_addrvalue_t\000"
 1502      66675F61 
 1502      64647276 
 1502      616C7565 
 1502      5F7400
 1503              	.LASF20:
 1504 0269 6F666673 		.ascii	"offset\000"
 1504      657400
ARM GAS  C:\Users\amant\AppData\Local\Temp\cc3CQzKH.s 			page 36


 1505              	.LASF5:
 1506 0270 73686F72 		.ascii	"short int\000"
 1506      7420696E 
 1506      7400
 1507              	.LASF36:
 1508 027a 43795379 		.ascii	"CySysClkWriteImoFreq\000"
 1508      73436C6B 
 1508      57726974 
 1508      65496D6F 
 1508      46726571 
 1509              	.LASF7:
 1510 028f 6C6F6E67 		.ascii	"long int\000"
 1510      20696E74 
 1510      00
 1511              	.LASF2:
 1512 0298 6C6F6E67 		.ascii	"long double\000"
 1512      20646F75 
 1512      626C6500 
 1513              	.LASF3:
 1514 02a4 7369676E 		.ascii	"signed char\000"
 1514      65642063 
 1514      68617200 
 1515              	.LASF40:
 1516 02b0 47656E65 		.ascii	"Generated_Source\\PSoC4\\cyfitter_cfg.c\000"
 1516      72617465 
 1516      645F536F 
 1516      75726365 
 1516      5C50536F 
 1517              		.ident	"GCC: (GNU Tools for ARM Embedded Processors) 5.4.1 20160609 (release) [ARM/embedded-5-bran
