ARM GAS  C:\Users\amant\AppData\Local\Temp\ccUwMCbi.s 			page 1


   1              		.syntax unified
   2              		.cpu cortex-m0
   3              		.fpu softvfp
   4              		.eabi_attribute 20, 1
   5              		.eabi_attribute 21, 1
   6              		.eabi_attribute 23, 3
   7              		.eabi_attribute 24, 1
   8              		.eabi_attribute 25, 1
   9              		.eabi_attribute 26, 1
  10              		.eabi_attribute 30, 1
  11              		.eabi_attribute 34, 0
  12              		.eabi_attribute 18, 4
  13              		.thumb
  14              		.syntax unified
  15              		.file	"cyfitter_cfg.c"
  16              		.text
  17              	.Ltext0:
  18              		.cfi_sections	.debug_frame
  19              		.section	.text.cfg_write_bytes32,"ax",%progbits
  20              		.align	2
  21              		.code	16
  22              		.thumb_func
  23              		.type	cfg_write_bytes32, %function
  24              	cfg_write_bytes32:
  25              	.LFB3:
  26              		.file 1 "Generated_Source\\PSoC4\\cyfitter_cfg.c"
   1:Generated_Source\PSoC4/cyfitter_cfg.c **** 
   2:Generated_Source\PSoC4/cyfitter_cfg.c **** /*******************************************************************************
   3:Generated_Source\PSoC4/cyfitter_cfg.c **** * File Name: cyfitter_cfg.c
   4:Generated_Source\PSoC4/cyfitter_cfg.c **** * 
   5:Generated_Source\PSoC4/cyfitter_cfg.c **** * PSoC Creator  4.4
   6:Generated_Source\PSoC4/cyfitter_cfg.c **** *
   7:Generated_Source\PSoC4/cyfitter_cfg.c **** * Description:
   8:Generated_Source\PSoC4/cyfitter_cfg.c **** * This file contains device initialization code.
   9:Generated_Source\PSoC4/cyfitter_cfg.c **** * Except for the user defined sections in CyClockStartupError(), this file should not be modified.
  10:Generated_Source\PSoC4/cyfitter_cfg.c **** * This file is automatically generated by PSoC Creator.
  11:Generated_Source\PSoC4/cyfitter_cfg.c **** *
  12:Generated_Source\PSoC4/cyfitter_cfg.c **** ********************************************************************************
  13:Generated_Source\PSoC4/cyfitter_cfg.c **** * Copyright (c) 2007-2020 Cypress Semiconductor.  All rights reserved.
  14:Generated_Source\PSoC4/cyfitter_cfg.c **** * You may use this file only in accordance with the license, terms, conditions, 
  15:Generated_Source\PSoC4/cyfitter_cfg.c **** * disclaimers, and limitations in the end user license agreement accompanying 
  16:Generated_Source\PSoC4/cyfitter_cfg.c **** * the software package with which this file was provided.
  17:Generated_Source\PSoC4/cyfitter_cfg.c **** ********************************************************************************/
  18:Generated_Source\PSoC4/cyfitter_cfg.c **** 
  19:Generated_Source\PSoC4/cyfitter_cfg.c **** #include <string.h>
  20:Generated_Source\PSoC4/cyfitter_cfg.c **** #include "cytypes.h"
  21:Generated_Source\PSoC4/cyfitter_cfg.c **** #include "cydevice_trm.h"
  22:Generated_Source\PSoC4/cyfitter_cfg.c **** #include "cyfitter.h"
  23:Generated_Source\PSoC4/cyfitter_cfg.c **** #include "CyLib.h"
  24:Generated_Source\PSoC4/cyfitter_cfg.c **** #include "CyLFClk.h"
  25:Generated_Source\PSoC4/cyfitter_cfg.c **** #include "cyfitter_cfg.h"
  26:Generated_Source\PSoC4/cyfitter_cfg.c **** #include "cyapicallbacks.h"
  27:Generated_Source\PSoC4/cyfitter_cfg.c **** 
  28:Generated_Source\PSoC4/cyfitter_cfg.c **** 
  29:Generated_Source\PSoC4/cyfitter_cfg.c **** #if defined(__GNUC__) || defined(__ARMCC_VERSION)
  30:Generated_Source\PSoC4/cyfitter_cfg.c ****     #define CYPACKED 
  31:Generated_Source\PSoC4/cyfitter_cfg.c ****     #define CYPACKED_ATTR __attribute__ ((packed))
ARM GAS  C:\Users\amant\AppData\Local\Temp\ccUwMCbi.s 			page 2


  32:Generated_Source\PSoC4/cyfitter_cfg.c ****     #define CYALIGNED __attribute__ ((aligned))
  33:Generated_Source\PSoC4/cyfitter_cfg.c ****     #define CY_CFG_UNUSED __attribute__ ((unused))
  34:Generated_Source\PSoC4/cyfitter_cfg.c ****     #ifndef CY_CFG_SECTION
  35:Generated_Source\PSoC4/cyfitter_cfg.c ****         #define CY_CFG_SECTION __attribute__ ((section(".psocinit")))
  36:Generated_Source\PSoC4/cyfitter_cfg.c ****     #endif
  37:Generated_Source\PSoC4/cyfitter_cfg.c ****     
  38:Generated_Source\PSoC4/cyfitter_cfg.c ****     #if defined(__ARMCC_VERSION)
  39:Generated_Source\PSoC4/cyfitter_cfg.c ****         #define CY_CFG_MEMORY_BARRIER() __memory_changed()
  40:Generated_Source\PSoC4/cyfitter_cfg.c ****     #else
  41:Generated_Source\PSoC4/cyfitter_cfg.c ****         #define CY_CFG_MEMORY_BARRIER() __sync_synchronize()
  42:Generated_Source\PSoC4/cyfitter_cfg.c ****     #endif
  43:Generated_Source\PSoC4/cyfitter_cfg.c ****     
  44:Generated_Source\PSoC4/cyfitter_cfg.c **** #elif defined(__ICCARM__)
  45:Generated_Source\PSoC4/cyfitter_cfg.c ****     #include <intrinsics.h>
  46:Generated_Source\PSoC4/cyfitter_cfg.c **** 
  47:Generated_Source\PSoC4/cyfitter_cfg.c ****     #define CYPACKED __packed
  48:Generated_Source\PSoC4/cyfitter_cfg.c ****     #define CYPACKED_ATTR 
  49:Generated_Source\PSoC4/cyfitter_cfg.c ****     #define CYALIGNED _Pragma("data_alignment=4")
  50:Generated_Source\PSoC4/cyfitter_cfg.c ****     #define CY_CFG_UNUSED _Pragma("diag_suppress=Pe177")
  51:Generated_Source\PSoC4/cyfitter_cfg.c ****     #define CY_CFG_SECTION _Pragma("location=\".psocinit\"")
  52:Generated_Source\PSoC4/cyfitter_cfg.c ****     
  53:Generated_Source\PSoC4/cyfitter_cfg.c ****     #define CY_CFG_MEMORY_BARRIER() __DMB()
  54:Generated_Source\PSoC4/cyfitter_cfg.c ****     
  55:Generated_Source\PSoC4/cyfitter_cfg.c **** #else
  56:Generated_Source\PSoC4/cyfitter_cfg.c ****     #error Unsupported toolchain
  57:Generated_Source\PSoC4/cyfitter_cfg.c **** #endif
  58:Generated_Source\PSoC4/cyfitter_cfg.c **** 
  59:Generated_Source\PSoC4/cyfitter_cfg.c **** #ifndef CYCODE
  60:Generated_Source\PSoC4/cyfitter_cfg.c ****     #define CYCODE
  61:Generated_Source\PSoC4/cyfitter_cfg.c **** #endif
  62:Generated_Source\PSoC4/cyfitter_cfg.c **** #ifndef CYDATA
  63:Generated_Source\PSoC4/cyfitter_cfg.c ****     #define CYDATA
  64:Generated_Source\PSoC4/cyfitter_cfg.c **** #endif
  65:Generated_Source\PSoC4/cyfitter_cfg.c **** #ifndef CYFAR
  66:Generated_Source\PSoC4/cyfitter_cfg.c ****     #define CYFAR
  67:Generated_Source\PSoC4/cyfitter_cfg.c **** #endif
  68:Generated_Source\PSoC4/cyfitter_cfg.c **** #ifndef CYXDATA
  69:Generated_Source\PSoC4/cyfitter_cfg.c ****     #define CYXDATA
  70:Generated_Source\PSoC4/cyfitter_cfg.c **** #endif
  71:Generated_Source\PSoC4/cyfitter_cfg.c **** 
  72:Generated_Source\PSoC4/cyfitter_cfg.c **** 
  73:Generated_Source\PSoC4/cyfitter_cfg.c **** CY_CFG_UNUSED
  74:Generated_Source\PSoC4/cyfitter_cfg.c **** static void CYMEMZERO(void *s, size_t n);
  75:Generated_Source\PSoC4/cyfitter_cfg.c **** CY_CFG_UNUSED
  76:Generated_Source\PSoC4/cyfitter_cfg.c **** static void CYMEMZERO(void *s, size_t n)
  77:Generated_Source\PSoC4/cyfitter_cfg.c **** {
  78:Generated_Source\PSoC4/cyfitter_cfg.c **** 	(void)memset(s, 0, n);
  79:Generated_Source\PSoC4/cyfitter_cfg.c **** }
  80:Generated_Source\PSoC4/cyfitter_cfg.c **** CY_CFG_UNUSED
  81:Generated_Source\PSoC4/cyfitter_cfg.c **** static void CYCONFIGCPY(void *dest, const void *src, size_t n);
  82:Generated_Source\PSoC4/cyfitter_cfg.c **** CY_CFG_UNUSED
  83:Generated_Source\PSoC4/cyfitter_cfg.c **** static void CYCONFIGCPY(void *dest, const void *src, size_t n)
  84:Generated_Source\PSoC4/cyfitter_cfg.c **** {
  85:Generated_Source\PSoC4/cyfitter_cfg.c **** 	(void)memcpy(dest, src, n);
  86:Generated_Source\PSoC4/cyfitter_cfg.c **** }
  87:Generated_Source\PSoC4/cyfitter_cfg.c **** CY_CFG_UNUSED
  88:Generated_Source\PSoC4/cyfitter_cfg.c **** static void CYCONFIGCPYCODE(void *dest, const void *src, size_t n);
ARM GAS  C:\Users\amant\AppData\Local\Temp\ccUwMCbi.s 			page 3


  89:Generated_Source\PSoC4/cyfitter_cfg.c **** CY_CFG_UNUSED
  90:Generated_Source\PSoC4/cyfitter_cfg.c **** static void CYCONFIGCPYCODE(void *dest, const void *src, size_t n)
  91:Generated_Source\PSoC4/cyfitter_cfg.c **** {
  92:Generated_Source\PSoC4/cyfitter_cfg.c **** 	(void)memcpy(dest, src, n);
  93:Generated_Source\PSoC4/cyfitter_cfg.c **** }
  94:Generated_Source\PSoC4/cyfitter_cfg.c **** 
  95:Generated_Source\PSoC4/cyfitter_cfg.c **** 
  96:Generated_Source\PSoC4/cyfitter_cfg.c **** 
  97:Generated_Source\PSoC4/cyfitter_cfg.c **** 
  98:Generated_Source\PSoC4/cyfitter_cfg.c **** /* Clock startup error codes                                                   */
  99:Generated_Source\PSoC4/cyfitter_cfg.c **** #define CYCLOCKSTART_NO_ERROR    0u
 100:Generated_Source\PSoC4/cyfitter_cfg.c **** #define CYCLOCKSTART_XTAL_ERROR  1u
 101:Generated_Source\PSoC4/cyfitter_cfg.c **** #define CYCLOCKSTART_32KHZ_ERROR 2u
 102:Generated_Source\PSoC4/cyfitter_cfg.c **** #define CYCLOCKSTART_PLL_ERROR   3u
 103:Generated_Source\PSoC4/cyfitter_cfg.c **** #define CYCLOCKSTART_FLL_ERROR   4u
 104:Generated_Source\PSoC4/cyfitter_cfg.c **** #define CYCLOCKSTART_WCO_ERROR   5u
 105:Generated_Source\PSoC4/cyfitter_cfg.c **** 
 106:Generated_Source\PSoC4/cyfitter_cfg.c **** 
 107:Generated_Source\PSoC4/cyfitter_cfg.c **** #ifdef CY_NEED_CYCLOCKSTARTUPERROR
 108:Generated_Source\PSoC4/cyfitter_cfg.c **** /*******************************************************************************
 109:Generated_Source\PSoC4/cyfitter_cfg.c **** * Function Name: CyClockStartupError
 110:Generated_Source\PSoC4/cyfitter_cfg.c **** ********************************************************************************
 111:Generated_Source\PSoC4/cyfitter_cfg.c **** * Summary:
 112:Generated_Source\PSoC4/cyfitter_cfg.c **** *  If an error is encountered during clock configuration (crystal startup error,
 113:Generated_Source\PSoC4/cyfitter_cfg.c **** *  PLL lock error, etc.), the system will end up here.  Unless reimplemented by
 114:Generated_Source\PSoC4/cyfitter_cfg.c **** *  the customer, this function will stop in an infinite loop.
 115:Generated_Source\PSoC4/cyfitter_cfg.c **** *
 116:Generated_Source\PSoC4/cyfitter_cfg.c **** * Parameters:
 117:Generated_Source\PSoC4/cyfitter_cfg.c **** *   void
 118:Generated_Source\PSoC4/cyfitter_cfg.c **** *
 119:Generated_Source\PSoC4/cyfitter_cfg.c **** * Return:
 120:Generated_Source\PSoC4/cyfitter_cfg.c **** *   void
 121:Generated_Source\PSoC4/cyfitter_cfg.c **** *
 122:Generated_Source\PSoC4/cyfitter_cfg.c **** *******************************************************************************/
 123:Generated_Source\PSoC4/cyfitter_cfg.c **** CY_CFG_UNUSED
 124:Generated_Source\PSoC4/cyfitter_cfg.c **** static void CyClockStartupError(uint8 errorCode);
 125:Generated_Source\PSoC4/cyfitter_cfg.c **** CY_CFG_UNUSED
 126:Generated_Source\PSoC4/cyfitter_cfg.c **** static void CyClockStartupError(uint8 errorCode)
 127:Generated_Source\PSoC4/cyfitter_cfg.c **** {
 128:Generated_Source\PSoC4/cyfitter_cfg.c ****     /* To remove the compiler warning if errorCode not used.                */
 129:Generated_Source\PSoC4/cyfitter_cfg.c ****     errorCode = errorCode;
 130:Generated_Source\PSoC4/cyfitter_cfg.c **** 
 131:Generated_Source\PSoC4/cyfitter_cfg.c ****     /* If we have a clock startup error (bad MHz crystal, PLL lock, etc.),  */
 132:Generated_Source\PSoC4/cyfitter_cfg.c ****     /* we will end up here to allow the customer to implement something to  */
 133:Generated_Source\PSoC4/cyfitter_cfg.c ****     /* deal with the clock condition.                                       */
 134:Generated_Source\PSoC4/cyfitter_cfg.c **** 
 135:Generated_Source\PSoC4/cyfitter_cfg.c **** #ifdef CY_CFG_CLOCK_STARTUP_ERROR_CALLBACK
 136:Generated_Source\PSoC4/cyfitter_cfg.c ****     CY_CFG_Clock_Startup_ErrorCallback();
 137:Generated_Source\PSoC4/cyfitter_cfg.c **** #else
 138:Generated_Source\PSoC4/cyfitter_cfg.c ****     /*  If not using CY_CFG_CLOCK_STARTUP_ERROR_CALLBACK, place your clock startup code here. */
 139:Generated_Source\PSoC4/cyfitter_cfg.c ****     /* `#START CyClockStartupError` */
 140:Generated_Source\PSoC4/cyfitter_cfg.c **** 
 141:Generated_Source\PSoC4/cyfitter_cfg.c **** 
 142:Generated_Source\PSoC4/cyfitter_cfg.c **** 
 143:Generated_Source\PSoC4/cyfitter_cfg.c ****     /* `#END` */
 144:Generated_Source\PSoC4/cyfitter_cfg.c **** 
 145:Generated_Source\PSoC4/cyfitter_cfg.c ****     while(1) {}
ARM GAS  C:\Users\amant\AppData\Local\Temp\ccUwMCbi.s 			page 4


 146:Generated_Source\PSoC4/cyfitter_cfg.c **** #endif /* CY_CFG_CLOCK_STARTUP_ERROR_CALLBACK */
 147:Generated_Source\PSoC4/cyfitter_cfg.c **** }
 148:Generated_Source\PSoC4/cyfitter_cfg.c **** #endif
 149:Generated_Source\PSoC4/cyfitter_cfg.c **** 
 150:Generated_Source\PSoC4/cyfitter_cfg.c **** #define CY_CFG_BASE_ADDR_COUNT 3u
 151:Generated_Source\PSoC4/cyfitter_cfg.c **** CYPACKED typedef struct
 152:Generated_Source\PSoC4/cyfitter_cfg.c **** {
 153:Generated_Source\PSoC4/cyfitter_cfg.c **** 	uint8 offset;
 154:Generated_Source\PSoC4/cyfitter_cfg.c **** 	uint8 value;
 155:Generated_Source\PSoC4/cyfitter_cfg.c **** } CYPACKED_ATTR cy_cfg_addrvalue_t;
 156:Generated_Source\PSoC4/cyfitter_cfg.c **** 
 157:Generated_Source\PSoC4/cyfitter_cfg.c **** 
 158:Generated_Source\PSoC4/cyfitter_cfg.c **** 
 159:Generated_Source\PSoC4/cyfitter_cfg.c **** /*******************************************************************************
 160:Generated_Source\PSoC4/cyfitter_cfg.c **** * Function Name: cfg_write_bytes32
 161:Generated_Source\PSoC4/cyfitter_cfg.c **** ********************************************************************************
 162:Generated_Source\PSoC4/cyfitter_cfg.c **** * Summary:
 163:Generated_Source\PSoC4/cyfitter_cfg.c **** *  This function is used for setting up the chip configuration areas that
 164:Generated_Source\PSoC4/cyfitter_cfg.c **** *  contain relatively sparse data.
 165:Generated_Source\PSoC4/cyfitter_cfg.c **** *
 166:Generated_Source\PSoC4/cyfitter_cfg.c **** * Parameters:
 167:Generated_Source\PSoC4/cyfitter_cfg.c **** *   void
 168:Generated_Source\PSoC4/cyfitter_cfg.c **** *
 169:Generated_Source\PSoC4/cyfitter_cfg.c **** * Return:
 170:Generated_Source\PSoC4/cyfitter_cfg.c **** *   void
 171:Generated_Source\PSoC4/cyfitter_cfg.c **** *
 172:Generated_Source\PSoC4/cyfitter_cfg.c **** *******************************************************************************/
 173:Generated_Source\PSoC4/cyfitter_cfg.c **** static void cfg_write_bytes32(const uint32 addr_table[], const cy_cfg_addrvalue_t data_table[]);
 174:Generated_Source\PSoC4/cyfitter_cfg.c **** static void cfg_write_bytes32(const uint32 addr_table[], const cy_cfg_addrvalue_t data_table[])
 175:Generated_Source\PSoC4/cyfitter_cfg.c **** {
  27              		.loc 1 175 0
  28              		.cfi_startproc
  29              		@ args = 0, pretend = 0, frame = 0
  30              		@ frame_needed = 0, uses_anonymous_args = 0
  31              	.LVL0:
  32 0000 F0B5     		push	{r4, r5, r6, r7, lr}
  33              		.cfi_def_cfa_offset 20
  34              		.cfi_offset 4, -20
  35              		.cfi_offset 5, -16
  36              		.cfi_offset 6, -12
  37              		.cfi_offset 7, -8
  38              		.cfi_offset 14, -4
  39              	.LVL1:
 176:Generated_Source\PSoC4/cyfitter_cfg.c **** 	/* For 32-bit little-endian architectures */
 177:Generated_Source\PSoC4/cyfitter_cfg.c **** 	uint32 i, j = 0u;
  40              		.loc 1 177 0
  41 0002 0025     		movs	r5, #0
 178:Generated_Source\PSoC4/cyfitter_cfg.c **** 	for (i = 0u; i < CY_CFG_BASE_ADDR_COUNT; i++)
  42              		.loc 1 178 0
  43 0004 0027     		movs	r7, #0
  44 0006 11E0     		b	.L2
  45              	.LVL2:
  46              	.L5:
  47              	.LBB2:
 179:Generated_Source\PSoC4/cyfitter_cfg.c **** 	{
 180:Generated_Source\PSoC4/cyfitter_cfg.c **** 		uint32 baseAddr = addr_table[i];
  48              		.loc 1 180 0
ARM GAS  C:\Users\amant\AppData\Local\Temp\ccUwMCbi.s 			page 5


  49 0008 BB00     		lsls	r3, r7, #2
  50 000a C658     		ldr	r6, [r0, r3]
  51              	.LVL3:
 181:Generated_Source\PSoC4/cyfitter_cfg.c **** 		uint8 count = (uint8)baseAddr;
  52              		.loc 1 181 0
  53 000c F3B2     		uxtb	r3, r6
  54              	.LVL4:
 182:Generated_Source\PSoC4/cyfitter_cfg.c **** 		baseAddr &= 0xFFFFFF00u;
  55              		.loc 1 182 0
  56 000e FF22     		movs	r2, #255
  57 0010 9643     		bics	r6, r2
  58              	.LVL5:
 183:Generated_Source\PSoC4/cyfitter_cfg.c **** 		while (count != 0u)
  59              		.loc 1 183 0
  60 0012 08E0     		b	.L3
  61              	.L4:
 184:Generated_Source\PSoC4/cyfitter_cfg.c **** 		{
 185:Generated_Source\PSoC4/cyfitter_cfg.c **** 			CY_SET_REG8((void *)(baseAddr + data_table[j].offset), data_table[j].value);
  62              		.loc 1 185 0
  63 0014 6A00     		lsls	r2, r5, #1
  64 0016 8A18     		adds	r2, r1, r2
  65 0018 1478     		ldrb	r4, [r2]
  66 001a A419     		adds	r4, r4, r6
  67 001c 5278     		ldrb	r2, [r2, #1]
  68 001e 2270     		strb	r2, [r4]
 186:Generated_Source\PSoC4/cyfitter_cfg.c **** 			j++;
  69              		.loc 1 186 0
  70 0020 0135     		adds	r5, r5, #1
  71              	.LVL6:
 187:Generated_Source\PSoC4/cyfitter_cfg.c **** 			count--;
  72              		.loc 1 187 0
  73 0022 013B     		subs	r3, r3, #1
  74              	.LVL7:
  75 0024 DBB2     		uxtb	r3, r3
  76              	.LVL8:
  77              	.L3:
 183:Generated_Source\PSoC4/cyfitter_cfg.c **** 		{
  78              		.loc 1 183 0
  79 0026 002B     		cmp	r3, #0
  80 0028 F4D1     		bne	.L4
  81              	.LBE2:
 178:Generated_Source\PSoC4/cyfitter_cfg.c **** 	{
  82              		.loc 1 178 0 discriminator 2
  83 002a 0137     		adds	r7, r7, #1
  84              	.LVL9:
  85              	.L2:
 178:Generated_Source\PSoC4/cyfitter_cfg.c **** 	{
  86              		.loc 1 178 0 is_stmt 0 discriminator 1
  87 002c 022F     		cmp	r7, #2
  88 002e EBD9     		bls	.L5
 188:Generated_Source\PSoC4/cyfitter_cfg.c **** 		}
 189:Generated_Source\PSoC4/cyfitter_cfg.c **** 	}
 190:Generated_Source\PSoC4/cyfitter_cfg.c **** }
  89              		.loc 1 190 0 is_stmt 1
  90              		@ sp needed
  91              	.LVL10:
  92              	.LVL11:
ARM GAS  C:\Users\amant\AppData\Local\Temp\ccUwMCbi.s 			page 6


  93 0030 F0BD     		pop	{r4, r5, r6, r7, pc}
  94              		.cfi_endproc
  95              	.LFE3:
  96              		.size	cfg_write_bytes32, .-cfg_write_bytes32
  97 0032 C046     		.section	.text.CYMEMZERO,"ax",%progbits
  98              		.align	2
  99              		.code	16
 100              		.thumb_func
 101              		.type	CYMEMZERO, %function
 102              	CYMEMZERO:
 103              	.LFB0:
  77:Generated_Source\PSoC4/cyfitter_cfg.c **** 	(void)memset(s, 0, n);
 104              		.loc 1 77 0
 105              		.cfi_startproc
 106              		@ args = 0, pretend = 0, frame = 0
 107              		@ frame_needed = 0, uses_anonymous_args = 0
 108              	.LVL12:
 109 0000 10B5     		push	{r4, lr}
 110              		.cfi_def_cfa_offset 8
 111              		.cfi_offset 4, -8
 112              		.cfi_offset 14, -4
 113 0002 0A00     		movs	r2, r1
  78:Generated_Source\PSoC4/cyfitter_cfg.c **** }
 114              		.loc 1 78 0
 115 0004 0021     		movs	r1, #0
 116              	.LVL13:
 117 0006 FFF7FEFF 		bl	memset
 118              	.LVL14:
  79:Generated_Source\PSoC4/cyfitter_cfg.c **** CY_CFG_UNUSED
 119              		.loc 1 79 0
 120              		@ sp needed
 121 000a 10BD     		pop	{r4, pc}
 122              		.cfi_endproc
 123              	.LFE0:
 124              		.size	CYMEMZERO, .-CYMEMZERO
 125              		.section	.psocinit,"ax",%progbits
 126              		.align	2
 127              		.code	16
 128              		.thumb_func
 129              		.type	ClockSetup, %function
 130              	ClockSetup:
 131              	.LFB4:
 191:Generated_Source\PSoC4/cyfitter_cfg.c **** 
 192:Generated_Source\PSoC4/cyfitter_cfg.c **** 
 193:Generated_Source\PSoC4/cyfitter_cfg.c **** /*******************************************************************************
 194:Generated_Source\PSoC4/cyfitter_cfg.c **** * Function Name: ClockSetup
 195:Generated_Source\PSoC4/cyfitter_cfg.c **** ********************************************************************************
 196:Generated_Source\PSoC4/cyfitter_cfg.c **** *
 197:Generated_Source\PSoC4/cyfitter_cfg.c **** * Summary:
 198:Generated_Source\PSoC4/cyfitter_cfg.c **** *   Performs the initialization of all of the clocks in the device based on the
 199:Generated_Source\PSoC4/cyfitter_cfg.c **** *   settings in the Clock tab of the DWR.  This includes enabling the requested
 200:Generated_Source\PSoC4/cyfitter_cfg.c **** *   clocks and setting the necessary dividers to produce the desired frequency. 
 201:Generated_Source\PSoC4/cyfitter_cfg.c **** *
 202:Generated_Source\PSoC4/cyfitter_cfg.c **** * Parameters:
 203:Generated_Source\PSoC4/cyfitter_cfg.c **** *   void
 204:Generated_Source\PSoC4/cyfitter_cfg.c **** *
 205:Generated_Source\PSoC4/cyfitter_cfg.c **** * Return:
ARM GAS  C:\Users\amant\AppData\Local\Temp\ccUwMCbi.s 			page 7


 206:Generated_Source\PSoC4/cyfitter_cfg.c **** *   void
 207:Generated_Source\PSoC4/cyfitter_cfg.c **** *
 208:Generated_Source\PSoC4/cyfitter_cfg.c **** *******************************************************************************/
 209:Generated_Source\PSoC4/cyfitter_cfg.c **** static void ClockSetup(void);
 210:Generated_Source\PSoC4/cyfitter_cfg.c **** CY_CFG_SECTION
 211:Generated_Source\PSoC4/cyfitter_cfg.c **** static void ClockSetup(void)
 212:Generated_Source\PSoC4/cyfitter_cfg.c **** {
 132              		.loc 1 212 0
 133              		.cfi_startproc
 134              		@ args = 0, pretend = 0, frame = 0
 135              		@ frame_needed = 0, uses_anonymous_args = 0
 136 0000 70B5     		push	{r4, r5, r6, lr}
 137              		.cfi_def_cfa_offset 16
 138              		.cfi_offset 4, -16
 139              		.cfi_offset 5, -12
 140              		.cfi_offset 6, -8
 141              		.cfi_offset 14, -4
 213:Generated_Source\PSoC4/cyfitter_cfg.c **** 	/* Enable HALF_EN before trimming for the flash accelerator. */
 214:Generated_Source\PSoC4/cyfitter_cfg.c **** 	CY_SET_REG32((void CYXDATA *)(CYREG_CLK_SELECT), (CY_GET_REG32((void *)CYREG_CLK_SELECT) | 0x00040
 142              		.loc 1 214 0
 143 0002 1A4C     		ldr	r4, .L8
 144 0004 2368     		ldr	r3, [r4]
 145 0006 8022     		movs	r2, #128
 146 0008 D202     		lsls	r2, r2, #11
 147 000a 1343     		orrs	r3, r2
 148 000c 2360     		str	r3, [r4]
 215:Generated_Source\PSoC4/cyfitter_cfg.c **** 
 216:Generated_Source\PSoC4/cyfitter_cfg.c **** 	/* Setup and trim IMO based on desired frequency. */
 217:Generated_Source\PSoC4/cyfitter_cfg.c **** 	CySysClkWriteImoFreq(24u);
 149              		.loc 1 217 0
 150 000e 1820     		movs	r0, #24
 151 0010 FFF7FEFF 		bl	CySysClkWriteImoFreq
 152              	.LVL15:
 218:Generated_Source\PSoC4/cyfitter_cfg.c **** 
 219:Generated_Source\PSoC4/cyfitter_cfg.c **** 	/* Disable HALF_EN since it is not required at this IMO frequency. */
 220:Generated_Source\PSoC4/cyfitter_cfg.c **** 	CY_SET_REG32((void CYXDATA *)(CYREG_CLK_SELECT), (CY_GET_REG32((void *)CYREG_CLK_SELECT) & 0xFFFBF
 153              		.loc 1 220 0
 154 0014 2268     		ldr	r2, [r4]
 155 0016 164B     		ldr	r3, .L8+4
 156 0018 1340     		ands	r3, r2
 157 001a 2360     		str	r3, [r4]
 221:Generated_Source\PSoC4/cyfitter_cfg.c **** 	/* CYDEV_CLK_ILO_CONFIG Starting address: CYDEV_CLK_ILO_CONFIG */
 222:Generated_Source\PSoC4/cyfitter_cfg.c **** 	CY_SET_REG32((void *)(CYREG_CLK_ILO_CONFIG), 0x80000006u);
 158              		.loc 1 222 0
 159 001c 154A     		ldr	r2, .L8+8
 160 001e 164B     		ldr	r3, .L8+12
 161 0020 1A60     		str	r2, [r3]
 223:Generated_Source\PSoC4/cyfitter_cfg.c **** 
 224:Generated_Source\PSoC4/cyfitter_cfg.c **** 
 225:Generated_Source\PSoC4/cyfitter_cfg.c **** 	/* CYDEV_CLK_SELECT00 Starting address: CYDEV_CLK_SELECT00 */
 226:Generated_Source\PSoC4/cyfitter_cfg.c **** 	CY_SET_REG32((void *)(CYREG_CLK_SELECT02), 0x00000020u);
 162              		.loc 1 226 0
 163 0022 2022     		movs	r2, #32
 164 0024 154B     		ldr	r3, .L8+16
 165 0026 1A60     		str	r2, [r3]
 227:Generated_Source\PSoC4/cyfitter_cfg.c **** 	CY_SET_REG32((void *)(CYREG_CLK_SELECT03), 0x00000030u);
 166              		.loc 1 227 0
ARM GAS  C:\Users\amant\AppData\Local\Temp\ccUwMCbi.s 			page 8


 167 0028 1032     		adds	r2, r2, #16
 168 002a 154B     		ldr	r3, .L8+20
 169 002c 1A60     		str	r2, [r3]
 228:Generated_Source\PSoC4/cyfitter_cfg.c **** 	CY_SET_REG32((void *)(CYREG_CLK_SELECT08), 0x00000010u);
 170              		.loc 1 228 0
 171 002e 1023     		movs	r3, #16
 172 0030 144A     		ldr	r2, .L8+24
 173 0032 1360     		str	r3, [r2]
 229:Generated_Source\PSoC4/cyfitter_cfg.c **** 	CY_SET_REG32((void *)(CYREG_CLK_SELECT09), 0x00000010u);
 174              		.loc 1 229 0
 175 0034 144A     		ldr	r2, .L8+28
 176 0036 1360     		str	r3, [r2]
 230:Generated_Source\PSoC4/cyfitter_cfg.c **** 
 231:Generated_Source\PSoC4/cyfitter_cfg.c **** 	/* CYDEV_CLK_IMO_CONFIG Starting address: CYDEV_CLK_IMO_CONFIG */
 232:Generated_Source\PSoC4/cyfitter_cfg.c **** 	CY_SET_REG32((void *)(CYREG_CLK_IMO_CONFIG), 0x80000000u);
 177              		.loc 1 232 0
 178 0038 8022     		movs	r2, #128
 179 003a 1206     		lsls	r2, r2, #24
 180 003c 134B     		ldr	r3, .L8+32
 181 003e 1A60     		str	r2, [r3]
 233:Generated_Source\PSoC4/cyfitter_cfg.c **** 
 234:Generated_Source\PSoC4/cyfitter_cfg.c **** 	/* CYDEV_CLK_SELECT Starting address: CYDEV_CLK_SELECT */
 235:Generated_Source\PSoC4/cyfitter_cfg.c **** 	CY_SET_REG32((void *)(CYREG_CLK_SELECT), 0x00000000u);
 182              		.loc 1 235 0
 183 0040 0025     		movs	r5, #0
 184 0042 2560     		str	r5, [r4]
 236:Generated_Source\PSoC4/cyfitter_cfg.c **** 
 237:Generated_Source\PSoC4/cyfitter_cfg.c **** 	/* CYDEV_CLK_DIVIDER_A00 Starting address: CYDEV_CLK_DIVIDER_A00 */
 238:Generated_Source\PSoC4/cyfitter_cfg.c **** 	CY_SET_REG32((void *)(CYREG_CLK_DIVIDER_A00), 0x80000001u);
 185              		.loc 1 238 0
 186 0044 124A     		ldr	r2, .L8+36
 187 0046 134B     		ldr	r3, .L8+40
 188 0048 1A60     		str	r2, [r3]
 239:Generated_Source\PSoC4/cyfitter_cfg.c **** 
 240:Generated_Source\PSoC4/cyfitter_cfg.c **** 	/* CYDEV_CLK_DIVIDER_B00 Starting address: CYDEV_CLK_DIVIDER_B00 */
 241:Generated_Source\PSoC4/cyfitter_cfg.c **** 	CY_SET_REG32((void *)(CYREG_CLK_DIVIDER_B00), 0x8000000Eu);
 189              		.loc 1 241 0
 190 004a 134A     		ldr	r2, .L8+44
 191 004c 134B     		ldr	r3, .L8+48
 192 004e 1A60     		str	r2, [r3]
 242:Generated_Source\PSoC4/cyfitter_cfg.c **** 
 243:Generated_Source\PSoC4/cyfitter_cfg.c **** 	/* CYDEV_CLK_DIVIDER_C00 Starting address: CYDEV_CLK_DIVIDER_C00 */
 244:Generated_Source\PSoC4/cyfitter_cfg.c **** 	CY_SET_REG32((void *)(CYREG_CLK_DIVIDER_C00), 0x80000010u);
 193              		.loc 1 244 0
 194 0050 134A     		ldr	r2, .L8+52
 195 0052 144B     		ldr	r3, .L8+56
 196 0054 1A60     		str	r2, [r3]
 245:Generated_Source\PSoC4/cyfitter_cfg.c **** 
 246:Generated_Source\PSoC4/cyfitter_cfg.c **** 	(void)CyIntSetVector(9u, &CySysWdtIsr);
 197              		.loc 1 246 0
 198 0056 1449     		ldr	r1, .L8+60
 199 0058 0920     		movs	r0, #9
 200 005a FFF7FEFF 		bl	CyIntSetVector
 201              	.LVL16:
 247:Generated_Source\PSoC4/cyfitter_cfg.c **** 	CyIntEnable(9u);
 202              		.loc 1 247 0
 203 005e 0920     		movs	r0, #9
ARM GAS  C:\Users\amant\AppData\Local\Temp\ccUwMCbi.s 			page 9


 204 0060 FFF7FEFF 		bl	CyIntEnable
 205              	.LVL17:
 248:Generated_Source\PSoC4/cyfitter_cfg.c **** 	CY_SET_REG32((void *)(CYREG_WDT_CONFIG), 0x00000000u);
 206              		.loc 1 248 0
 207 0064 114B     		ldr	r3, .L8+64
 208 0066 1D60     		str	r5, [r3]
 249:Generated_Source\PSoC4/cyfitter_cfg.c **** }
 209              		.loc 1 249 0
 210              		@ sp needed
 211 0068 70BD     		pop	{r4, r5, r6, pc}
 212              	.L9:
 213 006a C046     		.align	2
 214              	.L8:
 215 006c 00010B40 		.word	1074462976
 216 0070 FFFFFBFF 		.word	-262145
 217 0074 06000080 		.word	-2147483642
 218 0078 04010B40 		.word	1074462980
 219 007c 08020240 		.word	1073873416
 220 0080 0C020240 		.word	1073873420
 221 0084 20020240 		.word	1073873440
 222 0088 24020240 		.word	1073873444
 223 008c 08010B40 		.word	1074462984
 224 0090 01000080 		.word	-2147483647
 225 0094 00000240 		.word	1073872896
 226 0098 0E000080 		.word	-2147483634
 227 009c 40000240 		.word	1073872960
 228 00a0 10000080 		.word	-2147483632
 229 00a4 80000240 		.word	1073873024
 230 00a8 00000000 		.word	CySysWdtIsr
 231 00ac 0C020B40 		.word	1074463244
 232              		.cfi_endproc
 233              	.LFE4:
 234              		.size	ClockSetup, .-ClockSetup
 235              		.align	2
 236              		.global	cyfitter_cfg
 237              		.code	16
 238              		.thumb_func
 239              		.type	cyfitter_cfg, %function
 240              	cyfitter_cfg:
 241              	.LFB6:
 250:Generated_Source\PSoC4/cyfitter_cfg.c **** 
 251:Generated_Source\PSoC4/cyfitter_cfg.c **** 
 252:Generated_Source\PSoC4/cyfitter_cfg.c **** /* Analog API Functions */
 253:Generated_Source\PSoC4/cyfitter_cfg.c **** 
 254:Generated_Source\PSoC4/cyfitter_cfg.c **** 
 255:Generated_Source\PSoC4/cyfitter_cfg.c **** /*******************************************************************************
 256:Generated_Source\PSoC4/cyfitter_cfg.c **** * Function Name: AnalogSetDefault
 257:Generated_Source\PSoC4/cyfitter_cfg.c **** ********************************************************************************
 258:Generated_Source\PSoC4/cyfitter_cfg.c **** *
 259:Generated_Source\PSoC4/cyfitter_cfg.c **** * Summary:
 260:Generated_Source\PSoC4/cyfitter_cfg.c **** *  Sets up the analog portions of the chip to default values based on chip
 261:Generated_Source\PSoC4/cyfitter_cfg.c **** *  configuration options from the project.
 262:Generated_Source\PSoC4/cyfitter_cfg.c **** *
 263:Generated_Source\PSoC4/cyfitter_cfg.c **** * Parameters:
 264:Generated_Source\PSoC4/cyfitter_cfg.c **** *  void
 265:Generated_Source\PSoC4/cyfitter_cfg.c **** *
 266:Generated_Source\PSoC4/cyfitter_cfg.c **** * Return:
ARM GAS  C:\Users\amant\AppData\Local\Temp\ccUwMCbi.s 			page 10


 267:Generated_Source\PSoC4/cyfitter_cfg.c **** *  void
 268:Generated_Source\PSoC4/cyfitter_cfg.c **** *
 269:Generated_Source\PSoC4/cyfitter_cfg.c **** *******************************************************************************/
 270:Generated_Source\PSoC4/cyfitter_cfg.c **** static void AnalogSetDefault(void);
 271:Generated_Source\PSoC4/cyfitter_cfg.c **** static void AnalogSetDefault(void)
 272:Generated_Source\PSoC4/cyfitter_cfg.c **** {
 273:Generated_Source\PSoC4/cyfitter_cfg.c **** }
 274:Generated_Source\PSoC4/cyfitter_cfg.c **** 
 275:Generated_Source\PSoC4/cyfitter_cfg.c **** 
 276:Generated_Source\PSoC4/cyfitter_cfg.c **** 
 277:Generated_Source\PSoC4/cyfitter_cfg.c **** 
 278:Generated_Source\PSoC4/cyfitter_cfg.c **** /*******************************************************************************
 279:Generated_Source\PSoC4/cyfitter_cfg.c **** * Function Name: cyfitter_cfg
 280:Generated_Source\PSoC4/cyfitter_cfg.c **** ********************************************************************************
 281:Generated_Source\PSoC4/cyfitter_cfg.c **** * Summary:
 282:Generated_Source\PSoC4/cyfitter_cfg.c **** *  This function is called by the start-up code for the selected device. It
 283:Generated_Source\PSoC4/cyfitter_cfg.c **** *  performs all of the necessary device configuration based on the design
 284:Generated_Source\PSoC4/cyfitter_cfg.c **** *  settings.  This includes settings from the Design Wide Resources (DWR) such
 285:Generated_Source\PSoC4/cyfitter_cfg.c **** *  as Clocks and Pins as well as any component configuration that is necessary.
 286:Generated_Source\PSoC4/cyfitter_cfg.c **** *
 287:Generated_Source\PSoC4/cyfitter_cfg.c **** * Parameters:
 288:Generated_Source\PSoC4/cyfitter_cfg.c **** *   void
 289:Generated_Source\PSoC4/cyfitter_cfg.c **** *
 290:Generated_Source\PSoC4/cyfitter_cfg.c **** * Return:
 291:Generated_Source\PSoC4/cyfitter_cfg.c **** *   void
 292:Generated_Source\PSoC4/cyfitter_cfg.c **** *
 293:Generated_Source\PSoC4/cyfitter_cfg.c **** *******************************************************************************/
 294:Generated_Source\PSoC4/cyfitter_cfg.c **** CY_CFG_SECTION
 295:Generated_Source\PSoC4/cyfitter_cfg.c **** void cyfitter_cfg(void)
 296:Generated_Source\PSoC4/cyfitter_cfg.c **** {
 242              		.loc 1 296 0
 243              		.cfi_startproc
 244              		@ args = 0, pretend = 0, frame = 0
 245              		@ frame_needed = 0, uses_anonymous_args = 0
 246 00b0 10B5     		push	{r4, lr}
 247              		.cfi_def_cfa_offset 8
 248              		.cfi_offset 4, -8
 249              		.cfi_offset 14, -4
 297:Generated_Source\PSoC4/cyfitter_cfg.c **** 	/* Disable interrupts by default. Let user enable if/when they want. */
 298:Generated_Source\PSoC4/cyfitter_cfg.c **** 	CyGlobalIntDisable;
 250              		.loc 1 298 0
 251              		.syntax divided
 252              	@ 298 "Generated_Source\PSoC4\cyfitter_cfg.c" 1
 253 00b2 72B6     		CPSID   i
 254              	@ 0 "" 2
 255              	.LVL18:
 256              		.thumb
 257              		.syntax unified
 258              	.LBB3:
 299:Generated_Source\PSoC4/cyfitter_cfg.c **** 
 300:Generated_Source\PSoC4/cyfitter_cfg.c **** 	{
 301:Generated_Source\PSoC4/cyfitter_cfg.c **** 		static const uint32 CYCODE cy_cfg_addr_table[] = {
 302:Generated_Source\PSoC4/cyfitter_cfg.c **** 			0x400F4202u, /* Base address: 0x400F4200 Count: 2 */
 303:Generated_Source\PSoC4/cyfitter_cfg.c **** 			0x400F4303u, /* Base address: 0x400F4300 Count: 3 */
 304:Generated_Source\PSoC4/cyfitter_cfg.c **** 			0x400F6002u, /* Base address: 0x400F6000 Count: 2 */
 305:Generated_Source\PSoC4/cyfitter_cfg.c **** 		};
 306:Generated_Source\PSoC4/cyfitter_cfg.c **** 
ARM GAS  C:\Users\amant\AppData\Local\Temp\ccUwMCbi.s 			page 11


 307:Generated_Source\PSoC4/cyfitter_cfg.c **** 		static const cy_cfg_addrvalue_t CYCODE cy_cfg_data_table[] = {
 308:Generated_Source\PSoC4/cyfitter_cfg.c **** 			{0x60u, 0x10u},
 309:Generated_Source\PSoC4/cyfitter_cfg.c **** 			{0xD8u, 0x02u},
 310:Generated_Source\PSoC4/cyfitter_cfg.c **** 			{0x18u, 0x10u},
 311:Generated_Source\PSoC4/cyfitter_cfg.c **** 			{0x94u, 0x10u},
 312:Generated_Source\PSoC4/cyfitter_cfg.c **** 			{0xC6u, 0x08u},
 313:Generated_Source\PSoC4/cyfitter_cfg.c **** 			{0x02u, 0x01u},
 314:Generated_Source\PSoC4/cyfitter_cfg.c **** 			{0x11u, 0x01u},
 315:Generated_Source\PSoC4/cyfitter_cfg.c **** 		};
 316:Generated_Source\PSoC4/cyfitter_cfg.c **** 
 317:Generated_Source\PSoC4/cyfitter_cfg.c **** 
 318:Generated_Source\PSoC4/cyfitter_cfg.c **** 
 319:Generated_Source\PSoC4/cyfitter_cfg.c **** 		CYPACKED typedef struct {
 320:Generated_Source\PSoC4/cyfitter_cfg.c **** 			void CYFAR *address;
 321:Generated_Source\PSoC4/cyfitter_cfg.c **** 			uint16 size;
 322:Generated_Source\PSoC4/cyfitter_cfg.c **** 		} CYPACKED_ATTR cfg_memset_t;
 323:Generated_Source\PSoC4/cyfitter_cfg.c **** 
 324:Generated_Source\PSoC4/cyfitter_cfg.c **** 		static const cfg_memset_t CYCODE cfg_memset_list[] = {
 325:Generated_Source\PSoC4/cyfitter_cfg.c **** 			/* address, size */
 326:Generated_Source\PSoC4/cyfitter_cfg.c **** 			{(void CYFAR *)(CYDEV_UDB_P0_U0_BASE), 1024u},
 327:Generated_Source\PSoC4/cyfitter_cfg.c **** 			{(void CYFAR *)(CYDEV_UDB_DSI0_BASE), 1024u},
 328:Generated_Source\PSoC4/cyfitter_cfg.c **** 		};
 329:Generated_Source\PSoC4/cyfitter_cfg.c **** 
 330:Generated_Source\PSoC4/cyfitter_cfg.c **** 		uint8 CYDATA i;
 331:Generated_Source\PSoC4/cyfitter_cfg.c **** 
 332:Generated_Source\PSoC4/cyfitter_cfg.c **** 		/* Zero out critical memory blocks before beginning configuration */
 333:Generated_Source\PSoC4/cyfitter_cfg.c **** 		for (i = 0u; i < (sizeof(cfg_memset_list)/sizeof(cfg_memset_list[0])); i++)
 259              		.loc 1 333 0
 260 00b4 0024     		movs	r4, #0
 261 00b6 0FE0     		b	.L11
 262              	.LVL19:
 263              	.L12:
 264              	.LBB4:
 334:Generated_Source\PSoC4/cyfitter_cfg.c **** 		{
 335:Generated_Source\PSoC4/cyfitter_cfg.c **** 			const cfg_memset_t CYCODE * CYDATA ms = &cfg_memset_list[i];
 336:Generated_Source\PSoC4/cyfitter_cfg.c **** 			CYMEMZERO(ms->address, (size_t)(uint32)(ms->size));
 265              		.loc 1 336 0 discriminator 3
 266 00b8 2E48     		ldr	r0, .L13
 267 00ba 6200     		lsls	r2, r4, #1
 268 00bc 1319     		adds	r3, r2, r4
 269 00be 5900     		lsls	r1, r3, #1
 270 00c0 0B00     		movs	r3, r1
 271 00c2 4118     		adds	r1, r0, r1
 272 00c4 8988     		ldrh	r1, [r1, #4]
 273 00c6 1A5A     		ldrh	r2, [r3, r0]
 274 00c8 C318     		adds	r3, r0, r3
 275 00ca 5888     		ldrh	r0, [r3, #2]
 276 00cc 0004     		lsls	r0, r0, #16
 277 00ce 1043     		orrs	r0, r2
 278 00d0 FFF7FEFF 		bl	CYMEMZERO
 279              	.LVL20:
 280              	.LBE4:
 333:Generated_Source\PSoC4/cyfitter_cfg.c **** 		{
 281              		.loc 1 333 0 discriminator 3
 282 00d4 0134     		adds	r4, r4, #1
 283              	.LVL21:
 284 00d6 E4B2     		uxtb	r4, r4
ARM GAS  C:\Users\amant\AppData\Local\Temp\ccUwMCbi.s 			page 12


 285              	.LVL22:
 286              	.L11:
 333:Generated_Source\PSoC4/cyfitter_cfg.c **** 		{
 287              		.loc 1 333 0 is_stmt 0 discriminator 1
 288 00d8 012C     		cmp	r4, #1
 289 00da EDD9     		bls	.L12
 337:Generated_Source\PSoC4/cyfitter_cfg.c **** 		}
 338:Generated_Source\PSoC4/cyfitter_cfg.c **** 
 339:Generated_Source\PSoC4/cyfitter_cfg.c **** 		cfg_write_bytes32(cy_cfg_addr_table, cy_cfg_data_table);
 290              		.loc 1 339 0 is_stmt 1
 291 00dc 2548     		ldr	r0, .L13
 292 00de 0100     		movs	r1, r0
 293 00e0 0C31     		adds	r1, r1, #12
 294 00e2 1C30     		adds	r0, r0, #28
 295 00e4 FFF7FEFF 		bl	cfg_write_bytes32
 296              	.LVL23:
 340:Generated_Source\PSoC4/cyfitter_cfg.c **** 
 341:Generated_Source\PSoC4/cyfitter_cfg.c **** 		/* HSIOM Starting address: CYDEV_HSIOM_BASE */
 342:Generated_Source\PSoC4/cyfitter_cfg.c **** 		CY_SET_REG32((void *)(CYDEV_HSIOM_BASE), 0x00990000u);
 297              		.loc 1 342 0
 298 00e8 9923     		movs	r3, #153
 299 00ea 1B04     		lsls	r3, r3, #16
 300 00ec 224A     		ldr	r2, .L13+4
 301 00ee 1360     		str	r3, [r2]
 343:Generated_Source\PSoC4/cyfitter_cfg.c **** 		CY_SET_REG32((void *)(CYREG_HSIOM_PORT_SEL2), 0x38000000u);
 302              		.loc 1 343 0
 303 00f0 E021     		movs	r1, #224
 304 00f2 8905     		lsls	r1, r1, #22
 305 00f4 214A     		ldr	r2, .L13+8
 306 00f6 1160     		str	r1, [r2]
 344:Generated_Source\PSoC4/cyfitter_cfg.c **** 		CY_SET_REG32((void *)(CYREG_HSIOM_PORT_SEL3), 0x0000EE00u);
 307              		.loc 1 344 0
 308 00f8 EE21     		movs	r1, #238
 309 00fa 0902     		lsls	r1, r1, #8
 310 00fc 204A     		ldr	r2, .L13+12
 311 00fe 1160     		str	r1, [r2]
 345:Generated_Source\PSoC4/cyfitter_cfg.c **** 		CY_SET_REG32((void *)(CYREG_HSIOM_PORT_SEL4), 0x000000EEu);
 312              		.loc 1 345 0
 313 0100 EE21     		movs	r1, #238
 314 0102 204A     		ldr	r2, .L13+16
 315 0104 1160     		str	r1, [r2]
 346:Generated_Source\PSoC4/cyfitter_cfg.c **** 
 347:Generated_Source\PSoC4/cyfitter_cfg.c **** 		/* UDB_PA_0 Starting address: CYDEV_UDB_PA0_BASE */
 348:Generated_Source\PSoC4/cyfitter_cfg.c **** 		CY_SET_REG32((void *)(CYDEV_UDB_PA0_BASE), 0x00990000u);
 316              		.loc 1 348 0
 317 0106 204A     		ldr	r2, .L13+20
 318 0108 1360     		str	r3, [r2]
 349:Generated_Source\PSoC4/cyfitter_cfg.c **** 		CY_SET_REG32((void *)(CYREG_UDB_PA0_CFG4), 0x80000000u);
 319              		.loc 1 349 0
 320 010a 8022     		movs	r2, #128
 321 010c 1206     		lsls	r2, r2, #24
 322 010e 1F49     		ldr	r1, .L13+24
 323 0110 0A60     		str	r2, [r1]
 350:Generated_Source\PSoC4/cyfitter_cfg.c **** 
 351:Generated_Source\PSoC4/cyfitter_cfg.c **** 		/* UDB_PA_1 Starting address: CYDEV_UDB_PA1_BASE */
 352:Generated_Source\PSoC4/cyfitter_cfg.c **** 		CY_SET_REG32((void *)(CYDEV_UDB_PA1_BASE), 0x00990000u);
 324              		.loc 1 352 0
ARM GAS  C:\Users\amant\AppData\Local\Temp\ccUwMCbi.s 			page 13


 325 0112 1F49     		ldr	r1, .L13+28
 326 0114 0B60     		str	r3, [r1]
 353:Generated_Source\PSoC4/cyfitter_cfg.c **** 
 354:Generated_Source\PSoC4/cyfitter_cfg.c **** 		/* UDB_PA_2 Starting address: CYDEV_UDB_PA2_BASE */
 355:Generated_Source\PSoC4/cyfitter_cfg.c **** 		CY_SET_REG32((void *)(CYDEV_UDB_PA2_BASE), 0x00990000u);
 327              		.loc 1 355 0
 328 0116 1F49     		ldr	r1, .L13+32
 329 0118 0B60     		str	r3, [r1]
 356:Generated_Source\PSoC4/cyfitter_cfg.c **** 		CY_SET_REG32((void *)(CYREG_UDB_PA2_CFG8), 0x80000000u);
 330              		.loc 1 356 0
 331 011a 1F49     		ldr	r1, .L13+36
 332 011c 0A60     		str	r2, [r1]
 357:Generated_Source\PSoC4/cyfitter_cfg.c **** 
 358:Generated_Source\PSoC4/cyfitter_cfg.c **** 		/* UDB_PA_3 Starting address: CYDEV_UDB_PA3_BASE */
 359:Generated_Source\PSoC4/cyfitter_cfg.c **** 		CY_SET_REG32((void *)(CYDEV_UDB_PA3_BASE), 0x00990000u);
 333              		.loc 1 359 0
 334 011e 1F4A     		ldr	r2, .L13+40
 335 0120 1360     		str	r3, [r2]
 360:Generated_Source\PSoC4/cyfitter_cfg.c **** 
 361:Generated_Source\PSoC4/cyfitter_cfg.c **** 		/* Enable digital routing */
 362:Generated_Source\PSoC4/cyfitter_cfg.c **** 		CY_SET_XTND_REG8((void *)CYREG_UDB_UDBIF_BANK_CTL, (uint8)(CY_GET_XTND_REG8((void *)CYREG_UDB_UDB
 336              		.loc 1 362 0
 337 0122 1F4A     		ldr	r2, .L13+44
 338 0124 1178     		ldrb	r1, [r2]
 339 0126 0623     		movs	r3, #6
 340 0128 0B43     		orrs	r3, r1
 341 012a DBB2     		uxtb	r3, r3
 342 012c 1370     		strb	r3, [r2]
 343              	.LBE3:
 363:Generated_Source\PSoC4/cyfitter_cfg.c **** 	}
 364:Generated_Source\PSoC4/cyfitter_cfg.c **** 
 365:Generated_Source\PSoC4/cyfitter_cfg.c **** 	/* Perform second pass device configuration. These items must be configured in specific order afte
 366:Generated_Source\PSoC4/cyfitter_cfg.c **** 	/* IOPINS0_0 Starting address: CYDEV_PRT0_BASE */
 367:Generated_Source\PSoC4/cyfitter_cfg.c **** 	CY_SET_REG32((void *)(CYDEV_PRT0_BASE), 0x000000A0u);
 344              		.loc 1 367 0
 345 012e A022     		movs	r2, #160
 346 0130 1C4B     		ldr	r3, .L13+48
 347 0132 1A60     		str	r2, [r3]
 368:Generated_Source\PSoC4/cyfitter_cfg.c **** 	CY_SET_REG32((void *)(CYREG_PRT0_PC), 0x00431DB6u);
 348              		.loc 1 368 0
 349 0134 1C4A     		ldr	r2, .L13+52
 350 0136 1D4B     		ldr	r3, .L13+56
 351 0138 1A60     		str	r2, [r3]
 369:Generated_Source\PSoC4/cyfitter_cfg.c **** 	CY_SET_REG32((void *)(CYREG_PRT0_INTCFG), 0x00008000u);
 352              		.loc 1 369 0
 353 013a 8022     		movs	r2, #128
 354 013c 1202     		lsls	r2, r2, #8
 355 013e 1C4B     		ldr	r3, .L13+60
 356 0140 1A60     		str	r2, [r3]
 370:Generated_Source\PSoC4/cyfitter_cfg.c **** 	CY_SET_REG32((void *)(CYREG_PRT0_PC2), 0x00000020u);
 357              		.loc 1 370 0
 358 0142 2022     		movs	r2, #32
 359 0144 1B4B     		ldr	r3, .L13+64
 360 0146 1A60     		str	r2, [r3]
 371:Generated_Source\PSoC4/cyfitter_cfg.c **** 
 372:Generated_Source\PSoC4/cyfitter_cfg.c **** 	/* IOPINS0_1 Starting address: CYDEV_PRT1_BASE */
 373:Generated_Source\PSoC4/cyfitter_cfg.c **** 	CY_SET_REG32((void *)(CYREG_PRT1_PC), 0x001B0DB6u);
ARM GAS  C:\Users\amant\AppData\Local\Temp\ccUwMCbi.s 			page 14


 361              		.loc 1 373 0
 362 0148 1B4A     		ldr	r2, .L13+68
 363 014a 1C4B     		ldr	r3, .L13+72
 364 014c 1A60     		str	r2, [r3]
 374:Generated_Source\PSoC4/cyfitter_cfg.c **** 
 375:Generated_Source\PSoC4/cyfitter_cfg.c **** 	/* IOPINS0_2 Starting address: CYDEV_PRT2_BASE */
 376:Generated_Source\PSoC4/cyfitter_cfg.c **** 	CY_SET_REG32((void *)(CYDEV_PRT2_BASE), 0x000000C0u);
 365              		.loc 1 376 0
 366 014e C022     		movs	r2, #192
 367 0150 1B4B     		ldr	r3, .L13+76
 368 0152 1A60     		str	r2, [r3]
 377:Generated_Source\PSoC4/cyfitter_cfg.c **** 	CY_SET_REG32((void *)(CYREG_PRT2_PC), 0x00D80DB6u);
 369              		.loc 1 377 0
 370 0154 1B4A     		ldr	r2, .L13+80
 371 0156 1C4B     		ldr	r3, .L13+84
 372 0158 1A60     		str	r2, [r3]
 378:Generated_Source\PSoC4/cyfitter_cfg.c **** 
 379:Generated_Source\PSoC4/cyfitter_cfg.c **** 	/* IOPINS0_3 Starting address: CYDEV_PRT3_BASE */
 380:Generated_Source\PSoC4/cyfitter_cfg.c **** 	CY_SET_REG32((void *)(CYREG_PRT3_PC), 0x00000D80u);
 373              		.loc 1 380 0
 374 015a D822     		movs	r2, #216
 375 015c 1201     		lsls	r2, r2, #4
 376 015e 1B4B     		ldr	r3, .L13+88
 377 0160 1A60     		str	r2, [r3]
 381:Generated_Source\PSoC4/cyfitter_cfg.c **** 
 382:Generated_Source\PSoC4/cyfitter_cfg.c **** 	/* IOPINS0_4 Starting address: CYDEV_PRT4_BASE */
 383:Generated_Source\PSoC4/cyfitter_cfg.c **** 	CY_SET_REG32((void *)(CYDEV_PRT4_BASE), 0x00000003u);
 378              		.loc 1 383 0
 379 0162 0322     		movs	r2, #3
 380 0164 1A4B     		ldr	r3, .L13+92
 381 0166 1A60     		str	r2, [r3]
 384:Generated_Source\PSoC4/cyfitter_cfg.c **** 	CY_SET_REG32((void *)(CYREG_PRT4_PC), 0x00000024u);
 382              		.loc 1 384 0
 383 0168 2132     		adds	r2, r2, #33
 384 016a 1A4B     		ldr	r3, .L13+96
 385 016c 1A60     		str	r2, [r3]
 385:Generated_Source\PSoC4/cyfitter_cfg.c **** 
 386:Generated_Source\PSoC4/cyfitter_cfg.c **** 
 387:Generated_Source\PSoC4/cyfitter_cfg.c **** 	/* Setup clocks based on selections from Clock DWR */
 388:Generated_Source\PSoC4/cyfitter_cfg.c **** 	ClockSetup();
 386              		.loc 1 388 0
 387 016e FFF747FF 		bl	ClockSetup
 388              	.LVL24:
 389:Generated_Source\PSoC4/cyfitter_cfg.c **** 
 390:Generated_Source\PSoC4/cyfitter_cfg.c **** 	/* Perform basic analog initialization to defaults */
 391:Generated_Source\PSoC4/cyfitter_cfg.c **** 	AnalogSetDefault();
 392:Generated_Source\PSoC4/cyfitter_cfg.c **** 
 393:Generated_Source\PSoC4/cyfitter_cfg.c **** }
 389              		.loc 1 393 0
 390              		@ sp needed
 391              	.LVL25:
 392 0172 10BD     		pop	{r4, pc}
 393              	.L14:
 394              		.align	2
 395              	.L13:
 396 0174 00000000 		.word	.LANCHOR0
 397 0178 00000140 		.word	1073807360
ARM GAS  C:\Users\amant\AppData\Local\Temp\ccUwMCbi.s 			page 15


 398 017c 08000140 		.word	1073807368
 399 0180 0C000140 		.word	1073807372
 400 0184 10000140 		.word	1073807376
 401 0188 00500F40 		.word	1074745344
 402 018c 04500F40 		.word	1074745348
 403 0190 10500F40 		.word	1074745360
 404 0194 20500F40 		.word	1074745376
 405 0198 28500F40 		.word	1074745384
 406 019c 30500F40 		.word	1074745392
 407 01a0 00700F40 		.word	1074753536
 408 01a4 00000440 		.word	1074003968
 409 01a8 B61D4300 		.word	4398518
 410 01ac 08000440 		.word	1074003976
 411 01b0 0C000440 		.word	1074003980
 412 01b4 18000440 		.word	1074003992
 413 01b8 B60D1B00 		.word	1772982
 414 01bc 08010440 		.word	1074004232
 415 01c0 00020440 		.word	1074004480
 416 01c4 B60DD800 		.word	14159286
 417 01c8 08020440 		.word	1074004488
 418 01cc 08030440 		.word	1074004744
 419 01d0 00040440 		.word	1074004992
 420 01d4 08040440 		.word	1074005000
 421              		.cfi_endproc
 422              	.LFE6:
 423              		.size	cyfitter_cfg, .-cyfitter_cfg
 424              		.section	.rodata
 425              		.align	2
 426              		.set	.LANCHOR0,. + 0
 427              		.type	cfg_memset_list.4870, %object
 428              		.size	cfg_memset_list.4870, 12
 429              	cfg_memset_list.4870:
 430 0000 00300F40 		.word	1074737152
 431 0004 0004     		.short	1024
 432 0006 00400F40 		.4byte	1074741248
 433 000a 0004     		.short	1024
 434              		.type	cy_cfg_data_table.4865, %object
 435              		.size	cy_cfg_data_table.4865, 14
 436              	cy_cfg_data_table.4865:
 437 000c 60       		.byte	96
 438 000d 10       		.byte	16
 439 000e D8       		.byte	-40
 440 000f 02       		.byte	2
 441 0010 18       		.byte	24
 442 0011 10       		.byte	16
 443 0012 94       		.byte	-108
 444 0013 10       		.byte	16
 445 0014 C6       		.byte	-58
 446 0015 08       		.byte	8
 447 0016 02       		.byte	2
 448 0017 01       		.byte	1
 449 0018 11       		.byte	17
 450 0019 01       		.byte	1
 451 001a 0000     		.space	2
 452              		.type	cy_cfg_addr_table.4864, %object
 453              		.size	cy_cfg_addr_table.4864, 12
 454              	cy_cfg_addr_table.4864:
ARM GAS  C:\Users\amant\AppData\Local\Temp\ccUwMCbi.s 			page 16


 455 001c 02420F40 		.word	1074741762
 456 0020 03430F40 		.word	1074742019
 457 0024 02600F40 		.word	1074749442
 458              		.text
 459              	.Letext0:
 460              		.file 2 "c:\\program files (x86)\\cypress\\psoc creator\\4.4\\psoc creator\\import\\gnu\\arm\\5.4.
 461              		.file 3 "Generated_Source\\PSoC4\\cytypes.h"
 462              		.file 4 "Generated_Source\\PSoC4\\CyLib.h"
 463              		.section	.debug_info,"",%progbits
 464              	.Ldebug_info0:
 465 0000 9C030000 		.4byte	0x39c
 466 0004 0400     		.2byte	0x4
 467 0006 00000000 		.4byte	.Ldebug_abbrev0
 468 000a 04       		.byte	0x4
 469 000b 01       		.uleb128 0x1
 470 000c 83010000 		.4byte	.LASF39
 471 0010 0C       		.byte	0xc
 472 0011 B0020000 		.4byte	.LASF40
 473 0015 C7000000 		.4byte	.LASF41
 474 0019 00000000 		.4byte	.Ldebug_ranges0+0
 475 001d 00000000 		.4byte	0
 476 0021 00000000 		.4byte	.Ldebug_line0
 477 0025 02       		.uleb128 0x2
 478 0026 04       		.byte	0x4
 479 0027 05       		.byte	0x5
 480 0028 696E7400 		.ascii	"int\000"
 481 002c 03       		.uleb128 0x3
 482 002d 06000000 		.4byte	.LASF12
 483 0031 02       		.byte	0x2
 484 0032 D8       		.byte	0xd8
 485 0033 37000000 		.4byte	0x37
 486 0037 04       		.uleb128 0x4
 487 0038 04       		.byte	0x4
 488 0039 07       		.byte	0x7
 489 003a 4A010000 		.4byte	.LASF0
 490 003e 04       		.uleb128 0x4
 491 003f 08       		.byte	0x8
 492 0040 05       		.byte	0x5
 493 0041 43020000 		.4byte	.LASF1
 494 0045 04       		.uleb128 0x4
 495 0046 08       		.byte	0x8
 496 0047 04       		.byte	0x4
 497 0048 98020000 		.4byte	.LASF2
 498 004c 04       		.uleb128 0x4
 499 004d 01       		.byte	0x1
 500 004e 06       		.byte	0x6
 501 004f A4020000 		.4byte	.LASF3
 502 0053 04       		.uleb128 0x4
 503 0054 01       		.byte	0x1
 504 0055 08       		.byte	0x8
 505 0056 99000000 		.4byte	.LASF4
 506 005a 04       		.uleb128 0x4
 507 005b 02       		.byte	0x2
 508 005c 05       		.byte	0x5
 509 005d 70020000 		.4byte	.LASF5
 510 0061 04       		.uleb128 0x4
 511 0062 02       		.byte	0x2
ARM GAS  C:\Users\amant\AppData\Local\Temp\ccUwMCbi.s 			page 17


 512 0063 07       		.byte	0x7
 513 0064 30020000 		.4byte	.LASF6
 514 0068 04       		.uleb128 0x4
 515 0069 04       		.byte	0x4
 516 006a 05       		.byte	0x5
 517 006b 8F020000 		.4byte	.LASF7
 518 006f 04       		.uleb128 0x4
 519 0070 04       		.byte	0x4
 520 0071 07       		.byte	0x7
 521 0072 77000000 		.4byte	.LASF8
 522 0076 04       		.uleb128 0x4
 523 0077 08       		.byte	0x8
 524 0078 07       		.byte	0x7
 525 0079 6C010000 		.4byte	.LASF9
 526 007d 04       		.uleb128 0x4
 527 007e 04       		.byte	0x4
 528 007f 07       		.byte	0x7
 529 0080 27020000 		.4byte	.LASF10
 530 0084 05       		.uleb128 0x5
 531 0085 04       		.byte	0x4
 532 0086 04       		.uleb128 0x4
 533 0087 01       		.byte	0x1
 534 0088 08       		.byte	0x8
 535 0089 51020000 		.4byte	.LASF11
 536 008d 06       		.uleb128 0x6
 537 008e 89000000 		.4byte	.LASF13
 538 0092 03       		.byte	0x3
 539 0093 FB01     		.2byte	0x1fb
 540 0095 53000000 		.4byte	0x53
 541 0099 06       		.uleb128 0x6
 542 009a 31010000 		.4byte	.LASF14
 543 009e 03       		.byte	0x3
 544 009f FC01     		.2byte	0x1fc
 545 00a1 61000000 		.4byte	0x61
 546 00a5 06       		.uleb128 0x6
 547 00a6 43010000 		.4byte	.LASF15
 548 00aa 03       		.byte	0x3
 549 00ab FD01     		.2byte	0x1fd
 550 00ad 6F000000 		.4byte	0x6f
 551 00b1 04       		.uleb128 0x4
 552 00b2 04       		.byte	0x4
 553 00b3 04       		.byte	0x4
 554 00b4 57000000 		.4byte	.LASF16
 555 00b8 04       		.uleb128 0x4
 556 00b9 08       		.byte	0x8
 557 00ba 04       		.byte	0x4
 558 00bb AE000000 		.4byte	.LASF17
 559 00bf 06       		.uleb128 0x6
 560 00c0 72000000 		.4byte	.LASF18
 561 00c4 03       		.byte	0x3
 562 00c5 A502     		.2byte	0x2a5
 563 00c7 CB000000 		.4byte	0xcb
 564 00cb 07       		.uleb128 0x7
 565 00cc 8D000000 		.4byte	0x8d
 566 00d0 06       		.uleb128 0x6
 567 00d1 00000000 		.4byte	.LASF19
 568 00d5 03       		.byte	0x3
ARM GAS  C:\Users\amant\AppData\Local\Temp\ccUwMCbi.s 			page 18


 569 00d6 A702     		.2byte	0x2a7
 570 00d8 DC000000 		.4byte	0xdc
 571 00dc 07       		.uleb128 0x7
 572 00dd A5000000 		.4byte	0xa5
 573 00e1 08       		.uleb128 0x8
 574 00e2 02       		.byte	0x2
 575 00e3 01       		.byte	0x1
 576 00e4 97       		.byte	0x97
 577 00e5 02010000 		.4byte	0x102
 578 00e9 09       		.uleb128 0x9
 579 00ea 69020000 		.4byte	.LASF20
 580 00ee 01       		.byte	0x1
 581 00ef 99       		.byte	0x99
 582 00f0 8D000000 		.4byte	0x8d
 583 00f4 00       		.byte	0
 584 00f5 09       		.uleb128 0x9
 585 00f6 1C000000 		.4byte	.LASF21
 586 00fa 01       		.byte	0x1
 587 00fb 9A       		.byte	0x9a
 588 00fc 8D000000 		.4byte	0x8d
 589 0100 01       		.byte	0x1
 590 0101 00       		.byte	0
 591 0102 03       		.uleb128 0x3
 592 0103 56020000 		.4byte	.LASF22
 593 0107 01       		.byte	0x1
 594 0108 9B       		.byte	0x9b
 595 0109 E1000000 		.4byte	0xe1
 596 010d 0A       		.uleb128 0xa
 597 010e B5000000 		.4byte	.LASF27
 598 0112 01       		.byte	0x1
 599 0113 AE       		.byte	0xae
 600 0114 00000000 		.4byte	.LFB3
 601 0118 32000000 		.4byte	.LFE3-.LFB3
 602 011c 01       		.uleb128 0x1
 603 011d 9C       		.byte	0x9c
 604 011e 7F010000 		.4byte	0x17f
 605 0122 0B       		.uleb128 0xb
 606 0123 26010000 		.4byte	.LASF23
 607 0127 01       		.byte	0x1
 608 0128 AE       		.byte	0xae
 609 0129 7F010000 		.4byte	0x17f
 610 012d 01       		.uleb128 0x1
 611 012e 50       		.byte	0x50
 612 012f 0B       		.uleb128 0xb
 613 0130 38010000 		.4byte	.LASF24
 614 0134 01       		.byte	0x1
 615 0135 AE       		.byte	0xae
 616 0136 8A010000 		.4byte	0x18a
 617 013a 01       		.uleb128 0x1
 618 013b 51       		.byte	0x51
 619 013c 0C       		.uleb128 0xc
 620 013d 6900     		.ascii	"i\000"
 621 013f 01       		.byte	0x1
 622 0140 B1       		.byte	0xb1
 623 0141 A5000000 		.4byte	0xa5
 624 0145 00000000 		.4byte	.LLST0
 625 0149 0C       		.uleb128 0xc
ARM GAS  C:\Users\amant\AppData\Local\Temp\ccUwMCbi.s 			page 19


 626 014a 6A00     		.ascii	"j\000"
 627 014c 01       		.byte	0x1
 628 014d B1       		.byte	0xb1
 629 014e A5000000 		.4byte	0xa5
 630 0152 1F000000 		.4byte	.LLST1
 631 0156 0D       		.uleb128 0xd
 632 0157 08000000 		.4byte	.LBB2
 633 015b 22000000 		.4byte	.LBE2-.LBB2
 634 015f 0E       		.uleb128 0xe
 635 0160 1E020000 		.4byte	.LASF25
 636 0164 01       		.byte	0x1
 637 0165 B4       		.byte	0xb4
 638 0166 A5000000 		.4byte	0xa5
 639 016a 3E000000 		.4byte	.LLST2
 640 016e 0E       		.uleb128 0xe
 641 016f 22000000 		.4byte	.LASF26
 642 0173 01       		.byte	0x1
 643 0174 B5       		.byte	0xb5
 644 0175 8D000000 		.4byte	0x8d
 645 0179 51000000 		.4byte	.LLST3
 646 017d 00       		.byte	0
 647 017e 00       		.byte	0
 648 017f 0F       		.uleb128 0xf
 649 0180 04       		.byte	0x4
 650 0181 85010000 		.4byte	0x185
 651 0185 10       		.uleb128 0x10
 652 0186 A5000000 		.4byte	0xa5
 653 018a 0F       		.uleb128 0xf
 654 018b 04       		.byte	0x4
 655 018c 90010000 		.4byte	0x190
 656 0190 10       		.uleb128 0x10
 657 0191 02010000 		.4byte	0x102
 658 0195 0A       		.uleb128 0xa
 659 0196 8F000000 		.4byte	.LASF28
 660 019a 01       		.byte	0x1
 661 019b 4C       		.byte	0x4c
 662 019c 00000000 		.4byte	.LFB0
 663 01a0 0C000000 		.4byte	.LFE0-.LFB0
 664 01a4 01       		.uleb128 0x1
 665 01a5 9C       		.byte	0x9c
 666 01a6 E2010000 		.4byte	0x1e2
 667 01aa 11       		.uleb128 0x11
 668 01ab 7300     		.ascii	"s\000"
 669 01ad 01       		.byte	0x1
 670 01ae 4C       		.byte	0x4c
 671 01af 84000000 		.4byte	0x84
 672 01b3 6F000000 		.4byte	.LLST4
 673 01b7 11       		.uleb128 0x11
 674 01b8 6E00     		.ascii	"n\000"
 675 01ba 01       		.byte	0x1
 676 01bb 4C       		.byte	0x4c
 677 01bc 2C000000 		.4byte	0x2c
 678 01c0 90000000 		.4byte	.LLST5
 679 01c4 12       		.uleb128 0x12
 680 01c5 0A000000 		.4byte	.LVL14
 681 01c9 75030000 		.4byte	0x375
 682 01cd 13       		.uleb128 0x13
ARM GAS  C:\Users\amant\AppData\Local\Temp\ccUwMCbi.s 			page 20


 683 01ce 01       		.uleb128 0x1
 684 01cf 50       		.byte	0x50
 685 01d0 03       		.uleb128 0x3
 686 01d1 F3       		.byte	0xf3
 687 01d2 01       		.uleb128 0x1
 688 01d3 50       		.byte	0x50
 689 01d4 13       		.uleb128 0x13
 690 01d5 01       		.uleb128 0x1
 691 01d6 51       		.byte	0x51
 692 01d7 01       		.uleb128 0x1
 693 01d8 30       		.byte	0x30
 694 01d9 13       		.uleb128 0x13
 695 01da 01       		.uleb128 0x1
 696 01db 52       		.byte	0x52
 697 01dc 03       		.uleb128 0x3
 698 01dd F3       		.byte	0xf3
 699 01de 01       		.uleb128 0x1
 700 01df 51       		.byte	0x51
 701 01e0 00       		.byte	0
 702 01e1 00       		.byte	0
 703 01e2 0A       		.uleb128 0xa
 704 01e3 28000000 		.4byte	.LASF29
 705 01e7 01       		.byte	0x1
 706 01e8 D3       		.byte	0xd3
 707 01e9 00000000 		.4byte	.LFB4
 708 01ed B0000000 		.4byte	.LFE4-.LFB4
 709 01f1 01       		.uleb128 0x1
 710 01f2 9C       		.byte	0x9c
 711 01f3 2D020000 		.4byte	0x22d
 712 01f7 14       		.uleb128 0x14
 713 01f8 14000000 		.4byte	.LVL15
 714 01fc 7E030000 		.4byte	0x37e
 715 0200 0A020000 		.4byte	0x20a
 716 0204 13       		.uleb128 0x13
 717 0205 01       		.uleb128 0x1
 718 0206 50       		.byte	0x50
 719 0207 01       		.uleb128 0x1
 720 0208 48       		.byte	0x48
 721 0209 00       		.byte	0
 722 020a 14       		.uleb128 0x14
 723 020b 5E000000 		.4byte	.LVL16
 724 020f 89030000 		.4byte	0x389
 725 0213 1D020000 		.4byte	0x21d
 726 0217 13       		.uleb128 0x13
 727 0218 01       		.uleb128 0x1
 728 0219 50       		.byte	0x50
 729 021a 01       		.uleb128 0x1
 730 021b 39       		.byte	0x39
 731 021c 00       		.byte	0
 732 021d 12       		.uleb128 0x12
 733 021e 64000000 		.4byte	.LVL17
 734 0222 94030000 		.4byte	0x394
 735 0226 13       		.uleb128 0x13
 736 0227 01       		.uleb128 0x1
 737 0228 50       		.byte	0x50
 738 0229 01       		.uleb128 0x1
 739 022a 39       		.byte	0x39
ARM GAS  C:\Users\amant\AppData\Local\Temp\ccUwMCbi.s 			page 21


 740 022b 00       		.byte	0
 741 022c 00       		.byte	0
 742 022d 15       		.uleb128 0x15
 743 022e 57010000 		.4byte	.LASF42
 744 0232 01       		.byte	0x1
 745 0233 2701     		.2byte	0x127
 746 0235 B0000000 		.4byte	.LFB6
 747 0239 28010000 		.4byte	.LFE6-.LFB6
 748 023d 01       		.uleb128 0x1
 749 023e 9C       		.byte	0x9c
 750 023f 4B030000 		.4byte	0x34b
 751 0243 16       		.uleb128 0x16
 752 0244 B4000000 		.4byte	.LBB3
 753 0248 7A000000 		.4byte	.LBE3-.LBB3
 754 024c 41030000 		.4byte	0x341
 755 0250 17       		.uleb128 0x17
 756 0251 33000000 		.4byte	.LASF30
 757 0255 01       		.byte	0x1
 758 0256 2D01     		.2byte	0x12d
 759 0258 5B030000 		.4byte	0x35b
 760 025c 05       		.uleb128 0x5
 761 025d 03       		.byte	0x3
 762 025e 1C000000 		.4byte	cy_cfg_addr_table.4864
 763 0262 17       		.uleb128 0x17
 764 0263 45000000 		.4byte	.LASF31
 765 0267 01       		.byte	0x1
 766 0268 3301     		.2byte	0x133
 767 026a 70030000 		.4byte	0x370
 768 026e 05       		.uleb128 0x5
 769 026f 03       		.byte	0x3
 770 0270 0C000000 		.4byte	cy_cfg_data_table.4865
 771 0274 18       		.uleb128 0x18
 772 0275 06       		.byte	0x6
 773 0276 01       		.byte	0x1
 774 0277 3F01     		.2byte	0x13f
 775 0279 98020000 		.4byte	0x298
 776 027d 19       		.uleb128 0x19
 777 027e 64010000 		.4byte	.LASF32
 778 0282 01       		.byte	0x1
 779 0283 4001     		.2byte	0x140
 780 0285 84000000 		.4byte	0x84
 781 0289 00       		.byte	0
 782 028a 19       		.uleb128 0x19
 783 028b 6D000000 		.4byte	.LASF33
 784 028f 01       		.byte	0x1
 785 0290 4101     		.2byte	0x141
 786 0292 99000000 		.4byte	0x99
 787 0296 04       		.byte	0x4
 788 0297 00       		.byte	0
 789 0298 06       		.uleb128 0x6
 790 0299 11020000 		.4byte	.LASF34
 791 029d 01       		.byte	0x1
 792 029e 4201     		.2byte	0x142
 793 02a0 74020000 		.4byte	0x274
 794 02a4 1A       		.uleb128 0x1a
 795 02a5 B4020000 		.4byte	0x2b4
 796 02a9 B4020000 		.4byte	0x2b4
ARM GAS  C:\Users\amant\AppData\Local\Temp\ccUwMCbi.s 			page 22


 797 02ad 1B       		.uleb128 0x1b
 798 02ae 7D000000 		.4byte	0x7d
 799 02b2 01       		.byte	0x1
 800 02b3 00       		.byte	0
 801 02b4 10       		.uleb128 0x10
 802 02b5 98020000 		.4byte	0x298
 803 02b9 17       		.uleb128 0x17
 804 02ba 5D000000 		.4byte	.LASF35
 805 02be 01       		.byte	0x1
 806 02bf 4401     		.2byte	0x144
 807 02c1 CB020000 		.4byte	0x2cb
 808 02c5 05       		.uleb128 0x5
 809 02c6 03       		.byte	0x3
 810 02c7 00000000 		.4byte	cfg_memset_list.4870
 811 02cb 10       		.uleb128 0x10
 812 02cc A4020000 		.4byte	0x2a4
 813 02d0 1C       		.uleb128 0x1c
 814 02d1 6900     		.ascii	"i\000"
 815 02d3 01       		.byte	0x1
 816 02d4 4A01     		.2byte	0x14a
 817 02d6 8D000000 		.4byte	0x8d
 818 02da BC000000 		.4byte	.LLST6
 819 02de 16       		.uleb128 0x16
 820 02df B8000000 		.4byte	.LBB4
 821 02e3 1C000000 		.4byte	.LBE4-.LBB4
 822 02e7 24030000 		.4byte	0x324
 823 02eb 1C       		.uleb128 0x1c
 824 02ec 6D7300   		.ascii	"ms\000"
 825 02ef 01       		.byte	0x1
 826 02f0 4F01     		.2byte	0x14f
 827 02f2 FA020000 		.4byte	0x2fa
 828 02f6 E6000000 		.4byte	.LLST7
 829 02fa 0F       		.uleb128 0xf
 830 02fb 04       		.byte	0x4
 831 02fc B4020000 		.4byte	0x2b4
 832 0300 12       		.uleb128 0x12
 833 0301 D4000000 		.4byte	.LVL20
 834 0305 95010000 		.4byte	0x195
 835 0309 13       		.uleb128 0x13
 836 030a 01       		.uleb128 0x1
 837 030b 51       		.byte	0x51
 838 030c 15       		.uleb128 0x15
 839 030d 74       		.byte	0x74
 840 030e 00       		.sleb128 0
 841 030f 31       		.byte	0x31
 842 0310 24       		.byte	0x24
 843 0311 74       		.byte	0x74
 844 0312 00       		.sleb128 0
 845 0313 22       		.byte	0x22
 846 0314 31       		.byte	0x31
 847 0315 24       		.byte	0x24
 848 0316 03       		.byte	0x3
 849 0317 04000000 		.4byte	.LANCHOR0+4
 850 031b 22       		.byte	0x22
 851 031c 94       		.byte	0x94
 852 031d 02       		.byte	0x2
 853 031e 0A       		.byte	0xa
ARM GAS  C:\Users\amant\AppData\Local\Temp\ccUwMCbi.s 			page 23


 854 031f FFFF     		.2byte	0xffff
 855 0321 1A       		.byte	0x1a
 856 0322 00       		.byte	0
 857 0323 00       		.byte	0
 858 0324 12       		.uleb128 0x12
 859 0325 E8000000 		.4byte	.LVL23
 860 0329 0D010000 		.4byte	0x10d
 861 032d 13       		.uleb128 0x13
 862 032e 01       		.uleb128 0x1
 863 032f 50       		.byte	0x50
 864 0330 05       		.uleb128 0x5
 865 0331 03       		.byte	0x3
 866 0332 1C000000 		.4byte	.LANCHOR0+28
 867 0336 13       		.uleb128 0x13
 868 0337 01       		.uleb128 0x1
 869 0338 51       		.byte	0x51
 870 0339 05       		.uleb128 0x5
 871 033a 03       		.byte	0x3
 872 033b 0C000000 		.4byte	.LANCHOR0+12
 873 033f 00       		.byte	0
 874 0340 00       		.byte	0
 875 0341 1D       		.uleb128 0x1d
 876 0342 72010000 		.4byte	.LVL24
 877 0346 E2010000 		.4byte	0x1e2
 878 034a 00       		.byte	0
 879 034b 1A       		.uleb128 0x1a
 880 034c 85010000 		.4byte	0x185
 881 0350 5B030000 		.4byte	0x35b
 882 0354 1B       		.uleb128 0x1b
 883 0355 7D000000 		.4byte	0x7d
 884 0359 02       		.byte	0x2
 885 035a 00       		.byte	0
 886 035b 10       		.uleb128 0x10
 887 035c 4B030000 		.4byte	0x34b
 888 0360 1A       		.uleb128 0x1a
 889 0361 90010000 		.4byte	0x190
 890 0365 70030000 		.4byte	0x370
 891 0369 1B       		.uleb128 0x1b
 892 036a 7D000000 		.4byte	0x7d
 893 036e 06       		.byte	0x6
 894 036f 00       		.byte	0
 895 0370 10       		.uleb128 0x10
 896 0371 60030000 		.4byte	0x360
 897 0375 1E       		.uleb128 0x1e
 898 0376 A7000000 		.4byte	.LASF43
 899 037a A7000000 		.4byte	.LASF43
 900 037e 1F       		.uleb128 0x1f
 901 037f 7A020000 		.4byte	.LASF36
 902 0383 7A020000 		.4byte	.LASF36
 903 0387 04       		.byte	0x4
 904 0388 6C       		.byte	0x6c
 905 0389 1F       		.uleb128 0x1f
 906 038a 0D000000 		.4byte	.LASF37
 907 038e 0D000000 		.4byte	.LASF37
 908 0392 04       		.byte	0x4
 909 0393 D0       		.byte	0xd0
 910 0394 1F       		.uleb128 0x1f
ARM GAS  C:\Users\amant\AppData\Local\Temp\ccUwMCbi.s 			page 24


 911 0395 1A010000 		.4byte	.LASF38
 912 0399 1A010000 		.4byte	.LASF38
 913 039d 04       		.byte	0x4
 914 039e D6       		.byte	0xd6
 915 039f 00       		.byte	0
 916              		.section	.debug_abbrev,"",%progbits
 917              	.Ldebug_abbrev0:
 918 0000 01       		.uleb128 0x1
 919 0001 11       		.uleb128 0x11
 920 0002 01       		.byte	0x1
 921 0003 25       		.uleb128 0x25
 922 0004 0E       		.uleb128 0xe
 923 0005 13       		.uleb128 0x13
 924 0006 0B       		.uleb128 0xb
 925 0007 03       		.uleb128 0x3
 926 0008 0E       		.uleb128 0xe
 927 0009 1B       		.uleb128 0x1b
 928 000a 0E       		.uleb128 0xe
 929 000b 55       		.uleb128 0x55
 930 000c 17       		.uleb128 0x17
 931 000d 11       		.uleb128 0x11
 932 000e 01       		.uleb128 0x1
 933 000f 10       		.uleb128 0x10
 934 0010 17       		.uleb128 0x17
 935 0011 00       		.byte	0
 936 0012 00       		.byte	0
 937 0013 02       		.uleb128 0x2
 938 0014 24       		.uleb128 0x24
 939 0015 00       		.byte	0
 940 0016 0B       		.uleb128 0xb
 941 0017 0B       		.uleb128 0xb
 942 0018 3E       		.uleb128 0x3e
 943 0019 0B       		.uleb128 0xb
 944 001a 03       		.uleb128 0x3
 945 001b 08       		.uleb128 0x8
 946 001c 00       		.byte	0
 947 001d 00       		.byte	0
 948 001e 03       		.uleb128 0x3
 949 001f 16       		.uleb128 0x16
 950 0020 00       		.byte	0
 951 0021 03       		.uleb128 0x3
 952 0022 0E       		.uleb128 0xe
 953 0023 3A       		.uleb128 0x3a
 954 0024 0B       		.uleb128 0xb
 955 0025 3B       		.uleb128 0x3b
 956 0026 0B       		.uleb128 0xb
 957 0027 49       		.uleb128 0x49
 958 0028 13       		.uleb128 0x13
 959 0029 00       		.byte	0
 960 002a 00       		.byte	0
 961 002b 04       		.uleb128 0x4
 962 002c 24       		.uleb128 0x24
 963 002d 00       		.byte	0
 964 002e 0B       		.uleb128 0xb
 965 002f 0B       		.uleb128 0xb
 966 0030 3E       		.uleb128 0x3e
 967 0031 0B       		.uleb128 0xb
ARM GAS  C:\Users\amant\AppData\Local\Temp\ccUwMCbi.s 			page 25


 968 0032 03       		.uleb128 0x3
 969 0033 0E       		.uleb128 0xe
 970 0034 00       		.byte	0
 971 0035 00       		.byte	0
 972 0036 05       		.uleb128 0x5
 973 0037 0F       		.uleb128 0xf
 974 0038 00       		.byte	0
 975 0039 0B       		.uleb128 0xb
 976 003a 0B       		.uleb128 0xb
 977 003b 00       		.byte	0
 978 003c 00       		.byte	0
 979 003d 06       		.uleb128 0x6
 980 003e 16       		.uleb128 0x16
 981 003f 00       		.byte	0
 982 0040 03       		.uleb128 0x3
 983 0041 0E       		.uleb128 0xe
 984 0042 3A       		.uleb128 0x3a
 985 0043 0B       		.uleb128 0xb
 986 0044 3B       		.uleb128 0x3b
 987 0045 05       		.uleb128 0x5
 988 0046 49       		.uleb128 0x49
 989 0047 13       		.uleb128 0x13
 990 0048 00       		.byte	0
 991 0049 00       		.byte	0
 992 004a 07       		.uleb128 0x7
 993 004b 35       		.uleb128 0x35
 994 004c 00       		.byte	0
 995 004d 49       		.uleb128 0x49
 996 004e 13       		.uleb128 0x13
 997 004f 00       		.byte	0
 998 0050 00       		.byte	0
 999 0051 08       		.uleb128 0x8
 1000 0052 13       		.uleb128 0x13
 1001 0053 01       		.byte	0x1
 1002 0054 0B       		.uleb128 0xb
 1003 0055 0B       		.uleb128 0xb
 1004 0056 3A       		.uleb128 0x3a
 1005 0057 0B       		.uleb128 0xb
 1006 0058 3B       		.uleb128 0x3b
 1007 0059 0B       		.uleb128 0xb
 1008 005a 01       		.uleb128 0x1
 1009 005b 13       		.uleb128 0x13
 1010 005c 00       		.byte	0
 1011 005d 00       		.byte	0
 1012 005e 09       		.uleb128 0x9
 1013 005f 0D       		.uleb128 0xd
 1014 0060 00       		.byte	0
 1015 0061 03       		.uleb128 0x3
 1016 0062 0E       		.uleb128 0xe
 1017 0063 3A       		.uleb128 0x3a
 1018 0064 0B       		.uleb128 0xb
 1019 0065 3B       		.uleb128 0x3b
 1020 0066 0B       		.uleb128 0xb
 1021 0067 49       		.uleb128 0x49
 1022 0068 13       		.uleb128 0x13
 1023 0069 38       		.uleb128 0x38
 1024 006a 0B       		.uleb128 0xb
ARM GAS  C:\Users\amant\AppData\Local\Temp\ccUwMCbi.s 			page 26


 1025 006b 00       		.byte	0
 1026 006c 00       		.byte	0
 1027 006d 0A       		.uleb128 0xa
 1028 006e 2E       		.uleb128 0x2e
 1029 006f 01       		.byte	0x1
 1030 0070 03       		.uleb128 0x3
 1031 0071 0E       		.uleb128 0xe
 1032 0072 3A       		.uleb128 0x3a
 1033 0073 0B       		.uleb128 0xb
 1034 0074 3B       		.uleb128 0x3b
 1035 0075 0B       		.uleb128 0xb
 1036 0076 27       		.uleb128 0x27
 1037 0077 19       		.uleb128 0x19
 1038 0078 11       		.uleb128 0x11
 1039 0079 01       		.uleb128 0x1
 1040 007a 12       		.uleb128 0x12
 1041 007b 06       		.uleb128 0x6
 1042 007c 40       		.uleb128 0x40
 1043 007d 18       		.uleb128 0x18
 1044 007e 9742     		.uleb128 0x2117
 1045 0080 19       		.uleb128 0x19
 1046 0081 01       		.uleb128 0x1
 1047 0082 13       		.uleb128 0x13
 1048 0083 00       		.byte	0
 1049 0084 00       		.byte	0
 1050 0085 0B       		.uleb128 0xb
 1051 0086 05       		.uleb128 0x5
 1052 0087 00       		.byte	0
 1053 0088 03       		.uleb128 0x3
 1054 0089 0E       		.uleb128 0xe
 1055 008a 3A       		.uleb128 0x3a
 1056 008b 0B       		.uleb128 0xb
 1057 008c 3B       		.uleb128 0x3b
 1058 008d 0B       		.uleb128 0xb
 1059 008e 49       		.uleb128 0x49
 1060 008f 13       		.uleb128 0x13
 1061 0090 02       		.uleb128 0x2
 1062 0091 18       		.uleb128 0x18
 1063 0092 00       		.byte	0
 1064 0093 00       		.byte	0
 1065 0094 0C       		.uleb128 0xc
 1066 0095 34       		.uleb128 0x34
 1067 0096 00       		.byte	0
 1068 0097 03       		.uleb128 0x3
 1069 0098 08       		.uleb128 0x8
 1070 0099 3A       		.uleb128 0x3a
 1071 009a 0B       		.uleb128 0xb
 1072 009b 3B       		.uleb128 0x3b
 1073 009c 0B       		.uleb128 0xb
 1074 009d 49       		.uleb128 0x49
 1075 009e 13       		.uleb128 0x13
 1076 009f 02       		.uleb128 0x2
 1077 00a0 17       		.uleb128 0x17
 1078 00a1 00       		.byte	0
 1079 00a2 00       		.byte	0
 1080 00a3 0D       		.uleb128 0xd
 1081 00a4 0B       		.uleb128 0xb
ARM GAS  C:\Users\amant\AppData\Local\Temp\ccUwMCbi.s 			page 27


 1082 00a5 01       		.byte	0x1
 1083 00a6 11       		.uleb128 0x11
 1084 00a7 01       		.uleb128 0x1
 1085 00a8 12       		.uleb128 0x12
 1086 00a9 06       		.uleb128 0x6
 1087 00aa 00       		.byte	0
 1088 00ab 00       		.byte	0
 1089 00ac 0E       		.uleb128 0xe
 1090 00ad 34       		.uleb128 0x34
 1091 00ae 00       		.byte	0
 1092 00af 03       		.uleb128 0x3
 1093 00b0 0E       		.uleb128 0xe
 1094 00b1 3A       		.uleb128 0x3a
 1095 00b2 0B       		.uleb128 0xb
 1096 00b3 3B       		.uleb128 0x3b
 1097 00b4 0B       		.uleb128 0xb
 1098 00b5 49       		.uleb128 0x49
 1099 00b6 13       		.uleb128 0x13
 1100 00b7 02       		.uleb128 0x2
 1101 00b8 17       		.uleb128 0x17
 1102 00b9 00       		.byte	0
 1103 00ba 00       		.byte	0
 1104 00bb 0F       		.uleb128 0xf
 1105 00bc 0F       		.uleb128 0xf
 1106 00bd 00       		.byte	0
 1107 00be 0B       		.uleb128 0xb
 1108 00bf 0B       		.uleb128 0xb
 1109 00c0 49       		.uleb128 0x49
 1110 00c1 13       		.uleb128 0x13
 1111 00c2 00       		.byte	0
 1112 00c3 00       		.byte	0
 1113 00c4 10       		.uleb128 0x10
 1114 00c5 26       		.uleb128 0x26
 1115 00c6 00       		.byte	0
 1116 00c7 49       		.uleb128 0x49
 1117 00c8 13       		.uleb128 0x13
 1118 00c9 00       		.byte	0
 1119 00ca 00       		.byte	0
 1120 00cb 11       		.uleb128 0x11
 1121 00cc 05       		.uleb128 0x5
 1122 00cd 00       		.byte	0
 1123 00ce 03       		.uleb128 0x3
 1124 00cf 08       		.uleb128 0x8
 1125 00d0 3A       		.uleb128 0x3a
 1126 00d1 0B       		.uleb128 0xb
 1127 00d2 3B       		.uleb128 0x3b
 1128 00d3 0B       		.uleb128 0xb
 1129 00d4 49       		.uleb128 0x49
 1130 00d5 13       		.uleb128 0x13
 1131 00d6 02       		.uleb128 0x2
 1132 00d7 17       		.uleb128 0x17
 1133 00d8 00       		.byte	0
 1134 00d9 00       		.byte	0
 1135 00da 12       		.uleb128 0x12
 1136 00db 898201   		.uleb128 0x4109
 1137 00de 01       		.byte	0x1
 1138 00df 11       		.uleb128 0x11
ARM GAS  C:\Users\amant\AppData\Local\Temp\ccUwMCbi.s 			page 28


 1139 00e0 01       		.uleb128 0x1
 1140 00e1 31       		.uleb128 0x31
 1141 00e2 13       		.uleb128 0x13
 1142 00e3 00       		.byte	0
 1143 00e4 00       		.byte	0
 1144 00e5 13       		.uleb128 0x13
 1145 00e6 8A8201   		.uleb128 0x410a
 1146 00e9 00       		.byte	0
 1147 00ea 02       		.uleb128 0x2
 1148 00eb 18       		.uleb128 0x18
 1149 00ec 9142     		.uleb128 0x2111
 1150 00ee 18       		.uleb128 0x18
 1151 00ef 00       		.byte	0
 1152 00f0 00       		.byte	0
 1153 00f1 14       		.uleb128 0x14
 1154 00f2 898201   		.uleb128 0x4109
 1155 00f5 01       		.byte	0x1
 1156 00f6 11       		.uleb128 0x11
 1157 00f7 01       		.uleb128 0x1
 1158 00f8 31       		.uleb128 0x31
 1159 00f9 13       		.uleb128 0x13
 1160 00fa 01       		.uleb128 0x1
 1161 00fb 13       		.uleb128 0x13
 1162 00fc 00       		.byte	0
 1163 00fd 00       		.byte	0
 1164 00fe 15       		.uleb128 0x15
 1165 00ff 2E       		.uleb128 0x2e
 1166 0100 01       		.byte	0x1
 1167 0101 3F       		.uleb128 0x3f
 1168 0102 19       		.uleb128 0x19
 1169 0103 03       		.uleb128 0x3
 1170 0104 0E       		.uleb128 0xe
 1171 0105 3A       		.uleb128 0x3a
 1172 0106 0B       		.uleb128 0xb
 1173 0107 3B       		.uleb128 0x3b
 1174 0108 05       		.uleb128 0x5
 1175 0109 27       		.uleb128 0x27
 1176 010a 19       		.uleb128 0x19
 1177 010b 11       		.uleb128 0x11
 1178 010c 01       		.uleb128 0x1
 1179 010d 12       		.uleb128 0x12
 1180 010e 06       		.uleb128 0x6
 1181 010f 40       		.uleb128 0x40
 1182 0110 18       		.uleb128 0x18
 1183 0111 9742     		.uleb128 0x2117
 1184 0113 19       		.uleb128 0x19
 1185 0114 01       		.uleb128 0x1
 1186 0115 13       		.uleb128 0x13
 1187 0116 00       		.byte	0
 1188 0117 00       		.byte	0
 1189 0118 16       		.uleb128 0x16
 1190 0119 0B       		.uleb128 0xb
 1191 011a 01       		.byte	0x1
 1192 011b 11       		.uleb128 0x11
 1193 011c 01       		.uleb128 0x1
 1194 011d 12       		.uleb128 0x12
 1195 011e 06       		.uleb128 0x6
ARM GAS  C:\Users\amant\AppData\Local\Temp\ccUwMCbi.s 			page 29


 1196 011f 01       		.uleb128 0x1
 1197 0120 13       		.uleb128 0x13
 1198 0121 00       		.byte	0
 1199 0122 00       		.byte	0
 1200 0123 17       		.uleb128 0x17
 1201 0124 34       		.uleb128 0x34
 1202 0125 00       		.byte	0
 1203 0126 03       		.uleb128 0x3
 1204 0127 0E       		.uleb128 0xe
 1205 0128 3A       		.uleb128 0x3a
 1206 0129 0B       		.uleb128 0xb
 1207 012a 3B       		.uleb128 0x3b
 1208 012b 05       		.uleb128 0x5
 1209 012c 49       		.uleb128 0x49
 1210 012d 13       		.uleb128 0x13
 1211 012e 02       		.uleb128 0x2
 1212 012f 18       		.uleb128 0x18
 1213 0130 00       		.byte	0
 1214 0131 00       		.byte	0
 1215 0132 18       		.uleb128 0x18
 1216 0133 13       		.uleb128 0x13
 1217 0134 01       		.byte	0x1
 1218 0135 0B       		.uleb128 0xb
 1219 0136 0B       		.uleb128 0xb
 1220 0137 3A       		.uleb128 0x3a
 1221 0138 0B       		.uleb128 0xb
 1222 0139 3B       		.uleb128 0x3b
 1223 013a 05       		.uleb128 0x5
 1224 013b 01       		.uleb128 0x1
 1225 013c 13       		.uleb128 0x13
 1226 013d 00       		.byte	0
 1227 013e 00       		.byte	0
 1228 013f 19       		.uleb128 0x19
 1229 0140 0D       		.uleb128 0xd
 1230 0141 00       		.byte	0
 1231 0142 03       		.uleb128 0x3
 1232 0143 0E       		.uleb128 0xe
 1233 0144 3A       		.uleb128 0x3a
 1234 0145 0B       		.uleb128 0xb
 1235 0146 3B       		.uleb128 0x3b
 1236 0147 05       		.uleb128 0x5
 1237 0148 49       		.uleb128 0x49
 1238 0149 13       		.uleb128 0x13
 1239 014a 38       		.uleb128 0x38
 1240 014b 0B       		.uleb128 0xb
 1241 014c 00       		.byte	0
 1242 014d 00       		.byte	0
 1243 014e 1A       		.uleb128 0x1a
 1244 014f 01       		.uleb128 0x1
 1245 0150 01       		.byte	0x1
 1246 0151 49       		.uleb128 0x49
 1247 0152 13       		.uleb128 0x13
 1248 0153 01       		.uleb128 0x1
 1249 0154 13       		.uleb128 0x13
 1250 0155 00       		.byte	0
 1251 0156 00       		.byte	0
 1252 0157 1B       		.uleb128 0x1b
ARM GAS  C:\Users\amant\AppData\Local\Temp\ccUwMCbi.s 			page 30


 1253 0158 21       		.uleb128 0x21
 1254 0159 00       		.byte	0
 1255 015a 49       		.uleb128 0x49
 1256 015b 13       		.uleb128 0x13
 1257 015c 2F       		.uleb128 0x2f
 1258 015d 0B       		.uleb128 0xb
 1259 015e 00       		.byte	0
 1260 015f 00       		.byte	0
 1261 0160 1C       		.uleb128 0x1c
 1262 0161 34       		.uleb128 0x34
 1263 0162 00       		.byte	0
 1264 0163 03       		.uleb128 0x3
 1265 0164 08       		.uleb128 0x8
 1266 0165 3A       		.uleb128 0x3a
 1267 0166 0B       		.uleb128 0xb
 1268 0167 3B       		.uleb128 0x3b
 1269 0168 05       		.uleb128 0x5
 1270 0169 49       		.uleb128 0x49
 1271 016a 13       		.uleb128 0x13
 1272 016b 02       		.uleb128 0x2
 1273 016c 17       		.uleb128 0x17
 1274 016d 00       		.byte	0
 1275 016e 00       		.byte	0
 1276 016f 1D       		.uleb128 0x1d
 1277 0170 898201   		.uleb128 0x4109
 1278 0173 00       		.byte	0
 1279 0174 11       		.uleb128 0x11
 1280 0175 01       		.uleb128 0x1
 1281 0176 31       		.uleb128 0x31
 1282 0177 13       		.uleb128 0x13
 1283 0178 00       		.byte	0
 1284 0179 00       		.byte	0
 1285 017a 1E       		.uleb128 0x1e
 1286 017b 2E       		.uleb128 0x2e
 1287 017c 00       		.byte	0
 1288 017d 3F       		.uleb128 0x3f
 1289 017e 19       		.uleb128 0x19
 1290 017f 3C       		.uleb128 0x3c
 1291 0180 19       		.uleb128 0x19
 1292 0181 6E       		.uleb128 0x6e
 1293 0182 0E       		.uleb128 0xe
 1294 0183 03       		.uleb128 0x3
 1295 0184 0E       		.uleb128 0xe
 1296 0185 00       		.byte	0
 1297 0186 00       		.byte	0
 1298 0187 1F       		.uleb128 0x1f
 1299 0188 2E       		.uleb128 0x2e
 1300 0189 00       		.byte	0
 1301 018a 3F       		.uleb128 0x3f
 1302 018b 19       		.uleb128 0x19
 1303 018c 3C       		.uleb128 0x3c
 1304 018d 19       		.uleb128 0x19
 1305 018e 6E       		.uleb128 0x6e
 1306 018f 0E       		.uleb128 0xe
 1307 0190 03       		.uleb128 0x3
 1308 0191 0E       		.uleb128 0xe
 1309 0192 3A       		.uleb128 0x3a
ARM GAS  C:\Users\amant\AppData\Local\Temp\ccUwMCbi.s 			page 31


 1310 0193 0B       		.uleb128 0xb
 1311 0194 3B       		.uleb128 0x3b
 1312 0195 0B       		.uleb128 0xb
 1313 0196 00       		.byte	0
 1314 0197 00       		.byte	0
 1315 0198 00       		.byte	0
 1316              		.section	.debug_loc,"",%progbits
 1317              	.Ldebug_loc0:
 1318              	.LLST0:
 1319 0000 02000000 		.4byte	.LVL1
 1320 0004 08000000 		.4byte	.LVL2
 1321 0008 0200     		.2byte	0x2
 1322 000a 30       		.byte	0x30
 1323 000b 9F       		.byte	0x9f
 1324 000c 08000000 		.4byte	.LVL2
 1325 0010 30000000 		.4byte	.LVL11
 1326 0014 0100     		.2byte	0x1
 1327 0016 57       		.byte	0x57
 1328 0017 00000000 		.4byte	0
 1329 001b 00000000 		.4byte	0
 1330              	.LLST1:
 1331 001f 02000000 		.4byte	.LVL1
 1332 0023 08000000 		.4byte	.LVL2
 1333 0027 0200     		.2byte	0x2
 1334 0029 30       		.byte	0x30
 1335 002a 9F       		.byte	0x9f
 1336 002b 08000000 		.4byte	.LVL2
 1337 002f 30000000 		.4byte	.LVL10
 1338 0033 0100     		.2byte	0x1
 1339 0035 55       		.byte	0x55
 1340 0036 00000000 		.4byte	0
 1341 003a 00000000 		.4byte	0
 1342              	.LLST2:
 1343 003e 0C000000 		.4byte	.LVL3
 1344 0042 2C000000 		.4byte	.LVL9
 1345 0046 0100     		.2byte	0x1
 1346 0048 56       		.byte	0x56
 1347 0049 00000000 		.4byte	0
 1348 004d 00000000 		.4byte	0
 1349              	.LLST3:
 1350 0051 0E000000 		.4byte	.LVL4
 1351 0055 24000000 		.4byte	.LVL7
 1352 0059 0100     		.2byte	0x1
 1353 005b 53       		.byte	0x53
 1354 005c 26000000 		.4byte	.LVL8
 1355 0060 2C000000 		.4byte	.LVL9
 1356 0064 0100     		.2byte	0x1
 1357 0066 53       		.byte	0x53
 1358 0067 00000000 		.4byte	0
 1359 006b 00000000 		.4byte	0
 1360              	.LLST4:
 1361 006f 00000000 		.4byte	.LVL12
 1362 0073 09000000 		.4byte	.LVL14-1
 1363 0077 0100     		.2byte	0x1
 1364 0079 50       		.byte	0x50
 1365 007a 09000000 		.4byte	.LVL14-1
 1366 007e 0C000000 		.4byte	.LFE0
ARM GAS  C:\Users\amant\AppData\Local\Temp\ccUwMCbi.s 			page 32


 1367 0082 0400     		.2byte	0x4
 1368 0084 F3       		.byte	0xf3
 1369 0085 01       		.uleb128 0x1
 1370 0086 50       		.byte	0x50
 1371 0087 9F       		.byte	0x9f
 1372 0088 00000000 		.4byte	0
 1373 008c 00000000 		.4byte	0
 1374              	.LLST5:
 1375 0090 00000000 		.4byte	.LVL12
 1376 0094 06000000 		.4byte	.LVL13
 1377 0098 0100     		.2byte	0x1
 1378 009a 51       		.byte	0x51
 1379 009b 06000000 		.4byte	.LVL13
 1380 009f 09000000 		.4byte	.LVL14-1
 1381 00a3 0100     		.2byte	0x1
 1382 00a5 52       		.byte	0x52
 1383 00a6 09000000 		.4byte	.LVL14-1
 1384 00aa 0C000000 		.4byte	.LFE0
 1385 00ae 0400     		.2byte	0x4
 1386 00b0 F3       		.byte	0xf3
 1387 00b1 01       		.uleb128 0x1
 1388 00b2 51       		.byte	0x51
 1389 00b3 9F       		.byte	0x9f
 1390 00b4 00000000 		.4byte	0
 1391 00b8 00000000 		.4byte	0
 1392              	.LLST6:
 1393 00bc B4000000 		.4byte	.LVL18
 1394 00c0 B8000000 		.4byte	.LVL19
 1395 00c4 0200     		.2byte	0x2
 1396 00c6 30       		.byte	0x30
 1397 00c7 9F       		.byte	0x9f
 1398 00c8 B8000000 		.4byte	.LVL19
 1399 00cc D6000000 		.4byte	.LVL21
 1400 00d0 0100     		.2byte	0x1
 1401 00d2 54       		.byte	0x54
 1402 00d3 D8000000 		.4byte	.LVL22
 1403 00d7 72010000 		.4byte	.LVL25
 1404 00db 0100     		.2byte	0x1
 1405 00dd 54       		.byte	0x54
 1406 00de 00000000 		.4byte	0
 1407 00e2 00000000 		.4byte	0
 1408              	.LLST7:
 1409 00e6 B8000000 		.4byte	.LVL19
 1410 00ea D6000000 		.4byte	.LVL21
 1411 00ee 0B00     		.2byte	0xb
 1412 00f0 74       		.byte	0x74
 1413 00f1 00       		.sleb128 0
 1414 00f2 36       		.byte	0x36
 1415 00f3 1E       		.byte	0x1e
 1416 00f4 03       		.byte	0x3
 1417 00f5 00000000 		.4byte	cfg_memset_list.4870
 1418 00f9 22       		.byte	0x22
 1419 00fa 9F       		.byte	0x9f
 1420 00fb D6000000 		.4byte	.LVL21
 1421 00ff D8000000 		.4byte	.LVL22
 1422 0103 0B00     		.2byte	0xb
 1423 0105 74       		.byte	0x74
ARM GAS  C:\Users\amant\AppData\Local\Temp\ccUwMCbi.s 			page 33


 1424 0106 7F       		.sleb128 -1
 1425 0107 36       		.byte	0x36
 1426 0108 1E       		.byte	0x1e
 1427 0109 03       		.byte	0x3
 1428 010a 00000000 		.4byte	cfg_memset_list.4870
 1429 010e 22       		.byte	0x22
 1430 010f 9F       		.byte	0x9f
 1431 0110 00000000 		.4byte	0
 1432 0114 00000000 		.4byte	0
 1433              		.section	.debug_aranges,"",%progbits
 1434 0000 34000000 		.4byte	0x34
 1435 0004 0200     		.2byte	0x2
 1436 0006 00000000 		.4byte	.Ldebug_info0
 1437 000a 04       		.byte	0x4
 1438 000b 00       		.byte	0
 1439 000c 0000     		.2byte	0
 1440 000e 0000     		.2byte	0
 1441 0010 00000000 		.4byte	.LFB3
 1442 0014 32000000 		.4byte	.LFE3-.LFB3
 1443 0018 00000000 		.4byte	.LFB0
 1444 001c 0C000000 		.4byte	.LFE0-.LFB0
 1445 0020 00000000 		.4byte	.LFB4
 1446 0024 B0000000 		.4byte	.LFE4-.LFB4
 1447 0028 B0000000 		.4byte	.LFB6
 1448 002c 28010000 		.4byte	.LFE6-.LFB6
 1449 0030 00000000 		.4byte	0
 1450 0034 00000000 		.4byte	0
 1451              		.section	.debug_ranges,"",%progbits
 1452              	.Ldebug_ranges0:
 1453 0000 00000000 		.4byte	.LFB3
 1454 0004 32000000 		.4byte	.LFE3
 1455 0008 00000000 		.4byte	.LFB0
 1456 000c 0C000000 		.4byte	.LFE0
 1457 0010 00000000 		.4byte	.LFB4
 1458 0014 B0000000 		.4byte	.LFE4
 1459 0018 B0000000 		.4byte	.LFB6
 1460 001c D8010000 		.4byte	.LFE6
 1461 0020 00000000 		.4byte	0
 1462 0024 00000000 		.4byte	0
 1463              		.section	.debug_line,"",%progbits
 1464              	.Ldebug_line0:
 1465 0000 6A010000 		.section	.debug_str,"MS",%progbits,1
 1465      0200D600 
 1465      00000201 
 1465      FB0E0D00 
 1465      01010101 
 1466              	.LASF19:
 1467 0000 72656733 		.ascii	"reg32\000"
 1467      3200
 1468              	.LASF12:
 1469 0006 73697A65 		.ascii	"size_t\000"
 1469      5F7400
 1470              	.LASF37:
 1471 000d 4379496E 		.ascii	"CyIntSetVector\000"
 1471      74536574 
 1471      56656374 
 1471      6F7200
ARM GAS  C:\Users\amant\AppData\Local\Temp\ccUwMCbi.s 			page 34


 1472              	.LASF21:
 1473 001c 76616C75 		.ascii	"value\000"
 1473      6500
 1474              	.LASF26:
 1475 0022 636F756E 		.ascii	"count\000"
 1475      7400
 1476              	.LASF29:
 1477 0028 436C6F63 		.ascii	"ClockSetup\000"
 1477      6B536574 
 1477      757000
 1478              	.LASF30:
 1479 0033 63795F63 		.ascii	"cy_cfg_addr_table\000"
 1479      66675F61 
 1479      6464725F 
 1479      7461626C 
 1479      6500
 1480              	.LASF31:
 1481 0045 63795F63 		.ascii	"cy_cfg_data_table\000"
 1481      66675F64 
 1481      6174615F 
 1481      7461626C 
 1481      6500
 1482              	.LASF16:
 1483 0057 666C6F61 		.ascii	"float\000"
 1483      7400
 1484              	.LASF35:
 1485 005d 6366675F 		.ascii	"cfg_memset_list\000"
 1485      6D656D73 
 1485      65745F6C 
 1485      69737400 
 1486              	.LASF33:
 1487 006d 73697A65 		.ascii	"size\000"
 1487      00
 1488              	.LASF18:
 1489 0072 72656738 		.ascii	"reg8\000"
 1489      00
 1490              	.LASF8:
 1491 0077 6C6F6E67 		.ascii	"long unsigned int\000"
 1491      20756E73 
 1491      69676E65 
 1491      6420696E 
 1491      7400
 1492              	.LASF13:
 1493 0089 75696E74 		.ascii	"uint8\000"
 1493      3800
 1494              	.LASF28:
 1495 008f 43594D45 		.ascii	"CYMEMZERO\000"
 1495      4D5A4552 
 1495      4F00
 1496              	.LASF4:
 1497 0099 756E7369 		.ascii	"unsigned char\000"
 1497      676E6564 
 1497      20636861 
 1497      7200
 1498              	.LASF43:
 1499 00a7 6D656D73 		.ascii	"memset\000"
 1499      657400
ARM GAS  C:\Users\amant\AppData\Local\Temp\ccUwMCbi.s 			page 35


 1500              	.LASF17:
 1501 00ae 646F7562 		.ascii	"double\000"
 1501      6C6500
 1502              	.LASF27:
 1503 00b5 6366675F 		.ascii	"cfg_write_bytes32\000"
 1503      77726974 
 1503      655F6279 
 1503      74657333 
 1503      3200
 1504              	.LASF41:
 1505 00c7 433A5C55 		.ascii	"C:\\Users\\amant\\Generate\\Uplift-Solutions\\uplif"
 1505      73657273 
 1505      5C616D61 
 1505      6E745C47 
 1505      656E6572 
 1506 00f5 742D6677 		.ascii	"t-fw-sp25\\src\\psoc_4200_uplift.cydsn\000"
 1506      2D737032 
 1506      355C7372 
 1506      635C7073 
 1506      6F635F34 
 1507              	.LASF38:
 1508 011a 4379496E 		.ascii	"CyIntEnable\000"
 1508      74456E61 
 1508      626C6500 
 1509              	.LASF23:
 1510 0126 61646472 		.ascii	"addr_table\000"
 1510      5F746162 
 1510      6C6500
 1511              	.LASF14:
 1512 0131 75696E74 		.ascii	"uint16\000"
 1512      313600
 1513              	.LASF24:
 1514 0138 64617461 		.ascii	"data_table\000"
 1514      5F746162 
 1514      6C6500
 1515              	.LASF15:
 1516 0143 75696E74 		.ascii	"uint32\000"
 1516      333200
 1517              	.LASF0:
 1518 014a 756E7369 		.ascii	"unsigned int\000"
 1518      676E6564 
 1518      20696E74 
 1518      00
 1519              	.LASF42:
 1520 0157 63796669 		.ascii	"cyfitter_cfg\000"
 1520      74746572 
 1520      5F636667 
 1520      00
 1521              	.LASF32:
 1522 0164 61646472 		.ascii	"address\000"
 1522      65737300 
 1523              	.LASF9:
 1524 016c 6C6F6E67 		.ascii	"long long unsigned int\000"
 1524      206C6F6E 
 1524      6720756E 
 1524      7369676E 
 1524      65642069 
ARM GAS  C:\Users\amant\AppData\Local\Temp\ccUwMCbi.s 			page 36


 1525              	.LASF39:
 1526 0183 474E5520 		.ascii	"GNU C11 5.4.1 20160609 (release) [ARM/embedded-5-br"
 1526      43313120 
 1526      352E342E 
 1526      31203230 
 1526      31363036 
 1527 01b6 616E6368 		.ascii	"anch revision 237715] -mcpu=cortex-m0 -mthumb -g -O"
 1527      20726576 
 1527      6973696F 
 1527      6E203233 
 1527      37373135 
 1528 01e9 67202D66 		.ascii	"g -ffunction-sections -ffat-lto-objects\000"
 1528      66756E63 
 1528      74696F6E 
 1528      2D736563 
 1528      74696F6E 
 1529              	.LASF34:
 1530 0211 6366675F 		.ascii	"cfg_memset_t\000"
 1530      6D656D73 
 1530      65745F74 
 1530      00
 1531              	.LASF25:
 1532 021e 62617365 		.ascii	"baseAddr\000"
 1532      41646472 
 1532      00
 1533              	.LASF10:
 1534 0227 73697A65 		.ascii	"sizetype\000"
 1534      74797065 
 1534      00
 1535              	.LASF6:
 1536 0230 73686F72 		.ascii	"short unsigned int\000"
 1536      7420756E 
 1536      7369676E 
 1536      65642069 
 1536      6E7400
 1537              	.LASF1:
 1538 0243 6C6F6E67 		.ascii	"long long int\000"
 1538      206C6F6E 
 1538      6720696E 
 1538      7400
 1539              	.LASF11:
 1540 0251 63686172 		.ascii	"char\000"
 1540      00
 1541              	.LASF22:
 1542 0256 63795F63 		.ascii	"cy_cfg_addrvalue_t\000"
 1542      66675F61 
 1542      64647276 
 1542      616C7565 
 1542      5F7400
 1543              	.LASF20:
 1544 0269 6F666673 		.ascii	"offset\000"
 1544      657400
 1545              	.LASF5:
 1546 0270 73686F72 		.ascii	"short int\000"
 1546      7420696E 
 1546      7400
 1547              	.LASF36:
ARM GAS  C:\Users\amant\AppData\Local\Temp\ccUwMCbi.s 			page 37


 1548 027a 43795379 		.ascii	"CySysClkWriteImoFreq\000"
 1548      73436C6B 
 1548      57726974 
 1548      65496D6F 
 1548      46726571 
 1549              	.LASF7:
 1550 028f 6C6F6E67 		.ascii	"long int\000"
 1550      20696E74 
 1550      00
 1551              	.LASF2:
 1552 0298 6C6F6E67 		.ascii	"long double\000"
 1552      20646F75 
 1552      626C6500 
 1553              	.LASF3:
 1554 02a4 7369676E 		.ascii	"signed char\000"
 1554      65642063 
 1554      68617200 
 1555              	.LASF40:
 1556 02b0 47656E65 		.ascii	"Generated_Source\\PSoC4\\cyfitter_cfg.c\000"
 1556      72617465 
 1556      645F536F 
 1556      75726365 
 1556      5C50536F 
 1557              		.ident	"GCC: (GNU Tools for ARM Embedded Processors) 5.4.1 20160609 (release) [ARM/embedded-5-bran
