Archive member included to satisfy reference by file (symbol)

.\CortexM0\ARM_GCC_541\Debug\psoc_4200_uplift.a(CyLib.o)
                              .\CortexM0\ARM_GCC_541\Debug\cyfitter_cfg.o (CyIntEnable)
.\CortexM0\ARM_GCC_541\Debug\psoc_4200_uplift.a(CyLFClk.o)
                              .\CortexM0\ARM_GCC_541\Debug\cyfitter_cfg.o (CySysWdtIsr)
.\CortexM0\ARM_GCC_541\Debug\psoc_4200_uplift.a(PWM_FRONT.o)
                              .\CortexM0\ARM_GCC_541\Debug\main.o (PWM_FRONT_Write)
.\CortexM0\ARM_GCC_541\Debug\psoc_4200_uplift.a(I2C_0.o)
                              .\CortexM0\ARM_GCC_541\Debug\main.o (I2C_0_Start)
.\CortexM0\ARM_GCC_541\Debug\psoc_4200_uplift.a(I2C_0_I2C.o)
                              .\CortexM0\ARM_GCC_541\Debug\psoc_4200_uplift.a(I2C_0.o) (I2C_0_I2CInit)
.\CortexM0\ARM_GCC_541\Debug\psoc_4200_uplift.a(I2C_0_I2C_MASTER.o)
                              .\CortexM0\ARM_GCC_541\Debug\main.o (I2C_0_I2CMasterSendStart)
.\CortexM0\ARM_GCC_541\Debug\psoc_4200_uplift.a(DIR_FRONT_RIGHT.o)
                              .\CortexM0\ARM_GCC_541\Debug\main.o (DIR_FRONT_RIGHT_Write)
.\CortexM0\ARM_GCC_541\Debug\psoc_4200_uplift.a(LED_2.o)
                              .\CortexM0\ARM_GCC_541\Debug\main.o (LED_2_Write)
.\CortexM0\ARM_GCC_541\Debug\psoc_4200_uplift.a(BUTTON_TILT_EN.o)
                              .\CortexM0\ARM_GCC_541\Debug\main.o (BUTTON_TILT_EN_Read)
.\CortexM0\ARM_GCC_541\Debug\psoc_4200_uplift.a(BUTTON_MOTOR_EN.o)
                              .\CortexM0\ARM_GCC_541\Debug\main.o (BUTTON_MOTOR_EN_Read)
.\CortexM0\ARM_GCC_541\Debug\psoc_4200_uplift.a(BUTTON_DIR_UP.o)
                              .\CortexM0\ARM_GCC_541\Debug\main.o (BUTTON_DIR_UP_Read)
.\CortexM0\ARM_GCC_541\Debug\psoc_4200_uplift.a(BUTTON_DIR_DOWN.o)
                              .\CortexM0\ARM_GCC_541\Debug\main.o (BUTTON_DIR_DOWN_Read)
.\CortexM0\ARM_GCC_541\Debug\psoc_4200_uplift.a(I2C_0_sda.o)
                              .\CortexM0\ARM_GCC_541\Debug\psoc_4200_uplift.a(I2C_0_I2C_MASTER.o) (I2C_0_sda_Read)
.\CortexM0\ARM_GCC_541\Debug\psoc_4200_uplift.a(I2C_0_scl.o)
                              .\CortexM0\ARM_GCC_541\Debug\psoc_4200_uplift.a(I2C_0_I2C_MASTER.o) (I2C_0_scl_Write)
.\CortexM0\ARM_GCC_541\Debug\psoc_4200_uplift.a(Bootloader_0.o)
                              .\CortexM0\ARM_GCC_541\Debug\Cm0Start.o (CyBtldr_CheckLaunch)
.\CortexM0\ARM_GCC_541\Debug\psoc_4200_uplift.a(PWM_REAR.o)
                              .\CortexM0\ARM_GCC_541\Debug\main.o (PWM_REAR_Write)
.\CortexM0\ARM_GCC_541\Debug\psoc_4200_uplift.a(DIR_REAR_RIGHT.o)
                              .\CortexM0\ARM_GCC_541\Debug\main.o (DIR_REAR_RIGHT_Write)
.\CortexM0\ARM_GCC_541\Debug\psoc_4200_uplift.a(ENABLE_FRONT_MOTORS.o)
                              .\CortexM0\ARM_GCC_541\Debug\main.o (ENABLE_FRONT_MOTORS_Write)
.\CortexM0\ARM_GCC_541\Debug\psoc_4200_uplift.a(ENABLE_REAR_MOTORS.o)
                              .\CortexM0\ARM_GCC_541\Debug\main.o (ENABLE_REAR_MOTORS_Write)
.\CortexM0\ARM_GCC_541\Debug\psoc_4200_uplift.a(PWM_REAR_0.o)
                              .\CortexM0\ARM_GCC_541\Debug\main.o (PWM_REAR_0_Stop)
.\CortexM0\ARM_GCC_541\Debug\psoc_4200_uplift.a(CURRENT_SENSE_2_INT.o)
                              .\CortexM0\ARM_GCC_541\Debug\main.o (CURRENT_SENSE_2_INT_StartEx)
.\CortexM0\ARM_GCC_541\Debug\psoc_4200_uplift.a(CURRENT_SENSE_4_INT.o)
                              .\CortexM0\ARM_GCC_541\Debug\main.o (CURRENT_SENSE_4_INT_StartEx)
.\CortexM0\ARM_GCC_541\Debug\psoc_4200_uplift.a(CURRENT_SENSE_3_INT.o)
                              .\CortexM0\ARM_GCC_541\Debug\main.o (CURRENT_SENSE_3_INT_StartEx)
.\CortexM0\ARM_GCC_541\Debug\psoc_4200_uplift.a(LIMIT_SWITCH_1.o)
                              .\CortexM0\ARM_GCC_541\Debug\main.o (LIMIT_SWITCH_1_ClearInterrupt)
.\CortexM0\ARM_GCC_541\Debug\psoc_4200_uplift.a(LIMIT_SWITCH_4.o)
                              .\CortexM0\ARM_GCC_541\Debug\main.o (LIMIT_SWITCH_4_ClearInterrupt)
.\CortexM0\ARM_GCC_541\Debug\psoc_4200_uplift.a(LIMIT_SWITCH_3.o)
                              .\CortexM0\ARM_GCC_541\Debug\main.o (LIMIT_SWITCH_3_ClearInterrupt)
.\CortexM0\ARM_GCC_541\Debug\psoc_4200_uplift.a(LIMIT_SWITCH_2.o)
                              .\CortexM0\ARM_GCC_541\Debug\main.o (LIMIT_SWITCH_2_ClearInterrupt)
.\CortexM0\ARM_GCC_541\Debug\psoc_4200_uplift.a(CURRENT_SENSE_1_INT.o)
                              .\CortexM0\ARM_GCC_541\Debug\main.o (CURRENT_SENSE_1_INT_StartEx)
.\CortexM0\ARM_GCC_541\Debug\psoc_4200_uplift.a(CURRENT_SENSE_1.o)
                              .\CortexM0\ARM_GCC_541\Debug\main.o (CURRENT_SENSE_1_Read)
.\CortexM0\ARM_GCC_541\Debug\psoc_4200_uplift.a(CURRENT_SENSE_2.o)
                              .\CortexM0\ARM_GCC_541\Debug\main.o (CURRENT_SENSE_2_Read)
.\CortexM0\ARM_GCC_541\Debug\psoc_4200_uplift.a(CURRENT_SENSE_3.o)
                              .\CortexM0\ARM_GCC_541\Debug\main.o (CURRENT_SENSE_3_Read)
[...]
Memory Configuration

Name             Origin             Length             Attributes
rom              0x00000000         0x00008000         xr
ram              0x20000000         0x00001000         xrw
*default*        0x00000000         0xffffffff

Linker script and memory map

LOAD c:/program files (x86)/cypress/psoc creator/4.4/psoc creator/import/gnu/arm/5.4.1/bin/../lib/gcc/arm-none-eabi/5.4.1/armv6-m/crti.o
LOAD c:/program files (x86)/cypress/psoc creator/4.4/psoc creator/import/gnu/arm/5.4.1/bin/../lib/gcc/arm-none-eabi/5.4.1/armv6-m/crtbegin.o
LOAD c:/program files (x86)/cypress/psoc creator/4.4/psoc creator/import/gnu/arm/5.4.1/bin/../lib/gcc/arm-none-eabi/5.4.1/../../../../arm-none-eabi/lib/armv6-m/crt0.o
START GROUP
LOAD .\CortexM0\ARM_GCC_541\Debug\main.o
LOAD .\CortexM0\ARM_GCC_541\Debug\cyfitter_cfg.o
LOAD .\CortexM0\ARM_GCC_541\Debug\cymetadata.o
LOAD .\CortexM0\ARM_GCC_541\Debug\Cm0Start.o
LOAD .\CortexM0\ARM_GCC_541\Debug\psoc_4200_uplift.a
END GROUP
START GROUP
LOAD c:/program files (x86)/cypress/psoc creator/4.4/psoc creator/import/gnu/arm/5.4.1/bin/../lib/gcc/arm-none-eabi/5.4.1/armv6-m\libgcc.a
LOAD c:/program files (x86)/cypress/psoc creator/4.4/psoc creator/import/gnu/arm/5.4.1/bin/../lib/gcc/arm-none-eabi/5.4.1/../../../../arm-none-eabi/lib/armv6-m\libg_nano.a
LOAD c:/program files (x86)/cypress/psoc creator/4.4/psoc creator/import/gnu/arm/5.4.1/bin/../lib/gcc/arm-none-eabi/5.4.1/../../../../arm-none-eabi/lib/armv6-m\libc_nano.a
END GROUP
START GROUP
LOAD c:/program files (x86)/cypress/psoc creator/4.4/psoc creator/import/gnu/arm/5.4.1/bin/../lib/gcc/arm-none-eabi/5.4.1/armv6-m\libgcc.a
LOAD c:/program files (x86)/cypress/psoc creator/4.4/psoc creator/import/gnu/arm/5.4.1/bin/../lib/gcc/arm-none-eabi/5.4.1/../../../../arm-none-eabi/lib/armv6-m\libc_nano.a
END GROUP
LOAD c:/program files (x86)/cypress/psoc creator/4.4/psoc creator/import/gnu/arm/5.4.1/bin/../lib/gcc/arm-none-eabi/5.4.1/armv6-m/crtend.o
LOAD c:/program files (x86)/cypress/psoc creator/4.4/psoc creator/import/gnu/arm/5.4.1/bin/../lib/gcc/arm-none-eabi/5.4.1/armv6-m/crtn.o
START GROUP
LOAD c:/program files (x86)/cypress/psoc creator/4.4/psoc creator/import/gnu/arm/5.4.1/bin/../lib/gcc/arm-none-eabi/5.4.1/armv6-m\libgcc.a
LOAD c:/program files (x86)/cypress/psoc creator/4.4/psoc creator/import/gnu/arm/5.4.1/bin/../lib/gcc/arm-none-eabi/5.4.1/../../../../arm-none-eabi/lib/armv6-m\libc.a
LOAD c:/program files (x86)/cypress/psoc creator/4.4/psoc creator/import/gnu/arm/5.4.1/bin/../lib/gcc/arm-none-eabi/5.4.1/../../../../arm-none-eabi/lib/armv6-m\libnosys.a
END GROUP
                0x00000000                CY_APPL_ORIGIN = 0x0
                0x00000080                CY_FLASH_ROW_SIZE = 0x80
                0x00000001                CY_APPL_NUM = 0x1
                0x00000001                CY_APPL_MAX = 0x1
                0x00000040                CY_METADATA_SIZE = 0x40
                0x00000000                CY_APPL_LOADABLE = 0x0
                0x00000000                CY_CHECKSUM_EXCLUDE_SIZE = ALIGN (0x0, CY_FLASH_ROW_SIZE)
                0x00000000                CY_APP_FOR_STACK_AND_COPIER = 0x0
                [!provide]                PROVIDE (__cy_heap_start, _end)
                0x00000001                PROVIDE (__cy_region_num, ((__cy_regions_end - __cy_regions) / 0x10))
                0x20001000                PROVIDE (__cy_stack, (ORIGIN (ram) + LENGTH (ram)))
                [!provide]                PROVIDE (__cy_heap_end, (__cy_stack - 0x400))

.cybootloader   0x00000000        0x0
 *(.cybootloader)
                0x00000000                appl1_start = CY_APPL_ORIGIN?CY_APPL_ORIGIN:ALIGN (CY_FLASH_ROW_SIZE)
                0x00003f80                appl2_start = (appl1_start + ALIGN ((((LENGTH (rom) - appl1_start) - (0x2 * CY_FLASH_ROW_SIZE)) / 0x2), CY_FLASH_ROW_SIZE))
                0x00000000                appl_start = (CY_APPL_NUM == 0x1)?appl1_start:appl2_start
                0x00000001                cy_project_type_bootloader = (appl_start == 0x0)?0x1:0x0
                0x00000000                cy_project_type_app_for_stack_and_copier = (CY_APP_FOR_STACK_AND_COPIER == 0x1)?0x1:0x0

.text           0x00000000     0x10a9
 CREATE_OBJECT_SYMBOLS
                0x00000000                PROVIDE (__cy_interrupt_vector, RomVectors)
 *(.romvectors)
 .romvectors    0x00000000       0x10 .\CortexM0\ARM_GCC_541\Debug\Cm0Start.o
                0x00000000                RomVectors
                0x00000001                ASSERT ((. != __cy_interrupt_vector), No interrupt vector)
                0x00000001                ASSERT (CY_APPL_ORIGIN?(SIZEOF (.cybootloader) <= CY_APPL_ORIGIN):0x1, Wrong image location)
                0x00000010                PROVIDE (__cy_reset, Reset)
 *(.text.Reset)
 .text.Reset    0x00000010        0xc .\CortexM0\ARM_GCC_541\Debug\Cm0Start.o
                0x00000010                Reset
                0x00000001                ASSERT ((. != __cy_reset), No reset code)
 *(.psocinit)
 .psocinit      0x0000001c      0x1cc .\CortexM0\ARM_GCC_541\Debug\cyfitter_cfg.o
                0x000000ac                cyfitter_cfg
                0x000001e8                . = MAX (., 0x100)
 *(.text .text.* .gnu.linkonce.t.*)
 .text          0x000001e8       0x60 c:/program files (x86)/cypress/psoc creator/4.4/psoc creator/import/gnu/arm/5.4.1/bin/../lib/gcc/arm-none-eabi/5.4.1/armv6-m/crtbegin.o
 .text.CURRENT_SENSE_1_INT_HANDLER
                0x00000248       0x14 .\CortexM0\ARM_GCC_541\Debug\main.o
                0x00000248                CURRENT_SENSE_1_INT_HANDLER
 .text.CURRENT_SENSE_2_INT_HANDLER
                0x0000025c       0x14 .\CortexM0\ARM_GCC_541\Debug\main.o
                0x0000025c                CURRENT_SENSE_2_INT_HANDLER
 .text.CURRENT_SENSE_3_INT_HANDLER
                0x00000270       0x14 .\CortexM0\ARM_GCC_541\Debug\main.o
                0x00000270                CURRENT_SENSE_3_INT_HANDLER
 .text.CURRENT_SENSE_4_INT_HANDLER
                0x00000284       0x14 .\CortexM0\ARM_GCC_541\Debug\main.o
                0x00000284                CURRENT_SENSE_4_INT_HANDLER
 .text.LIMIT_SWITCH_1_INT_HANDLER
                0x00000298       0x1c .\CortexM0\ARM_GCC_541\Debug\main.o
                0x00000298                LIMIT_SWITCH_1_INT_HANDLER
 .text.LIMIT_SWITCH_2_INT_HANDLER
                0x000002b4       0x1c .\CortexM0\ARM_GCC_541\Debug\main.o
                0x000002b4                LIMIT_SWITCH_2_INT_HANDLER
 .text.LIMIT_SWITCH_3_INT_HANDLER
                0x000002d0       0x1c .\CortexM0\ARM_GCC_541\Debug\main.o
                0x000002d0                LIMIT_SWITCH_3_INT_HANDLER
 .text.LIMIT_SWITCH_4_INT_HANDLER
                0x000002ec       0x1c .\CortexM0\ARM_GCC_541\Debug\main.o
                0x000002ec                LIMIT_SWITCH_4_INT_HANDLER
 .text.test_all_motors
                0x00000308       0x64 .\CortexM0\ARM_GCC_541\Debug\main.o
                0x00000308                test_all_motors
 .text.main     0x0000036c       0x68 .\CortexM0\ARM_GCC_541\Debug\main.o
                0x0000036c                main
 .text.cfg_write_bytes32
                0x000003d4       0x34 .\CortexM0\ARM_GCC_541\Debug\cyfitter_cfg.o
 .text.CYMEMZERO
                0x00000408        0xc .\CortexM0\ARM_GCC_541\Debug\cyfitter_cfg.o
 .text.IntDefaultHandler
                0x00000414       0x10 .\CortexM0\ARM_GCC_541\Debug\Cm0Start.o
                0x00000414                IntDefaultHandler
 .text.Start_c  0x00000424       0x48 .\CortexM0\ARM_GCC_541\Debug\Cm0Start.o
                0x00000424                Start_c
 .text.initialize_psoc
                0x0000046c       0x50 .\CortexM0\ARM_GCC_541\Debug\Cm0Start.o
                0x0000046c                initialize_psoc
 .text.CyIntEnable
                0x000004bc       0x14 .\CortexM0\ARM_GCC_541\Debug\psoc_4200_uplift.a(CyLib.o)
                0x000004bc                CyIntEnable
 .text.CyHalt   0x000004d0        0x4 .\CortexM0\ARM_GCC_541\Debug\psoc_4200_uplift.a(CyLib.o)
                0x000004d0                CyHalt
 .text.CyIntSetVector
                0x000004d4       0x24 .\CortexM0\ARM_GCC_541\Debug\psoc_4200_uplift.a(CyLib.o)
                0x000004d4                CyIntSetVector
 .text.CyDelayUs
                0x000004f8       0x14 .\CortexM0\ARM_GCC_541\Debug\psoc_4200_uplift.a(CyLib.o)
                0x000004f8                CyDelayUs
 .text.CySysClkWriteImoFreq
                0x0000050c      0x164 .\CortexM0\ARM_GCC_541\Debug\psoc_4200_uplift.a(CyLib.o)
                0x0000050c                CySysClkWriteImoFreq
 .text.CySysWdtLocked
                0x00000670       0x14 .\CortexM0\ARM_GCC_541\Debug\psoc_4200_uplift.a(CyLFClk.o)
 .text.CySysWdtLock
                0x00000684       0x1c .\CortexM0\ARM_GCC_541\Debug\psoc_4200_uplift.a(CyLFClk.o)
                0x00000684                CySysWdtLock
 .text.CySysWdtUnlock
                0x000006a0       0x30 .\CortexM0\ARM_GCC_541\Debug\psoc_4200_uplift.a(CyLFClk.o)
                0x000006a0                CySysWdtUnlock
 .text.CySysWdtClearInterrupt
                0x000006d0       0x4c .\CortexM0\ARM_GCC_541\Debug\psoc_4200_uplift.a(CyLFClk.o)
                0x000006d0                CySysWdtClearInterrupt
 .text.CySysWdtIsr
                0x0000071c       0xa4 .\CortexM0\ARM_GCC_541\Debug\psoc_4200_uplift.a(CyLFClk.o)
                0x0000071c                CySysWdtIsr
 .text.PWM_FRONT_Write
                0x000007c0       0x18 .\CortexM0\ARM_GCC_541\Debug\psoc_4200_uplift.a(PWM_FRONT.o)
                0x000007c0                PWM_FRONT_Write
 .text.BUTTON_DIR_UP_Read
                0x000007d8       0x10 .\CortexM0\ARM_GCC_541\Debug\psoc_4200_uplift.a(BUTTON_DIR_UP.o)
                0x000007d8                BUTTON_DIR_UP_Read
 .text.BUTTON_DIR_DOWN_Read
                0x000007e8       0x10 .\CortexM0\ARM_GCC_541\Debug\psoc_4200_uplift.a(BUTTON_DIR_DOWN.o)
                0x000007e8                BUTTON_DIR_DOWN_Read
 .text.Bootloader_0_LaunchBootloadable
                0x000007f8        0x4 .\CortexM0\ARM_GCC_541\Debug\psoc_4200_uplift.a(Bootloader_0.o)
 .text.Bootloader_0_GetMetadata
                0x000007fc      0x140 .\CortexM0\ARM_GCC_541\Debug\psoc_4200_uplift.a(Bootloader_0.o)
                0x000007fc                Bootloader_0_GetMetadata
 .text.Bootloader_0_GetActiveAppFromMetadata
                0x0000093c       0x30 .\CortexM0\ARM_GCC_541\Debug\psoc_4200_uplift.a(Bootloader_0.o)
 .text.CyBtldr_CheckLaunch
                0x0000096c       0x4c .\CortexM0\ARM_GCC_541\Debug\psoc_4200_uplift.a(Bootloader_0.o)
                0x0000096c                CyBtldr_CheckLaunch
 .text.PWM_REAR_Write
                0x000009b8       0x18 .\CortexM0\ARM_GCC_541\Debug\psoc_4200_uplift.a(PWM_REAR.o)
                0x000009b8                PWM_REAR_Write
 .text.ENABLE_FRONT_MOTORS_Write
                0x000009d0       0x18 .\CortexM0\ARM_GCC_541\Debug\psoc_4200_uplift.a(ENABLE_FRONT_MOTORS.o)
                0x000009d0                ENABLE_FRONT_MOTORS_Write
 .text.ENABLE_REAR_MOTORS_Write
                0x000009e8       0x18 .\CortexM0\ARM_GCC_541\Debug\psoc_4200_uplift.a(ENABLE_REAR_MOTORS.o)
                0x000009e8                ENABLE_REAR_MOTORS_Write
 .text.PWM_REAR_0_Enable
                0x00000a00       0x14 .\CortexM0\ARM_GCC_541\Debug\psoc_4200_uplift.a(PWM_REAR_0.o)
                0x00000a00                PWM_REAR_0_Enable
 .text.PWM_REAR_0_Stop
                0x00000a14       0x10 .\CortexM0\ARM_GCC_541\Debug\psoc_4200_uplift.a(PWM_REAR_0.o)
                0x00000a14                PWM_REAR_0_Stop
 .text.PWM_REAR_0_WriteCounter
                0x00000a24        0xc .\CortexM0\ARM_GCC_541\Debug\psoc_4200_uplift.a(PWM_REAR_0.o)
                0x00000a24                PWM_REAR_0_WriteCounter
 .text.PWM_REAR_0_WritePeriod
                0x00000a30        0xc .\CortexM0\ARM_GCC_541\Debug\psoc_4200_uplift.a(PWM_REAR_0.o)
                0x00000a30                PWM_REAR_0_WritePeriod
 .text.PWM_REAR_0_WriteCompare
                0x00000a3c        0xc .\CortexM0\ARM_GCC_541\Debug\psoc_4200_uplift.a(PWM_REAR_0.o)
                0x00000a3c                PWM_REAR_0_WriteCompare
 .text.PWM_REAR_0_SetInterruptMode
                0x00000a48        0xc .\CortexM0\ARM_GCC_541\Debug\psoc_4200_uplift.a(PWM_REAR_0.o)
                0x00000a48                PWM_REAR_0_SetInterruptMode
 .text.PWM_REAR_0_ReadStatusRegister
                0x00000a54        0xc .\CortexM0\ARM_GCC_541\Debug\psoc_4200_uplift.a(PWM_REAR_0.o)
                0x00000a54                PWM_REAR_0_ReadStatusRegister
 .text.PWM_REAR_0_ReadCapture
                0x00000a60        0xc .\CortexM0\ARM_GCC_541\Debug\psoc_4200_uplift.a(PWM_REAR_0.o)
                0x00000a60                PWM_REAR_0_ReadCapture
 .text.PWM_REAR_0_ClearFIFO
                0x00000a6c       0x14 .\CortexM0\ARM_GCC_541\Debug\psoc_4200_uplift.a(PWM_REAR_0.o)
                0x00000a6c                PWM_REAR_0_ClearFIFO
 .text.PWM_REAR_0_Init
                0x00000a80       0x58 .\CortexM0\ARM_GCC_541\Debug\psoc_4200_uplift.a(PWM_REAR_0.o)
                0x00000a80                PWM_REAR_0_Init
 .text.PWM_REAR_0_Start
                0x00000ad8       0x20 .\CortexM0\ARM_GCC_541\Debug\psoc_4200_uplift.a(PWM_REAR_0.o)
                0x00000ad8                PWM_REAR_0_Start
 .text.CURRENT_SENSE_2_INT_SetVector
                0x00000af8        0xc .\CortexM0\ARM_GCC_541\Debug\psoc_4200_uplift.a(CURRENT_SENSE_2_INT.o)
                0x00000af8                CURRENT_SENSE_2_INT_SetVector
 .text.CURRENT_SENSE_2_INT_SetPriority
                0x00000b04       0x24 .\CortexM0\ARM_GCC_541\Debug\psoc_4200_uplift.a(CURRENT_SENSE_2_INT.o)
                0x00000b04                CURRENT_SENSE_2_INT_SetPriority
 .text.CURRENT_SENSE_2_INT_Enable
                0x00000b28        0xc .\CortexM0\ARM_GCC_541\Debug\psoc_4200_uplift.a(CURRENT_SENSE_2_INT.o)
                0x00000b28                CURRENT_SENSE_2_INT_Enable
 .text.CURRENT_SENSE_2_INT_Disable
                0x00000b34        0xc .\CortexM0\ARM_GCC_541\Debug\psoc_4200_uplift.a(CURRENT_SENSE_2_INT.o)
                0x00000b34                CURRENT_SENSE_2_INT_Disable
 .text.CURRENT_SENSE_2_INT_StartEx
                0x00000b40       0x1c .\CortexM0\ARM_GCC_541\Debug\psoc_4200_uplift.a(CURRENT_SENSE_2_INT.o)
                0x00000b40                CURRENT_SENSE_2_INT_StartEx
 .text.CURRENT_SENSE_4_INT_SetVector
                0x00000b5c        0xc .\CortexM0\ARM_GCC_541\Debug\psoc_4200_uplift.a(CURRENT_SENSE_4_INT.o)
                0x00000b5c                CURRENT_SENSE_4_INT_SetVector
 .text.CURRENT_SENSE_4_INT_SetPriority
                0x00000b68       0x20 .\CortexM0\ARM_GCC_541\Debug\psoc_4200_uplift.a(CURRENT_SENSE_4_INT.o)
                0x00000b68                CURRENT_SENSE_4_INT_SetPriority
 .text.CURRENT_SENSE_4_INT_Enable
                0x00000b88        0xc .\CortexM0\ARM_GCC_541\Debug\psoc_4200_uplift.a(CURRENT_SENSE_4_INT.o)
                0x00000b88                CURRENT_SENSE_4_INT_Enable
 .text.CURRENT_SENSE_4_INT_Disable
                0x00000b94        0xc .\CortexM0\ARM_GCC_541\Debug\psoc_4200_uplift.a(CURRENT_SENSE_4_INT.o)
                0x00000b94                CURRENT_SENSE_4_INT_Disable
 .text.CURRENT_SENSE_4_INT_StartEx
                0x00000ba0       0x1c .\CortexM0\ARM_GCC_541\Debug\psoc_4200_uplift.a(CURRENT_SENSE_4_INT.o)
                0x00000ba0                CURRENT_SENSE_4_INT_StartEx
 .text.CURRENT_SENSE_3_INT_SetVector
                0x00000bbc        0xc .\CortexM0\ARM_GCC_541\Debug\psoc_4200_uplift.a(CURRENT_SENSE_3_INT.o)
                0x00000bbc                CURRENT_SENSE_3_INT_SetVector
 .text.CURRENT_SENSE_3_INT_SetPriority
                0x00000bc8       0x20 .\CortexM0\ARM_GCC_541\Debug\psoc_4200_uplift.a(CURRENT_SENSE_3_INT.o)
                0x00000bc8                CURRENT_SENSE_3_INT_SetPriority
 .text.CURRENT_SENSE_3_INT_Enable
                0x00000be8        0xc .\CortexM0\ARM_GCC_541\Debug\psoc_4200_uplift.a(CURRENT_SENSE_3_INT.o)
                0x00000be8                CURRENT_SENSE_3_INT_Enable
 .text.CURRENT_SENSE_3_INT_Disable
                0x00000bf4        0xc .\CortexM0\ARM_GCC_541\Debug\psoc_4200_uplift.a(CURRENT_SENSE_3_INT.o)
                0x00000bf4                CURRENT_SENSE_3_INT_Disable
 .text.CURRENT_SENSE_3_INT_StartEx
                0x00000c00       0x1c .\CortexM0\ARM_GCC_541\Debug\psoc_4200_uplift.a(CURRENT_SENSE_3_INT.o)
                0x00000c00                CURRENT_SENSE_3_INT_StartEx
 .text.LIMIT_SWITCH_1_ClearInterrupt
                0x00000c1c       0x14 .\CortexM0\ARM_GCC_541\Debug\psoc_4200_uplift.a(LIMIT_SWITCH_1.o)
                0x00000c1c                LIMIT_SWITCH_1_ClearInterrupt
 .text.LIMIT_SWITCH_4_ClearInterrupt
                0x00000c30       0x14 .\CortexM0\ARM_GCC_541\Debug\psoc_4200_uplift.a(LIMIT_SWITCH_4.o)
                0x00000c30                LIMIT_SWITCH_4_ClearInterrupt
 .text.LIMIT_SWITCH_3_ClearInterrupt
                0x00000c44       0x14 .\CortexM0\ARM_GCC_541\Debug\psoc_4200_uplift.a(LIMIT_SWITCH_3.o)
                0x00000c44                LIMIT_SWITCH_3_ClearInterrupt
 .text.LIMIT_SWITCH_2_ClearInterrupt
                0x00000c58       0x14 .\CortexM0\ARM_GCC_541\Debug\psoc_4200_uplift.a(LIMIT_SWITCH_2.o)
                0x00000c58                LIMIT_SWITCH_2_ClearInterrupt
 .text.CURRENT_SENSE_1_INT_SetVector
                0x00000c6c        0xc .\CortexM0\ARM_GCC_541\Debug\psoc_4200_uplift.a(CURRENT_SENSE_1_INT.o)
                0x00000c6c                CURRENT_SENSE_1_INT_SetVector
 .text.CURRENT_SENSE_1_INT_SetPriority
                0x00000c78       0x20 .\CortexM0\ARM_GCC_541\Debug\psoc_4200_uplift.a(CURRENT_SENSE_1_INT.o)
                0x00000c78                CURRENT_SENSE_1_INT_SetPriority
 .text.CURRENT_SENSE_1_INT_Enable
                0x00000c98        0xc .\CortexM0\ARM_GCC_541\Debug\psoc_4200_uplift.a(CURRENT_SENSE_1_INT.o)
                0x00000c98                CURRENT_SENSE_1_INT_Enable
 .text.CURRENT_SENSE_1_INT_Disable
                0x00000ca4        0xc .\CortexM0\ARM_GCC_541\Debug\psoc_4200_uplift.a(CURRENT_SENSE_1_INT.o)
                0x00000ca4                CURRENT_SENSE_1_INT_Disable
 .text.CURRENT_SENSE_1_INT_StartEx
                0x00000cb0       0x1c .\CortexM0\ARM_GCC_541\Debug\psoc_4200_uplift.a(CURRENT_SENSE_1_INT.o)
                0x00000cb0                CURRENT_SENSE_1_INT_StartEx
 .text.CURRENT_SENSE_1_Read
                0x00000ccc       0x10 .\CortexM0\ARM_GCC_541\Debug\psoc_4200_uplift.a(CURRENT_SENSE_1.o)
                0x00000ccc                CURRENT_SENSE_1_Read
 .text.CURRENT_SENSE_1_ClearInterrupt
                0x00000cdc       0x14 .\CortexM0\ARM_GCC_541\Debug\psoc_4200_uplift.a(CURRENT_SENSE_1.o)
                0x00000cdc                CURRENT_SENSE_1_ClearInterrupt
 .text.CURRENT_SENSE_2_Read
                0x00000cf0       0x10 .\CortexM0\ARM_GCC_541\Debug\psoc_4200_uplift.a(CURRENT_SENSE_2.o)
                0x00000cf0                CURRENT_SENSE_2_Read
 .text.CURRENT_SENSE_2_ClearInterrupt
                0x00000d00       0x14 .\CortexM0\ARM_GCC_541\Debug\psoc_4200_uplift.a(CURRENT_SENSE_2.o)
                0x00000d00                CURRENT_SENSE_2_ClearInterrupt
 .text.CURRENT_SENSE_3_Read
                0x00000d14       0x10 .\CortexM0\ARM_GCC_541\Debug\psoc_4200_uplift.a(CURRENT_SENSE_3.o)
                0x00000d14                CURRENT_SENSE_3_Read
 .text.CURRENT_SENSE_3_ClearInterrupt
                0x00000d24       0x14 .\CortexM0\ARM_GCC_541\Debug\psoc_4200_uplift.a(CURRENT_SENSE_3.o)
                0x00000d24                CURRENT_SENSE_3_ClearInterrupt
 .text.CURRENT_SENSE_4_Read
                0x00000d38       0x10 .\CortexM0\ARM_GCC_541\Debug\psoc_4200_uplift.a(CURRENT_SENSE_4.o)
                0x00000d38                CURRENT_SENSE_4_Read
 .text.CURRENT_SENSE_4_ClearInterrupt
                0x00000d48       0x14 .\CortexM0\ARM_GCC_541\Debug\psoc_4200_uplift.a(CURRENT_SENSE_4.o)
                0x00000d48                CURRENT_SENSE_4_ClearInterrupt
 .text.PWM_FRONT_0_Enable
                0x00000d5c       0x14 .\CortexM0\ARM_GCC_541\Debug\psoc_4200_uplift.a(PWM_FRONT_0.o)
                0x00000d5c                PWM_FRONT_0_Enable
 .text.PWM_FRONT_0_Stop
                0x00000d70       0x10 .\CortexM0\ARM_GCC_541\Debug\psoc_4200_uplift.a(PWM_FRONT_0.o)
                0x00000d70                PWM_FRONT_0_Stop
 .text.PWM_FRONT_0_WriteCounter
                0x00000d80        0xc .\CortexM0\ARM_GCC_541\Debug\psoc_4200_uplift.a(PWM_FRONT_0.o)
                0x00000d80                PWM_FRONT_0_WriteCounter
 .text.PWM_FRONT_0_WritePeriod
                0x00000d8c        0xc .\CortexM0\ARM_GCC_541\Debug\psoc_4200_uplift.a(PWM_FRONT_0.o)
                0x00000d8c                PWM_FRONT_0_WritePeriod
 .text.PWM_FRONT_0_WriteCompare
                0x00000d98        0xc .\CortexM0\ARM_GCC_541\Debug\psoc_4200_uplift.a(PWM_FRONT_0.o)
                0x00000d98                PWM_FRONT_0_WriteCompare
 .text.PWM_FRONT_0_SetInterruptMode
                0x00000da4        0xc .\CortexM0\ARM_GCC_541\Debug\psoc_4200_uplift.a(PWM_FRONT_0.o)
                0x00000da4                PWM_FRONT_0_SetInterruptMode
 .text.PWM_FRONT_0_ReadStatusRegister
                0x00000db0        0xc .\CortexM0\ARM_GCC_541\Debug\psoc_4200_uplift.a(PWM_FRONT_0.o)
                0x00000db0                PWM_FRONT_0_ReadStatusRegister
 .text.PWM_FRONT_0_ReadCapture
                0x00000dbc        0xc .\CortexM0\ARM_GCC_541\Debug\psoc_4200_uplift.a(PWM_FRONT_0.o)
                0x00000dbc                PWM_FRONT_0_ReadCapture
 .text.PWM_FRONT_0_ClearFIFO
                0x00000dc8       0x14 .\CortexM0\ARM_GCC_541\Debug\psoc_4200_uplift.a(PWM_FRONT_0.o)
                0x00000dc8                PWM_FRONT_0_ClearFIFO
 .text.PWM_FRONT_0_Init
                0x00000ddc       0x58 .\CortexM0\ARM_GCC_541\Debug\psoc_4200_uplift.a(PWM_FRONT_0.o)
                0x00000ddc                PWM_FRONT_0_Init
 .text.PWM_FRONT_0_Start
                0x00000e34       0x20 .\CortexM0\ARM_GCC_541\Debug\psoc_4200_uplift.a(PWM_FRONT_0.o)
                0x00000e34                PWM_FRONT_0_Start
 .text.LIMIT_SWITCH_1_INT_SetVector
                0x00000e54        0xc .\CortexM0\ARM_GCC_541\Debug\psoc_4200_uplift.a(LIMIT_SWITCH_1_INT.o)
                0x00000e54                LIMIT_SWITCH_1_INT_SetVector
 .text.LIMIT_SWITCH_1_INT_SetPriority
                0x00000e60       0x24 .\CortexM0\ARM_GCC_541\Debug\psoc_4200_uplift.a(LIMIT_SWITCH_1_INT.o)
                0x00000e60                LIMIT_SWITCH_1_INT_SetPriority
 .text.LIMIT_SWITCH_1_INT_Enable
                0x00000e84        0xc .\CortexM0\ARM_GCC_541\Debug\psoc_4200_uplift.a(LIMIT_SWITCH_1_INT.o)
                0x00000e84                LIMIT_SWITCH_1_INT_Enable
 .text.LIMIT_SWITCH_1_INT_Disable
                0x00000e90        0xc .\CortexM0\ARM_GCC_541\Debug\psoc_4200_uplift.a(LIMIT_SWITCH_1_INT.o)
                0x00000e90                LIMIT_SWITCH_1_INT_Disable
 .text.LIMIT_SWITCH_1_INT_StartEx
                0x00000e9c       0x1c .\CortexM0\ARM_GCC_541\Debug\psoc_4200_uplift.a(LIMIT_SWITCH_1_INT.o)
                0x00000e9c                LIMIT_SWITCH_1_INT_StartEx
 .text.LIMIT_SWITCH_2_INT_SetVector
                0x00000eb8        0xc .\CortexM0\ARM_GCC_541\Debug\psoc_4200_uplift.a(LIMIT_SWITCH_2_INT.o)
                0x00000eb8                LIMIT_SWITCH_2_INT_SetVector
 .text.LIMIT_SWITCH_2_INT_SetPriority
                0x00000ec4       0x24 .\CortexM0\ARM_GCC_541\Debug\psoc_4200_uplift.a(LIMIT_SWITCH_2_INT.o)
                0x00000ec4                LIMIT_SWITCH_2_INT_SetPriority
 .text.LIMIT_SWITCH_2_INT_Enable
                0x00000ee8        0xc .\CortexM0\ARM_GCC_541\Debug\psoc_4200_uplift.a(LIMIT_SWITCH_2_INT.o)
                0x00000ee8                LIMIT_SWITCH_2_INT_Enable
 .text.LIMIT_SWITCH_2_INT_Disable
                0x00000ef4        0xc .\CortexM0\ARM_GCC_541\Debug\psoc_4200_uplift.a(LIMIT_SWITCH_2_INT.o)
                0x00000ef4                LIMIT_SWITCH_2_INT_Disable
 .text.LIMIT_SWITCH_2_INT_StartEx
                0x00000f00       0x1c .\CortexM0\ARM_GCC_541\Debug\psoc_4200_uplift.a(LIMIT_SWITCH_2_INT.o)
                0x00000f00                LIMIT_SWITCH_2_INT_StartEx
 .text.LIMIT_SWITCH_3_INT_SetVector
                0x00000f1c        0xc .\CortexM0\ARM_GCC_541\Debug\psoc_4200_uplift.a(LIMIT_SWITCH_3_INT.o)
                0x00000f1c                LIMIT_SWITCH_3_INT_SetVector
 .text.LIMIT_SWITCH_3_INT_SetPriority
                0x00000f28       0x20 .\CortexM0\ARM_GCC_541\Debug\psoc_4200_uplift.a(LIMIT_SWITCH_3_INT.o)
                0x00000f28                LIMIT_SWITCH_3_INT_SetPriority
 .text.LIMIT_SWITCH_3_INT_Enable
                0x00000f48        0xc .\CortexM0\ARM_GCC_541\Debug\psoc_4200_uplift.a(LIMIT_SWITCH_3_INT.o)
                0x00000f48                LIMIT_SWITCH_3_INT_Enable
 .text.LIMIT_SWITCH_3_INT_Disable
                0x00000f54        0xc .\CortexM0\ARM_GCC_541\Debug\psoc_4200_uplift.a(LIMIT_SWITCH_3_INT.o)
                0x00000f54                LIMIT_SWITCH_3_INT_Disable
 .text.LIMIT_SWITCH_3_INT_StartEx
                0x00000f60       0x1c .\CortexM0\ARM_GCC_541\Debug\psoc_4200_uplift.a(LIMIT_SWITCH_3_INT.o)
                0x00000f60                LIMIT_SWITCH_3_INT_StartEx
 .text.LIMIT_SWITCH_4_INT_SetVector
                0x00000f7c        0xc .\CortexM0\ARM_GCC_541\Debug\psoc_4200_uplift.a(LIMIT_SWITCH_4_INT.o)
                0x00000f7c                LIMIT_SWITCH_4_INT_SetVector
 .text.LIMIT_SWITCH_4_INT_SetPriority
                0x00000f88       0x20 .\CortexM0\ARM_GCC_541\Debug\psoc_4200_uplift.a(LIMIT_SWITCH_4_INT.o)
                0x00000f88                LIMIT_SWITCH_4_INT_SetPriority
 .text.LIMIT_SWITCH_4_INT_Enable
                0x00000fa8       0x10 .\CortexM0\ARM_GCC_541\Debug\psoc_4200_uplift.a(LIMIT_SWITCH_4_INT.o)
                0x00000fa8                LIMIT_SWITCH_4_INT_Enable
 .text.LIMIT_SWITCH_4_INT_Disable
                0x00000fb8       0x10 .\CortexM0\ARM_GCC_541\Debug\psoc_4200_uplift.a(LIMIT_SWITCH_4_INT.o)
                0x00000fb8                LIMIT_SWITCH_4_INT_Disable
 .text.LIMIT_SWITCH_4_INT_StartEx
                0x00000fc8       0x1c .\CortexM0\ARM_GCC_541\Debug\psoc_4200_uplift.a(LIMIT_SWITCH_4_INT.o)
                0x00000fc8                LIMIT_SWITCH_4_INT_StartEx
 .text.DIR_FRONT_Write
                0x00000fe4       0x18 .\CortexM0\ARM_GCC_541\Debug\psoc_4200_uplift.a(DIR_FRONT.o)
                0x00000fe4                DIR_FRONT_Write
 .text.DIR_REAR_Write
                0x00000ffc       0x18 .\CortexM0\ARM_GCC_541\Debug\psoc_4200_uplift.a(DIR_REAR.o)
                0x00000ffc                DIR_REAR_Write
 *fill*         0x00001014        0x4 
 .text          0x00001018       0x24 .\CortexM0\ARM_GCC_541\Debug\psoc_4200_uplift.a(CyBootAsmGnu.o)
                0x00001018                CyDelayCycles
                0x0000102c                CyEnterCriticalSection
                0x00001034                CyExitCriticalSection
 .text.__errno  0x0000103c        0xc c:/program files (x86)/cypress/psoc creator/4.4/psoc creator/import/gnu/arm/5.4.1/bin/../lib/gcc/arm-none-eabi/5.4.1/../../../../arm-none-eabi/lib/armv6-m\libg_nano.a(lib_a-errno.o)
                0x0000103c                __errno
 .text.__libc_init_array
                0x00001048       0x4c c:/program files (x86)/cypress/psoc creator/4.4/psoc creator/import/gnu/arm/5.4.1/bin/../lib/gcc/arm-none-eabi/5.4.1/../../../../arm-none-eabi/lib/armv6-m\libg_nano.a(lib_a-init.o)
                0x00001048                __libc_init_array
 .text.memset   0x00001094       0x10 c:/program files (x86)/cypress/psoc creator/4.4/psoc creator/import/gnu/arm/5.4.1/bin/../lib/gcc/arm-none-eabi/5.4.1/../../../../arm-none-eabi/lib/armv6-m\libg_nano.a(lib_a-memset.o)
                0x00001094                memset
 *(.plt)
 *(.gnu.warning)
 *(.glue_7t)
 .glue_7t       0x000010a4        0x0 linker stubs
 *(.glue_7)
 .glue_7        0x000010a4        0x0 linker stubs
 *(.vfp11_veneer)
 .vfp11_veneer  0x000010a4        0x0 linker stubs
 *(.bootloader)
 .bootloader    0x000010a4        0x5 .\CortexM0\ARM_GCC_541\Debug\psoc_4200_uplift.a(Bootloader_0.o)
                0x000010a4                Bootloader_0_SizeBytes
                0x000010a8                Bootloader_0_Checksum
 *(.ARM.extab* .gnu.linkonce.armextab.*)
 *(.gcc_except_table)

.v4_bx          0x000010ac        0x0
 .v4_bx         0x000010ac        0x0 linker stubs

.iplt           0x000010ac        0x0
 .iplt          0x000010ac        0x0 c:/program files (x86)/cypress/psoc creator/4.4/psoc creator/import/gnu/arm/5.4.1/bin/../lib/gcc/arm-none-eabi/5.4.1/armv6-m/crtbegin.o

.eh_frame_hdr
 *(.eh_frame_hdr)

.eh_frame       0x000010ac        0x4
 *(.eh_frame)
 .eh_frame      0x000010ac        0x0 c:/program files (x86)/cypress/psoc creator/4.4/psoc creator/import/gnu/arm/5.4.1/bin/../lib/gcc/arm-none-eabi/5.4.1/armv6-m/crtbegin.o
 .eh_frame      0x000010ac        0x4 c:/program files (x86)/cypress/psoc creator/4.4/psoc creator/import/gnu/arm/5.4.1/bin/../lib/gcc/arm-none-eabi/5.4.1/armv6-m/crtend.o
                [!provide]                PROVIDE (__exidx_start, .)

.ARM.exidx
 *(.ARM.exidx* .gnu.linkonce.armexidx.*)
                0x000010b0                __exidx_end = .

.rodata         0x000010b0      0x310
 *(.rodata .rodata.* .gnu.linkonce.r.*)
 .rodata        0x000010b0      0x210 .\CortexM0\ARM_GCC_541\Debug\cyfitter_cfg.o
 .rodata        0x000012c0       0x2e .\CortexM0\ARM_GCC_541\Debug\psoc_4200_uplift.a(CyLib.o)
                0x000012c0                cyImoFreqMhz2Reg
 *fill*         0x000012ee        0x2 
 .rodata        0x000012f0       0x34 .\CortexM0\ARM_GCC_541\Debug\psoc_4200_uplift.a(Bootloader_0.o)
 .rodata.str1.1
                0x00001324        0x2 c:/program files (x86)/cypress/psoc creator/4.4/psoc creator/import/gnu/arm/5.4.1/bin/../lib/gcc/arm-none-eabi/5.4.1/../../../../arm-none-eabi/lib/armv6-m\libg_nano.a(lib_a-impure.o)
 *fill*         0x00001326        0x2 
 .rodata.__sf_fake_stdin
                0x00001328       0x20 c:/program files (x86)/cypress/psoc creator/4.4/psoc creator/import/gnu/arm/5.4.1/bin/../lib/gcc/arm-none-eabi/5.4.1/../../../../arm-none-eabi/lib/armv6-m\libg_nano.a(lib_a-findfp.o)
                0x00001328                __sf_fake_stdin
 .rodata.__sf_fake_stdout
                0x00001348       0x20 c:/program files (x86)/cypress/psoc creator/4.4/psoc creator/import/gnu/arm/5.4.1/bin/../lib/gcc/arm-none-eabi/5.4.1/../../../../arm-none-eabi/lib/armv6-m\libg_nano.a(lib_a-findfp.o)
                0x00001348                __sf_fake_stdout
 .rodata.__sf_fake_stderr
                0x00001368       0x20 c:/program files (x86)/cypress/psoc creator/4.4/psoc creator/import/gnu/arm/5.4.1/bin/../lib/gcc/arm-none-eabi/5.4.1/../../../../arm-none-eabi/lib/armv6-m\libg_nano.a(lib_a-findfp.o)
                0x00001368                __sf_fake_stderr
                0x00001388                . = ALIGN (0x4)
 *(.init)
 .init          0x00001388        0x4 c:/program files (x86)/cypress/psoc creator/4.4/psoc creator/import/gnu/arm/5.4.1/bin/../lib/gcc/arm-none-eabi/5.4.1/armv6-m/crti.o
                0x00001388                _init
 .init          0x0000138c        0x8 c:/program files (x86)/cypress/psoc creator/4.4/psoc creator/import/gnu/arm/5.4.1/bin/../lib/gcc/arm-none-eabi/5.4.1/armv6-m/crtn.o
                0x00001394                . = ALIGN (0x4)
                0x00001394                __preinit_array_start = .
 *(.preinit_array)
                0x00001394                __preinit_array_end = .
                0x00001394                . = ALIGN (0x4)
                0x00001394                __init_array_start = .
 *(SORT(.init_array.*))
 *(.init_array)
 .init_array    0x00001394        0x4 c:/program files (x86)/cypress/psoc creator/4.4/psoc creator/import/gnu/arm/5.4.1/bin/../lib/gcc/arm-none-eabi/5.4.1/armv6-m/crtbegin.o
 .init_array    0x00001398        0x4 .\CortexM0\ARM_GCC_541\Debug\Cm0Start.o
                0x0000139c                __init_array_end = .
                0x0000139c                . = ALIGN (0x4)
 *(.fini)
 .fini          0x0000139c        0x4 c:/program files (x86)/cypress/psoc creator/4.4/psoc creator/import/gnu/arm/5.4.1/bin/../lib/gcc/arm-none-eabi/5.4.1/armv6-m/crti.o
                0x0000139c                _fini
 .fini          0x000013a0        0x8 c:/program files (x86)/cypress/psoc creator/4.4/psoc creator/import/gnu/arm/5.4.1/bin/../lib/gcc/arm-none-eabi/5.4.1/armv6-m/crtn.o
                0x000013a8                . = ALIGN (0x4)
                0x000013a8                __fini_array_start = .
 *(.fini_array)
 .fini_array    0x000013a8        0x4 c:/program files (x86)/cypress/psoc creator/4.4/psoc creator/import/gnu/arm/5.4.1/bin/../lib/gcc/arm-none-eabi/5.4.1/armv6-m/crtbegin.o
 *(SORT(.fini_array.*))
                0x000013ac                __fini_array_end = .
                0x000013ac                . = ALIGN (0x4)
 *crtbegin.o(.ctors)
 *(EXCLUDE_FILE(*crtend.o) .ctors)
 *(SORT(.ctors.*))
 *crtend.o(.ctors)
                0x000013ac                . = ALIGN (0x4)
 *crtbegin.o(.dtors)
 *(EXCLUDE_FILE(*crtend.o) .dtors)
 *(SORT(.dtors.*))
 *crtend.o(.dtors)
                0x000013ac                . = ALIGN (0x4)
                0x000013ac                __cy_regions = .
                0x000013ac        0x4 LONG 0x13c0 __cy_region_init_ram
                0x000013b0        0x4 LONG 0x200000c8 __cy_region_start_data
                0x000013b4        0x4 LONG 0x80 __cy_region_init_size_ram
                0x000013b8        0x4 LONG 0x40 __cy_region_zero_size_ram
                0x000013bc                __cy_regions_end = .
                0x000013c0                . = ALIGN (0x8)
 *fill*         0x000013bc        0x4 
                0x000013c0                _etext = .

.cy_checksum_exclude
                0x000013c0        0x0
 *(.cy_checksum_exclude)

.ramvectors     0x20000000       0xc0
                0x20000000                __cy_region_start_ram = .
 *(.ramvectors)
 .ramvectors    0x20000000       0xc0 .\CortexM0\ARM_GCC_541\Debug\Cm0Start.o
                0x20000000                CyRamVectors

.btldr_run      0x200000c0        0x4
 *(.bootloaderruntype)
 .bootloaderruntype
                0x200000c0        0x4 .\CortexM0\ARM_GCC_541\Debug\Cm0Start.o
                0x200000c0                cyBtldrRunType

.noinit
 *(.noinit)

.data           0x200000c8       0x80 load address 0x000013c0
                0x200000c8                __cy_region_start_data = .
 *(.jcr)
 .jcr           0x200000c8        0x0 c:/program files (x86)/cypress/psoc creator/4.4/psoc creator/import/gnu/arm/5.4.1/bin/../lib/gcc/arm-none-eabi/5.4.1/armv6-m/crtbegin.o
 .jcr           0x200000c8        0x4 c:/program files (x86)/cypress/psoc creator/4.4/psoc creator/import/gnu/arm/5.4.1/bin/../lib/gcc/arm-none-eabi/5.4.1/armv6-m/crtend.o
 *(.got.plt)
 *(.got)
 *(.shdata)
 *(.data .data.* .gnu.linkonce.d.*)
 .data          0x200000cc       0x14 .\CortexM0\ARM_GCC_541\Debug\psoc_4200_uplift.a(CyLib.o)
                0x200000cc                CySysClkPumpConfig
                0x200000d0                cydelay32kMs
                0x200000d4                cydelayFreqKhz
                0x200000d8                cydelayFreqMhz
                0x200000dc                cydelayFreqHz
 .data          0x200000e0        0x4 .\CortexM0\ARM_GCC_541\Debug\psoc_4200_uplift.a(CyLFClk.o)
 .data.impure_data
                0x200000e4       0x60 c:/program files (x86)/cypress/psoc creator/4.4/psoc creator/import/gnu/arm/5.4.1/bin/../lib/gcc/arm-none-eabi/5.4.1/../../../../arm-none-eabi/lib/armv6-m\libg_nano.a(lib_a-impure.o)
 .data._impure_ptr
                0x20000144        0x4 c:/program files (x86)/cypress/psoc creator/4.4/psoc creator/import/gnu/arm/5.4.1/bin/../lib/gcc/arm-none-eabi/5.4.1/../../../../arm-none-eabi/lib/armv6-m\libg_nano.a(lib_a-impure.o)
                0x20000144                _impure_ptr
                0x20000148                . = ALIGN (0x8)
 *(.ram)
                0x20000148                _edata = .

.igot.plt       0x20000148        0x0 load address 0x00001440
 .igot.plt      0x20000148        0x0 c:/program files (x86)/cypress/psoc creator/4.4/psoc creator/import/gnu/arm/5.4.1/bin/../lib/gcc/arm-none-eabi/5.4.1/armv6-m/crtbegin.o

.bss            0x20000148       0x40 load address 0x00001440
                0x20000148                PROVIDE (__bss_start__, .)
 *(.shbss)
 *(.bss .bss.* .gnu.linkonce.b.*)
 .bss           0x20000148       0x1c c:/program files (x86)/cypress/psoc creator/4.4/psoc creator/import/gnu/arm/5.4.1/bin/../lib/gcc/arm-none-eabi/5.4.1/armv6-m/crtbegin.o
 .bss           0x20000164       0x20 .\CortexM0\ARM_GCC_541\Debug\psoc_4200_uplift.a(CyLFClk.o)
 .bss           0x20000184        0x1 .\CortexM0\ARM_GCC_541\Debug\psoc_4200_uplift.a(PWM_REAR_0.o)
                0x20000184                PWM_REAR_0_initVar
 .bss           0x20000185        0x1 .\CortexM0\ARM_GCC_541\Debug\psoc_4200_uplift.a(PWM_FRONT_0.o)
                0x20000185                PWM_FRONT_0_initVar
 *(COMMON)
                0x20000188                . = ALIGN (0x8)
 *fill*         0x20000186        0x2 
 *(.ram.b)
                0x20000188                _end = .
                0x20000188                __end = .
                0x20000188                PROVIDE (end, .)
                0x20000188                PROVIDE (__bss_end__, .)
                0x000013c0                __cy_region_init_ram = LOADADDR (.data)
                0x00000080                __cy_region_init_size_ram = (_edata - ADDR (.data))
                0x00000040                __cy_region_zero_size_ram = (_end - _edata)

.heap           0x20000188       0x80 load address 0x00001440
                0x20000188                . = _end
                0x20000208                . = (. + 0x80)
 *fill*         0x20000188       0x80 
                0x20000208                __cy_heap_limit = .

.stack          0x20000c00      0x400
                0x20000c00                __cy_stack_limit = .
                0x20001000                . = (. + 0x400)
 *fill*         0x20000c00      0x400 
                0x00000001                ASSERT ((__cy_stack_limit >= __cy_heap_limit), region RAM overflowed with stack)
                0x00000000                cy_checksum_exclude_size = (CY_APPL_LOADABLE == 0x1)?SIZEOF (.cy_checksum_exclude):0x0
                0x00000001                ASSERT ((cy_checksum_exclude_size <= CY_CHECKSUM_EXCLUDE_SIZE), CY_BOOT: Section .cy_checksum_exclude size exceedes specified limit.)
                0x00007fc0                cyloadermeta_start = (cy_project_type_bootloader || cy_project_type_app_for_stack_and_copier)?(LENGTH (rom) - CY_METADATA_SIZE):0xf0000000

.cyloadermeta   0x00007fc0       0x40
 *(.cyloadermeta)
 .cyloadermeta  0x00007fc0       0x40 .\CortexM0\ARM_GCC_541\Debug\cymetadata.o
                0x00007fc0                cy_meta_loader
                0x00007fc0                cyloadablemeta_start = cy_project_type_app_for_stack_and_copier?((LENGTH (rom) - CY_FLASH_ROW_SIZE) - CY_METADATA_SIZE):((LENGTH (rom) - (CY_FLASH_ROW_SIZE * (CY_APPL_NUM - 0x1))) - CY_METADATA_SIZE)

.cyloadablemeta
 *(.cyloadablemeta)

.cyflashprotect
                0x90400000       0x20
 *(.cyflashprotect)
 .cyflashprotect
                0x90400000       0x20 .\CortexM0\ARM_GCC_541\Debug\cymetadata.o
                0x90400000                cy_meta_flashprotect

.cymeta         0x90500000        0xc
 *(.cymeta)
 .cymeta        0x90500000        0xc .\CortexM0\ARM_GCC_541\Debug\cymetadata.o
                0x90500000                cy_metadata

.cychipprotect  0x90600000        0x1
 *(.cychipprotect)
 .cychipprotect
                0x90600000        0x1 .\CortexM0\ARM_GCC_541\Debug\cymetadata.o
                0x90600000                cy_meta_chipprotect

.rel.dyn        0x00001440        0x0 load address 0x90600004
 .rel.iplt      0x00001440        0x0 c:/program files (x86)/cypress/psoc creator/4.4/psoc creator/import/gnu/arm/5.4.1/bin/../lib/gcc/arm-none-eabi/5.4.1/armv6-m/crtbegin.o

.stab           0x00000000       0x9c
 *(.stab)
 .stab          0x00000000       0x24 c:/program files (x86)/cypress/psoc creator/4.4/psoc creator/import/gnu/arm/5.4.1/bin/../lib/gcc/arm-none-eabi/5.4.1/../../../../arm-none-eabi/lib/armv6-m\libnosys.a(close.o)
 .stab          0x00000024       0x18 c:/program files (x86)/cypress/psoc creator/4.4/psoc creator/import/gnu/arm/5.4.1/bin/../lib/gcc/arm-none-eabi/5.4.1/../../../../arm-none-eabi/lib/armv6-m\libnosys.a(fstat.o)
                                 0x24 (size before relaxing)
 .stab          0x0000003c       0x18 c:/program files (x86)/cypress/psoc creator/4.4/psoc creator/import/gnu/arm/5.4.1/bin/../lib/gcc/arm-none-eabi/5.4.1/../../../../arm-none-eabi/lib/armv6-m\libnosys.a(isatty.o)
                                 0x24 (size before relaxing)
 .stab          0x00000054       0x18 c:/program files (x86)/cypress/psoc creator/4.4/psoc creator/import/gnu/arm/5.4.1/bin/../lib/gcc/arm-none-eabi/5.4.1/../../../../arm-none-eabi/lib/armv6-m\libnosys.a(lseek.o)
                                 0x24 (size before relaxing)
 .stab          0x0000006c       0x18 c:/program files (x86)/cypress/psoc creator/4.4/psoc creator/import/gnu/arm/5.4.1/bin/../lib/gcc/arm-none-eabi/5.4.1/../../../../arm-none-eabi/lib/armv6-m\libnosys.a(read.o)
                                 0x24 (size before relaxing)
 .stab          0x00000084       0x18 c:/program files (x86)/cypress/psoc creator/4.4/psoc creator/import/gnu/arm/5.4.1/bin/../lib/gcc/arm-none-eabi/5.4.1/../../../../arm-none-eabi/lib/armv6-m\libnosys.a(write.o)
                                 0x24 (size before relaxing)

.stabstr        0x00000000      0x14d
 *(.stabstr)
 .stabstr       0x00000000      0x14d c:/program files (x86)/cypress/psoc creator/4.4/psoc creator/import/gnu/arm/5.4.1/bin/../lib/gcc/arm-none-eabi/5.4.1/../../../../arm-none-eabi/lib/armv6-m\libnosys.a(close.o)

.debug
 *(.debug)

.line
 *(.line)

.debug_srcinfo
 *(.debug_srcinfo)

.debug_sfnames
 *(.debug_sfnames)

.debug_aranges  0x00000000     0x1278
 *(.debug_aranges)
 .debug_aranges
                0x00000000       0xd0 .\CortexM0\ARM_GCC_541\Debug\main.o
 .debug_aranges
                0x000000d0       0x38 .\CortexM0\ARM_GCC_541\Debug\cyfitter_cfg.o
 .debug_aranges
                0x00000108       0x18 .\CortexM0\ARM_GCC_541\Debug\cymetadata.o
 .debug_aranges
                0x00000120       0x48 .\CortexM0\ARM_GCC_541\Debug\Cm0Start.o
 .debug_aranges
                0x00000168      0x180 .\CortexM0\ARM_GCC_541\Debug\psoc_4200_uplift.a(CyLib.o)
 .debug_aranges
                0x000002e8      0x138 .\CortexM0\ARM_GCC_541\Debug\psoc_4200_uplift.a(CyLFClk.o)
 .debug_aranges
                0x00000420       0x48 .\CortexM0\ARM_GCC_541\Debug\psoc_4200_uplift.a(PWM_FRONT.o)
 .debug_aranges
                0x00000468       0x68 .\CortexM0\ARM_GCC_541\Debug\psoc_4200_uplift.a(I2C_0.o)
 .debug_aranges
                0x000004d0       0x30 .\CortexM0\ARM_GCC_541\Debug\psoc_4200_uplift.a(I2C_0_I2C.o)
 .debug_aranges
                0x00000500       0x98 .\CortexM0\ARM_GCC_541\Debug\psoc_4200_uplift.a(I2C_0_I2C_MASTER.o)
 .debug_aranges
                0x00000598       0x48 .\CortexM0\ARM_GCC_541\Debug\psoc_4200_uplift.a(DIR_FRONT_RIGHT.o)
 .debug_aranges
                0x000005e0       0x48 .\CortexM0\ARM_GCC_541\Debug\psoc_4200_uplift.a(LED_2.o)
 .debug_aranges
                0x00000628       0x48 .\CortexM0\ARM_GCC_541\Debug\psoc_4200_uplift.a(BUTTON_TILT_EN.o)
 .debug_aranges
                0x00000670       0x48 .\CortexM0\ARM_GCC_541\Debug\psoc_4200_uplift.a(BUTTON_MOTOR_EN.o)
 .debug_aranges
                0x000006b8       0x48 .\CortexM0\ARM_GCC_541\Debug\psoc_4200_uplift.a(BUTTON_DIR_UP.o)
 .debug_aranges
                0x00000700       0x48 .\CortexM0\ARM_GCC_541\Debug\psoc_4200_uplift.a(BUTTON_DIR_DOWN.o)
 .debug_aranges
                0x00000748       0x48 .\CortexM0\ARM_GCC_541\Debug\psoc_4200_uplift.a(I2C_0_sda.o)
 .debug_aranges
                0x00000790       0x48 .\CortexM0\ARM_GCC_541\Debug\psoc_4200_uplift.a(I2C_0_scl.o)
 .debug_aranges
                0x000007d8       0x70 .\CortexM0\ARM_GCC_541\Debug\psoc_4200_uplift.a(Bootloader_0.o)
 .debug_aranges
                0x00000848       0x48 .\CortexM0\ARM_GCC_541\Debug\psoc_4200_uplift.a(PWM_REAR.o)
 .debug_aranges
                0x00000890       0x48 .\CortexM0\ARM_GCC_541\Debug\psoc_4200_uplift.a(DIR_REAR_RIGHT.o)
 .debug_aranges
                0x000008d8       0x48 .\CortexM0\ARM_GCC_541\Debug\psoc_4200_uplift.a(ENABLE_FRONT_MOTORS.o)
 .debug_aranges
                0x00000920       0x48 .\CortexM0\ARM_GCC_541\Debug\psoc_4200_uplift.a(ENABLE_REAR_MOTORS.o)
 .debug_aranges
                0x00000968       0x98 .\CortexM0\ARM_GCC_541\Debug\psoc_4200_uplift.a(PWM_REAR_0.o)
 .debug_aranges
                0x00000a00       0x80 .\CortexM0\ARM_GCC_541\Debug\psoc_4200_uplift.a(CURRENT_SENSE_2_INT.o)
 .debug_aranges
                0x00000a80       0x80 .\CortexM0\ARM_GCC_541\Debug\psoc_4200_uplift.a(CURRENT_SENSE_4_INT.o)
 .debug_aranges
                0x00000b00       0x80 .\CortexM0\ARM_GCC_541\Debug\psoc_4200_uplift.a(CURRENT_SENSE_3_INT.o)
 .debug_aranges
                0x00000b80       0x48 .\CortexM0\ARM_GCC_541\Debug\psoc_4200_uplift.a(LIMIT_SWITCH_1.o)
 .debug_aranges
                0x00000bc8       0x48 .\CortexM0\ARM_GCC_541\Debug\psoc_4200_uplift.a(LIMIT_SWITCH_4.o)
 .debug_aranges
                0x00000c10       0x48 .\CortexM0\ARM_GCC_541\Debug\psoc_4200_uplift.a(LIMIT_SWITCH_3.o)
 .debug_aranges
                0x00000c58       0x48 .\CortexM0\ARM_GCC_541\Debug\psoc_4200_uplift.a(LIMIT_SWITCH_2.o)
 .debug_aranges
                0x00000ca0       0x80 .\CortexM0\ARM_GCC_541\Debug\psoc_4200_uplift.a(CURRENT_SENSE_1_INT.o)
 .debug_aranges
                0x00000d20       0x48 .\CortexM0\ARM_GCC_541\Debug\psoc_4200_uplift.a(CURRENT_SENSE_1.o)
 .debug_aranges
                0x00000d68       0x48 .\CortexM0\ARM_GCC_541\Debug\psoc_4200_uplift.a(CURRENT_SENSE_2.o)
 .debug_aranges
                0x00000db0       0x48 .\CortexM0\ARM_GCC_541\Debug\psoc_4200_uplift.a(CURRENT_SENSE_3.o)
 .debug_aranges
                0x00000df8       0x48 .\CortexM0\ARM_GCC_541\Debug\psoc_4200_uplift.a(CURRENT_SENSE_4.o)
 .debug_aranges
                0x00000e40       0x98 .\CortexM0\ARM_GCC_541\Debug\psoc_4200_uplift.a(BUZZER_PWM_0.o)
 .debug_aranges
                0x00000ed8       0x98 .\CortexM0\ARM_GCC_541\Debug\psoc_4200_uplift.a(PWM_FRONT_0.o)
 .debug_aranges
                0x00000f70       0x80 .\CortexM0\ARM_GCC_541\Debug\psoc_4200_uplift.a(LIMIT_SWITCH_1_INT.o)
 .debug_aranges
                0x00000ff0       0x80 .\CortexM0\ARM_GCC_541\Debug\psoc_4200_uplift.a(LIMIT_SWITCH_2_INT.o)
 .debug_aranges
                0x00001070       0x80 .\CortexM0\ARM_GCC_541\Debug\psoc_4200_uplift.a(LIMIT_SWITCH_3_INT.o)
 .debug_aranges
                0x000010f0       0x80 .\CortexM0\ARM_GCC_541\Debug\psoc_4200_uplift.a(LIMIT_SWITCH_4_INT.o)
 .debug_aranges
                0x00001170       0x48 .\CortexM0\ARM_GCC_541\Debug\psoc_4200_uplift.a(DIR_FRONT.o)
 .debug_aranges
                0x000011b8       0x48 .\CortexM0\ARM_GCC_541\Debug\psoc_4200_uplift.a(DIR_REAR.o)
 .debug_aranges
                0x00001200       0x20 .\CortexM0\ARM_GCC_541\Debug\psoc_4200_uplift.a(CyBootAsmGnu.o)
 .debug_aranges
                0x00001220       0x38 .\CortexM0\ARM_GCC_541\Debug\psoc_4200_uplift.a(CyFlash.o)
 .debug_aranges
                0x00001258       0x20 .\CortexM0\ARM_GCC_541\Debug\psoc_4200_uplift.a(I2C_0_I2C_INT.o)

.debug_pubnames
 *(.debug_pubnames)

.debug_info     0x00000000     0x939d
 *(.debug_info .gnu.linkonce.wi.*)
 .debug_info    0x00000000     0x1281 .\CortexM0\ARM_GCC_541\Debug\main.o
 .debug_info    0x00001281      0x3a0 .\CortexM0\ARM_GCC_541\Debug\cyfitter_cfg.o
 .debug_info    0x00001621      0x11e .\CortexM0\ARM_GCC_541\Debug\cymetadata.o
 .debug_info    0x0000173f      0x3c7 .\CortexM0\ARM_GCC_541\Debug\Cm0Start.o
 .debug_info    0x00001b06      0xaed .\CortexM0\ARM_GCC_541\Debug\psoc_4200_uplift.a(CyLib.o)
 .debug_info    0x000025f3      0xcfe .\CortexM0\ARM_GCC_541\Debug\psoc_4200_uplift.a(CyLFClk.o)
 .debug_info    0x000032f1      0x19b .\CortexM0\ARM_GCC_541\Debug\psoc_4200_uplift.a(PWM_FRONT.o)
 .debug_info    0x0000348c      0x2aa .\CortexM0\ARM_GCC_541\Debug\psoc_4200_uplift.a(I2C_0.o)
 .debug_info    0x00003736      0x195 .\CortexM0\ARM_GCC_541\Debug\psoc_4200_uplift.a(I2C_0_I2C.o)
 .debug_info    0x000038cb      0x91d .\CortexM0\ARM_GCC_541\Debug\psoc_4200_uplift.a(I2C_0_I2C_MASTER.o)
 .debug_info    0x000041e8      0x19d .\CortexM0\ARM_GCC_541\Debug\psoc_4200_uplift.a(DIR_FRONT_RIGHT.o)
 .debug_info    0x00004385      0x19b .\CortexM0\ARM_GCC_541\Debug\psoc_4200_uplift.a(LED_2.o)
 .debug_info    0x00004520      0x19d .\CortexM0\ARM_GCC_541\Debug\psoc_4200_uplift.a(BUTTON_TILT_EN.o)
 .debug_info    0x000046bd      0x19d .\CortexM0\ARM_GCC_541\Debug\psoc_4200_uplift.a(BUTTON_MOTOR_EN.o)
 .debug_info    0x0000485a      0x19d .\CortexM0\ARM_GCC_541\Debug\psoc_4200_uplift.a(BUTTON_DIR_UP.o)
 .debug_info    0x000049f7      0x19d .\CortexM0\ARM_GCC_541\Debug\psoc_4200_uplift.a(BUTTON_DIR_DOWN.o)
 .debug_info    0x00004b94      0x19d .\CortexM0\ARM_GCC_541\Debug\psoc_4200_uplift.a(I2C_0_sda.o)
 .debug_info    0x00004d31      0x19b .\CortexM0\ARM_GCC_541\Debug\psoc_4200_uplift.a(I2C_0_scl.o)
 .debug_info    0x00004ecc      0x6f8 .\CortexM0\ARM_GCC_541\Debug\psoc_4200_uplift.a(Bootloader_0.o)
 .debug_info    0x000055c4      0x19d .\CortexM0\ARM_GCC_541\Debug\psoc_4200_uplift.a(PWM_REAR.o)
 .debug_info    0x00005761      0x19d .\CortexM0\ARM_GCC_541\Debug\psoc_4200_uplift.a(DIR_REAR_RIGHT.o)
 .debug_info    0x000058fe      0x19d .\CortexM0\ARM_GCC_541\Debug\psoc_4200_uplift.a(ENABLE_FRONT_MOTORS.o)
 .debug_info    0x00005a9b      0x19d .\CortexM0\ARM_GCC_541\Debug\psoc_4200_uplift.a(ENABLE_REAR_MOTORS.o)
 .debug_info    0x00005c38      0x333 .\CortexM0\ARM_GCC_541\Debug\psoc_4200_uplift.a(PWM_REAR_0.o)
 .debug_info    0x00005f6b      0x305 .\CortexM0\ARM_GCC_541\Debug\psoc_4200_uplift.a(CURRENT_SENSE_2_INT.o)
 .debug_info    0x00006270      0x305 .\CortexM0\ARM_GCC_541\Debug\psoc_4200_uplift.a(CURRENT_SENSE_4_INT.o)
 .debug_info    0x00006575      0x305 .\CortexM0\ARM_GCC_541\Debug\psoc_4200_uplift.a(CURRENT_SENSE_3_INT.o)
 .debug_info    0x0000687a      0x19d .\CortexM0\ARM_GCC_541\Debug\psoc_4200_uplift.a(LIMIT_SWITCH_1.o)
 .debug_info    0x00006a17      0x19d .\CortexM0\ARM_GCC_541\Debug\psoc_4200_uplift.a(LIMIT_SWITCH_4.o)
 .debug_info    0x00006bb4      0x19d .\CortexM0\ARM_GCC_541\Debug\psoc_4200_uplift.a(LIMIT_SWITCH_3.o)
 .debug_info    0x00006d51      0x19d .\CortexM0\ARM_GCC_541\Debug\psoc_4200_uplift.a(LIMIT_SWITCH_2.o)
 .debug_info    0x00006eee      0x305 .\CortexM0\ARM_GCC_541\Debug\psoc_4200_uplift.a(CURRENT_SENSE_1_INT.o)
 .debug_info    0x000071f3      0x19d .\CortexM0\ARM_GCC_541\Debug\psoc_4200_uplift.a(CURRENT_SENSE_1.o)
 .debug_info    0x00007390      0x19d .\CortexM0\ARM_GCC_541\Debug\psoc_4200_uplift.a(CURRENT_SENSE_2.o)
 .debug_info    0x0000752d      0x19d .\CortexM0\ARM_GCC_541\Debug\psoc_4200_uplift.a(CURRENT_SENSE_3.o)
 .debug_info    0x000076ca      0x19d .\CortexM0\ARM_GCC_541\Debug\psoc_4200_uplift.a(CURRENT_SENSE_4.o)
 .debug_info    0x00007867      0x331 .\CortexM0\ARM_GCC_541\Debug\psoc_4200_uplift.a(BUZZER_PWM_0.o)
 .debug_info    0x00007b98      0x333 .\CortexM0\ARM_GCC_541\Debug\psoc_4200_uplift.a(PWM_FRONT_0.o)
 .debug_info    0x00007ecb      0x305 .\CortexM0\ARM_GCC_541\Debug\psoc_4200_uplift.a(LIMIT_SWITCH_1_INT.o)
 .debug_info    0x000081d0      0x305 .\CortexM0\ARM_GCC_541\Debug\psoc_4200_uplift.a(LIMIT_SWITCH_2_INT.o)
 .debug_info    0x000084d5      0x305 .\CortexM0\ARM_GCC_541\Debug\psoc_4200_uplift.a(LIMIT_SWITCH_3_INT.o)
 .debug_info    0x000087da      0x305 .\CortexM0\ARM_GCC_541\Debug\psoc_4200_uplift.a(LIMIT_SWITCH_4_INT.o)
 .debug_info    0x00008adf      0x19b .\CortexM0\ARM_GCC_541\Debug\psoc_4200_uplift.a(DIR_FRONT.o)
 .debug_info    0x00008c7a      0x19d .\CortexM0\ARM_GCC_541\Debug\psoc_4200_uplift.a(DIR_REAR.o)
 .debug_info    0x00008e17       0xa1 .\CortexM0\ARM_GCC_541\Debug\psoc_4200_uplift.a(CyBootAsmGnu.o)
 .debug_info    0x00008eb8      0x33d .\CortexM0\ARM_GCC_541\Debug\psoc_4200_uplift.a(CyFlash.o)
 .debug_info    0x000091f5      0x1a8 .\CortexM0\ARM_GCC_541\Debug\psoc_4200_uplift.a(I2C_0_I2C_INT.o)

.debug_abbrev   0x00000000     0x3494
 *(.debug_abbrev)
 .debug_abbrev  0x00000000      0x287 .\CortexM0\ARM_GCC_541\Debug\main.o
 .debug_abbrev  0x00000287      0x199 .\CortexM0\ARM_GCC_541\Debug\cyfitter_cfg.o
 .debug_abbrev  0x00000420       0x5d .\CortexM0\ARM_GCC_541\Debug\cymetadata.o
 .debug_abbrev  0x0000047d      0x1e8 .\CortexM0\ARM_GCC_541\Debug\Cm0Start.o
 .debug_abbrev  0x00000665      0x1d3 .\CortexM0\ARM_GCC_541\Debug\psoc_4200_uplift.a(CyLib.o)
 .debug_abbrev  0x00000838      0x210 .\CortexM0\ARM_GCC_541\Debug\psoc_4200_uplift.a(CyLFClk.o)
 .debug_abbrev  0x00000a48       0xc8 .\CortexM0\ARM_GCC_541\Debug\psoc_4200_uplift.a(PWM_FRONT.o)
 .debug_abbrev  0x00000b10      0x130 .\CortexM0\ARM_GCC_541\Debug\psoc_4200_uplift.a(I2C_0.o)
 .debug_abbrev  0x00000c40       0xc7 .\CortexM0\ARM_GCC_541\Debug\psoc_4200_uplift.a(I2C_0_I2C.o)
 .debug_abbrev  0x00000d07      0x1b3 .\CortexM0\ARM_GCC_541\Debug\psoc_4200_uplift.a(I2C_0_I2C_MASTER.o)
 .debug_abbrev  0x00000eba       0xc8 .\CortexM0\ARM_GCC_541\Debug\psoc_4200_uplift.a(DIR_FRONT_RIGHT.o)
 .debug_abbrev  0x00000f82       0xc8 .\CortexM0\ARM_GCC_541\Debug\psoc_4200_uplift.a(LED_2.o)
 .debug_abbrev  0x0000104a       0xc8 .\CortexM0\ARM_GCC_541\Debug\psoc_4200_uplift.a(BUTTON_TILT_EN.o)
 .debug_abbrev  0x00001112       0xc8 .\CortexM0\ARM_GCC_541\Debug\psoc_4200_uplift.a(BUTTON_MOTOR_EN.o)
 .debug_abbrev  0x000011da       0xc8 .\CortexM0\ARM_GCC_541\Debug\psoc_4200_uplift.a(BUTTON_DIR_UP.o)
 .debug_abbrev  0x000012a2       0xc8 .\CortexM0\ARM_GCC_541\Debug\psoc_4200_uplift.a(BUTTON_DIR_DOWN.o)
 .debug_abbrev  0x0000136a       0xc8 .\CortexM0\ARM_GCC_541\Debug\psoc_4200_uplift.a(I2C_0_sda.o)
 .debug_abbrev  0x00001432       0xc8 .\CortexM0\ARM_GCC_541\Debug\psoc_4200_uplift.a(I2C_0_scl.o)
 .debug_abbrev  0x000014fa      0x1ed .\CortexM0\ARM_GCC_541\Debug\psoc_4200_uplift.a(Bootloader_0.o)
 .debug_abbrev  0x000016e7       0xc8 .\CortexM0\ARM_GCC_541\Debug\psoc_4200_uplift.a(PWM_REAR.o)
 .debug_abbrev  0x000017af       0xc8 .\CortexM0\ARM_GCC_541\Debug\psoc_4200_uplift.a(DIR_REAR_RIGHT.o)
 .debug_abbrev  0x00001877       0xc8 .\CortexM0\ARM_GCC_541\Debug\psoc_4200_uplift.a(ENABLE_FRONT_MOTORS.o)
 .debug_abbrev  0x0000193f       0xc8 .\CortexM0\ARM_GCC_541\Debug\psoc_4200_uplift.a(ENABLE_REAR_MOTORS.o)
 .debug_abbrev  0x00001a07      0x133 .\CortexM0\ARM_GCC_541\Debug\psoc_4200_uplift.a(PWM_REAR_0.o)
 .debug_abbrev  0x00001b3a      0x19a .\CortexM0\ARM_GCC_541\Debug\psoc_4200_uplift.a(CURRENT_SENSE_2_INT.o)
 .debug_abbrev  0x00001cd4      0x19a .\CortexM0\ARM_GCC_541\Debug\psoc_4200_uplift.a(CURRENT_SENSE_4_INT.o)
 .debug_abbrev  0x00001e6e      0x19a .\CortexM0\ARM_GCC_541\Debug\psoc_4200_uplift.a(CURRENT_SENSE_3_INT.o)
 .debug_abbrev  0x00002008       0xc8 .\CortexM0\ARM_GCC_541\Debug\psoc_4200_uplift.a(LIMIT_SWITCH_1.o)
 .debug_abbrev  0x000020d0       0xc8 .\CortexM0\ARM_GCC_541\Debug\psoc_4200_uplift.a(LIMIT_SWITCH_4.o)
 .debug_abbrev  0x00002198       0xc8 .\CortexM0\ARM_GCC_541\Debug\psoc_4200_uplift.a(LIMIT_SWITCH_3.o)
 .debug_abbrev  0x00002260       0xc8 .\CortexM0\ARM_GCC_541\Debug\psoc_4200_uplift.a(LIMIT_SWITCH_2.o)
 .debug_abbrev  0x00002328      0x19a .\CortexM0\ARM_GCC_541\Debug\psoc_4200_uplift.a(CURRENT_SENSE_1_INT.o)
 .debug_abbrev  0x000024c2       0xc8 .\CortexM0\ARM_GCC_541\Debug\psoc_4200_uplift.a(CURRENT_SENSE_1.o)
 .debug_abbrev  0x0000258a       0xc8 .\CortexM0\ARM_GCC_541\Debug\psoc_4200_uplift.a(CURRENT_SENSE_2.o)
 .debug_abbrev  0x00002652       0xc8 .\CortexM0\ARM_GCC_541\Debug\psoc_4200_uplift.a(CURRENT_SENSE_3.o)
 .debug_abbrev  0x0000271a       0xc8 .\CortexM0\ARM_GCC_541\Debug\psoc_4200_uplift.a(CURRENT_SENSE_4.o)
 .debug_abbrev  0x000027e2      0x133 .\CortexM0\ARM_GCC_541\Debug\psoc_4200_uplift.a(BUZZER_PWM_0.o)
 .debug_abbrev  0x00002915      0x133 .\CortexM0\ARM_GCC_541\Debug\psoc_4200_uplift.a(PWM_FRONT_0.o)
 .debug_abbrev  0x00002a48      0x19a .\CortexM0\ARM_GCC_541\Debug\psoc_4200_uplift.a(LIMIT_SWITCH_1_INT.o)
 .debug_abbrev  0x00002be2      0x19a .\CortexM0\ARM_GCC_541\Debug\psoc_4200_uplift.a(LIMIT_SWITCH_2_INT.o)
 .debug_abbrev  0x00002d7c      0x19a .\CortexM0\ARM_GCC_541\Debug\psoc_4200_uplift.a(LIMIT_SWITCH_3_INT.o)
 .debug_abbrev  0x00002f16      0x19a .\CortexM0\ARM_GCC_541\Debug\psoc_4200_uplift.a(LIMIT_SWITCH_4_INT.o)
 .debug_abbrev  0x000030b0       0xc8 .\CortexM0\ARM_GCC_541\Debug\psoc_4200_uplift.a(DIR_FRONT.o)
 .debug_abbrev  0x00003178       0xc8 .\CortexM0\ARM_GCC_541\Debug\psoc_4200_uplift.a(DIR_REAR.o)
 .debug_abbrev  0x00003240       0x14 .\CortexM0\ARM_GCC_541\Debug\psoc_4200_uplift.a(CyBootAsmGnu.o)
 .debug_abbrev  0x00003254      0x19c .\CortexM0\ARM_GCC_541\Debug\psoc_4200_uplift.a(CyFlash.o)
 .debug_abbrev  0x000033f0       0xa4 .\CortexM0\ARM_GCC_541\Debug\psoc_4200_uplift.a(I2C_0_I2C_INT.o)

.debug_line     0x00000000     0x4152
 *(.debug_line)
 .debug_line    0x00000000      0x718 .\CortexM0\ARM_GCC_541\Debug\main.o
 .debug_line    0x00000718      0x16a .\CortexM0\ARM_GCC_541\Debug\cyfitter_cfg.o
 .debug_line    0x00000882      0x141 .\CortexM0\ARM_GCC_541\Debug\cymetadata.o
 .debug_line    0x000009c3      0x238 .\CortexM0\ARM_GCC_541\Debug\Cm0Start.o
 .debug_line    0x00000bfb      0x460 .\CortexM0\ARM_GCC_541\Debug\psoc_4200_uplift.a(CyLib.o)
 .debug_line    0x0000105b      0x466 .\CortexM0\ARM_GCC_541\Debug\psoc_4200_uplift.a(CyLFClk.o)
 .debug_line    0x000014c1       0xc0 .\CortexM0\ARM_GCC_541\Debug\psoc_4200_uplift.a(PWM_FRONT.o)
 .debug_line    0x00001581      0x147 .\CortexM0\ARM_GCC_541\Debug\psoc_4200_uplift.a(I2C_0.o)
 .debug_line    0x000016c8       0xc7 .\CortexM0\ARM_GCC_541\Debug\psoc_4200_uplift.a(I2C_0_I2C.o)
 .debug_line    0x0000178f      0x341 .\CortexM0\ARM_GCC_541\Debug\psoc_4200_uplift.a(I2C_0_I2C_MASTER.o)
 .debug_line    0x00001ad0       0xc7 .\CortexM0\ARM_GCC_541\Debug\psoc_4200_uplift.a(DIR_FRONT_RIGHT.o)
 .debug_line    0x00001b97       0xbc .\CortexM0\ARM_GCC_541\Debug\psoc_4200_uplift.a(LED_2.o)
 .debug_line    0x00001c53       0xc6 .\CortexM0\ARM_GCC_541\Debug\psoc_4200_uplift.a(BUTTON_TILT_EN.o)
 .debug_line    0x00001d19       0xc7 .\CortexM0\ARM_GCC_541\Debug\psoc_4200_uplift.a(BUTTON_MOTOR_EN.o)
 .debug_line    0x00001de0       0xc5 .\CortexM0\ARM_GCC_541\Debug\psoc_4200_uplift.a(BUTTON_DIR_UP.o)
 .debug_line    0x00001ea5       0xc7 .\CortexM0\ARM_GCC_541\Debug\psoc_4200_uplift.a(BUTTON_DIR_DOWN.o)
 .debug_line    0x00001f6c       0xc1 .\CortexM0\ARM_GCC_541\Debug\psoc_4200_uplift.a(I2C_0_sda.o)
 .debug_line    0x0000202d       0xc0 .\CortexM0\ARM_GCC_541\Debug\psoc_4200_uplift.a(I2C_0_scl.o)
 .debug_line    0x000020ed      0x28a .\CortexM0\ARM_GCC_541\Debug\psoc_4200_uplift.a(Bootloader_0.o)
 .debug_line    0x00002377       0xc0 .\CortexM0\ARM_GCC_541\Debug\psoc_4200_uplift.a(PWM_REAR.o)
 .debug_line    0x00002437       0xc6 .\CortexM0\ARM_GCC_541\Debug\psoc_4200_uplift.a(DIR_REAR_RIGHT.o)
 .debug_line    0x000024fd       0xcb .\CortexM0\ARM_GCC_541\Debug\psoc_4200_uplift.a(ENABLE_FRONT_MOTORS.o)
 .debug_line    0x000025c8       0xca .\CortexM0\ARM_GCC_541\Debug\psoc_4200_uplift.a(ENABLE_REAR_MOTORS.o)
 .debug_line    0x00002692      0x195 .\CortexM0\ARM_GCC_541\Debug\psoc_4200_uplift.a(PWM_REAR_0.o)
 .debug_line    0x00002827      0x15f .\CortexM0\ARM_GCC_541\Debug\psoc_4200_uplift.a(CURRENT_SENSE_2_INT.o)
 .debug_line    0x00002986      0x15f .\CortexM0\ARM_GCC_541\Debug\psoc_4200_uplift.a(CURRENT_SENSE_4_INT.o)
 .debug_line    0x00002ae5      0x15f .\CortexM0\ARM_GCC_541\Debug\psoc_4200_uplift.a(CURRENT_SENSE_3_INT.o)
 .debug_line    0x00002c44       0xc6 .\CortexM0\ARM_GCC_541\Debug\psoc_4200_uplift.a(LIMIT_SWITCH_1.o)
 .debug_line    0x00002d0a       0xc6 .\CortexM0\ARM_GCC_541\Debug\psoc_4200_uplift.a(LIMIT_SWITCH_4.o)
 .debug_line    0x00002dd0       0xc6 .\CortexM0\ARM_GCC_541\Debug\psoc_4200_uplift.a(LIMIT_SWITCH_3.o)
 .debug_line    0x00002e96       0xc6 .\CortexM0\ARM_GCC_541\Debug\psoc_4200_uplift.a(LIMIT_SWITCH_2.o)
 .debug_line    0x00002f5c      0x15b .\CortexM0\ARM_GCC_541\Debug\psoc_4200_uplift.a(CURRENT_SENSE_1_INT.o)
 .debug_line    0x000030b7       0xc7 .\CortexM0\ARM_GCC_541\Debug\psoc_4200_uplift.a(CURRENT_SENSE_1.o)
 .debug_line    0x0000317e       0xc7 .\CortexM0\ARM_GCC_541\Debug\psoc_4200_uplift.a(CURRENT_SENSE_2.o)
 .debug_line    0x00003245       0xc7 .\CortexM0\ARM_GCC_541\Debug\psoc_4200_uplift.a(CURRENT_SENSE_3.o)
 .debug_line    0x0000330c       0xc7 .\CortexM0\ARM_GCC_541\Debug\psoc_4200_uplift.a(CURRENT_SENSE_4.o)
 .debug_line    0x000033d3      0x197 .\CortexM0\ARM_GCC_541\Debug\psoc_4200_uplift.a(BUZZER_PWM_0.o)
 .debug_line    0x0000356a      0x196 .\CortexM0\ARM_GCC_541\Debug\psoc_4200_uplift.a(PWM_FRONT_0.o)
 .debug_line    0x00003700      0x15e .\CortexM0\ARM_GCC_541\Debug\psoc_4200_uplift.a(LIMIT_SWITCH_1_INT.o)
 .debug_line    0x0000385e      0x15e .\CortexM0\ARM_GCC_541\Debug\psoc_4200_uplift.a(LIMIT_SWITCH_2_INT.o)
 .debug_line    0x000039bc      0x15e .\CortexM0\ARM_GCC_541\Debug\psoc_4200_uplift.a(LIMIT_SWITCH_3_INT.o)
 .debug_line    0x00003b1a      0x15e .\CortexM0\ARM_GCC_541\Debug\psoc_4200_uplift.a(LIMIT_SWITCH_4_INT.o)
 .debug_line    0x00003c78       0xc0 .\CortexM0\ARM_GCC_541\Debug\psoc_4200_uplift.a(DIR_FRONT.o)
 .debug_line    0x00003d38       0xc0 .\CortexM0\ARM_GCC_541\Debug\psoc_4200_uplift.a(DIR_REAR.o)
 .debug_line    0x00003df8       0x69 .\CortexM0\ARM_GCC_541\Debug\psoc_4200_uplift.a(CyBootAsmGnu.o)
 .debug_line    0x00003e61      0x18c .\CortexM0\ARM_GCC_541\Debug\psoc_4200_uplift.a(CyFlash.o)
 .debug_line    0x00003fed      0x165 .\CortexM0\ARM_GCC_541\Debug\psoc_4200_uplift.a(I2C_0_I2C_INT.o)

.debug_frame    0x00000000     0x3010
 *(.debug_frame)
 .debug_frame   0x00000000      0x2c0 .\CortexM0\ARM_GCC_541\Debug\main.o
 .debug_frame   0x000002c0       0x8c .\CortexM0\ARM_GCC_541\Debug\cyfitter_cfg.o
 .debug_frame   0x0000034c       0xbc .\CortexM0\ARM_GCC_541\Debug\Cm0Start.o
 .debug_frame   0x00000408      0x3e0 .\CortexM0\ARM_GCC_541\Debug\psoc_4200_uplift.a(CyLib.o)
 .debug_frame   0x000007e8      0x3a8 .\CortexM0\ARM_GCC_541\Debug\psoc_4200_uplift.a(CyLFClk.o)
 .debug_frame   0x00000b90       0x70 .\CortexM0\ARM_GCC_541\Debug\psoc_4200_uplift.a(PWM_FRONT.o)
 .debug_frame   0x00000c00       0xf8 .\CortexM0\ARM_GCC_541\Debug\psoc_4200_uplift.a(I2C_0.o)
 .debug_frame   0x00000cf8       0x58 .\CortexM0\ARM_GCC_541\Debug\psoc_4200_uplift.a(I2C_0_I2C.o)
 .debug_frame   0x00000d50      0x1e8 .\CortexM0\ARM_GCC_541\Debug\psoc_4200_uplift.a(I2C_0_I2C_MASTER.o)
 .debug_frame   0x00000f38       0x70 .\CortexM0\ARM_GCC_541\Debug\psoc_4200_uplift.a(DIR_FRONT_RIGHT.o)
 .debug_frame   0x00000fa8       0x70 .\CortexM0\ARM_GCC_541\Debug\psoc_4200_uplift.a(LED_2.o)
 .debug_frame   0x00001018       0x70 .\CortexM0\ARM_GCC_541\Debug\psoc_4200_uplift.a(BUTTON_TILT_EN.o)
 .debug_frame   0x00001088       0x70 .\CortexM0\ARM_GCC_541\Debug\psoc_4200_uplift.a(BUTTON_MOTOR_EN.o)
 .debug_frame   0x000010f8       0x70 .\CortexM0\ARM_GCC_541\Debug\psoc_4200_uplift.a(BUTTON_DIR_UP.o)
 .debug_frame   0x00001168       0x70 .\CortexM0\ARM_GCC_541\Debug\psoc_4200_uplift.a(BUTTON_DIR_DOWN.o)
 .debug_frame   0x000011d8       0x70 .\CortexM0\ARM_GCC_541\Debug\psoc_4200_uplift.a(I2C_0_sda.o)
 .debug_frame   0x00001248       0x70 .\CortexM0\ARM_GCC_541\Debug\psoc_4200_uplift.a(I2C_0_scl.o)
 .debug_frame   0x000012b8      0x158 .\CortexM0\ARM_GCC_541\Debug\psoc_4200_uplift.a(Bootloader_0.o)
 .debug_frame   0x00001410       0x70 .\CortexM0\ARM_GCC_541\Debug\psoc_4200_uplift.a(PWM_REAR.o)
 .debug_frame   0x00001480       0x70 .\CortexM0\ARM_GCC_541\Debug\psoc_4200_uplift.a(DIR_REAR_RIGHT.o)
 .debug_frame   0x000014f0       0x70 .\CortexM0\ARM_GCC_541\Debug\psoc_4200_uplift.a(ENABLE_FRONT_MOTORS.o)
 .debug_frame   0x00001560       0x70 .\CortexM0\ARM_GCC_541\Debug\psoc_4200_uplift.a(ENABLE_REAR_MOTORS.o)
 .debug_frame   0x000015d0      0x134 .\CortexM0\ARM_GCC_541\Debug\psoc_4200_uplift.a(PWM_REAR_0.o)
 .debug_frame   0x00001704      0x110 .\CortexM0\ARM_GCC_541\Debug\psoc_4200_uplift.a(CURRENT_SENSE_2_INT.o)
 .debug_frame   0x00001814      0x110 .\CortexM0\ARM_GCC_541\Debug\psoc_4200_uplift.a(CURRENT_SENSE_4_INT.o)
 .debug_frame   0x00001924      0x110 .\CortexM0\ARM_GCC_541\Debug\psoc_4200_uplift.a(CURRENT_SENSE_3_INT.o)
 .debug_frame   0x00001a34       0x70 .\CortexM0\ARM_GCC_541\Debug\psoc_4200_uplift.a(LIMIT_SWITCH_1.o)
 .debug_frame   0x00001aa4       0x70 .\CortexM0\ARM_GCC_541\Debug\psoc_4200_uplift.a(LIMIT_SWITCH_4.o)
 .debug_frame   0x00001b14       0x70 .\CortexM0\ARM_GCC_541\Debug\psoc_4200_uplift.a(LIMIT_SWITCH_3.o)
 .debug_frame   0x00001b84       0x70 .\CortexM0\ARM_GCC_541\Debug\psoc_4200_uplift.a(LIMIT_SWITCH_2.o)
 .debug_frame   0x00001bf4      0x110 .\CortexM0\ARM_GCC_541\Debug\psoc_4200_uplift.a(CURRENT_SENSE_1_INT.o)
 .debug_frame   0x00001d04       0x70 .\CortexM0\ARM_GCC_541\Debug\psoc_4200_uplift.a(CURRENT_SENSE_1.o)
 .debug_frame   0x00001d74       0x70 .\CortexM0\ARM_GCC_541\Debug\psoc_4200_uplift.a(CURRENT_SENSE_2.o)
 .debug_frame   0x00001de4       0x70 .\CortexM0\ARM_GCC_541\Debug\psoc_4200_uplift.a(CURRENT_SENSE_3.o)
 .debug_frame   0x00001e54       0x70 .\CortexM0\ARM_GCC_541\Debug\psoc_4200_uplift.a(CURRENT_SENSE_4.o)
 .debug_frame   0x00001ec4      0x134 .\CortexM0\ARM_GCC_541\Debug\psoc_4200_uplift.a(BUZZER_PWM_0.o)
 .debug_frame   0x00001ff8      0x134 .\CortexM0\ARM_GCC_541\Debug\psoc_4200_uplift.a(PWM_FRONT_0.o)
 .debug_frame   0x0000212c      0x110 .\CortexM0\ARM_GCC_541\Debug\psoc_4200_uplift.a(LIMIT_SWITCH_1_INT.o)
 .debug_frame   0x0000223c      0x110 .\CortexM0\ARM_GCC_541\Debug\psoc_4200_uplift.a(LIMIT_SWITCH_2_INT.o)
 .debug_frame   0x0000234c      0x110 .\CortexM0\ARM_GCC_541\Debug\psoc_4200_uplift.a(LIMIT_SWITCH_3_INT.o)
 .debug_frame   0x0000245c      0x110 .\CortexM0\ARM_GCC_541\Debug\psoc_4200_uplift.a(LIMIT_SWITCH_4_INT.o)
 .debug_frame   0x0000256c       0x70 .\CortexM0\ARM_GCC_541\Debug\psoc_4200_uplift.a(DIR_FRONT.o)
 .debug_frame   0x000025dc       0x70 .\CortexM0\ARM_GCC_541\Debug\psoc_4200_uplift.a(DIR_REAR.o)
 .debug_frame   0x0000264c       0x78 .\CortexM0\ARM_GCC_541\Debug\psoc_4200_uplift.a(CyFlash.o)
 .debug_frame   0x000026c4       0x2c .\CortexM0\ARM_GCC_541\Debug\psoc_4200_uplift.a(I2C_0_I2C_INT.o)
 .debug_frame   0x000026f0       0x20 c:/program files (x86)/cypress/psoc creator/4.4/psoc creator/import/gnu/arm/5.4.1/bin/../lib/gcc/arm-none-eabi/5.4.1/armv6-m\libgcc.a(_udivsi3.o)
 .debug_frame   0x00002710       0x20 c:/program files (x86)/cypress/psoc creator/4.4/psoc creator/import/gnu/arm/5.4.1/bin/../lib/gcc/arm-none-eabi/5.4.1/armv6-m\libgcc.a(_divsi3.o)
 .debug_frame   0x00002730       0x20 c:/program files (x86)/cypress/psoc creator/4.4/psoc creator/import/gnu/arm/5.4.1/bin/../lib/gcc/arm-none-eabi/5.4.1/../../../../arm-none-eabi/lib/armv6-m\libg_nano.a(lib_a-errno.o)
 .debug_frame   0x00002750       0x28 c:/program files (x86)/cypress/psoc creator/4.4/psoc creator/import/gnu/arm/5.4.1/bin/../lib/gcc/arm-none-eabi/5.4.1/../../../../arm-none-eabi/lib/armv6-m\libg_nano.a(lib_a-exit.o)
 .debug_frame   0x00002778       0x2c c:/program files (x86)/cypress/psoc creator/4.4/psoc creator/import/gnu/arm/5.4.1/bin/../lib/gcc/arm-none-eabi/5.4.1/../../../../arm-none-eabi/lib/armv6-m\libg_nano.a(lib_a-init.o)
 .debug_frame   0x000027a4       0x28 c:/program files (x86)/cypress/psoc creator/4.4/psoc creator/import/gnu/arm/5.4.1/bin/../lib/gcc/arm-none-eabi/5.4.1/../../../../arm-none-eabi/lib/armv6-m\libg_nano.a(lib_a-memcpy-stub.o)
 .debug_frame   0x000027cc       0x20 c:/program files (x86)/cypress/psoc creator/4.4/psoc creator/import/gnu/arm/5.4.1/bin/../lib/gcc/arm-none-eabi/5.4.1/../../../../arm-none-eabi/lib/armv6-m\libg_nano.a(lib_a-memset.o)
 .debug_frame   0x000027ec       0x50 c:/program files (x86)/cypress/psoc creator/4.4/psoc creator/import/gnu/arm/5.4.1/bin/../lib/gcc/arm-none-eabi/5.4.1/../../../../arm-none-eabi/lib/armv6-m\libg_nano.a(lib_a-printf.o)
 .debug_frame   0x0000283c      0x140 c:/program files (x86)/cypress/psoc creator/4.4/psoc creator/import/gnu/arm/5.4.1/bin/../lib/gcc/arm-none-eabi/5.4.1/../../../../arm-none-eabi/lib/armv6-m\libg_nano.a(lib_a-findfp.o)
 .debug_frame   0x0000297c       0x58 c:/program files (x86)/cypress/psoc creator/4.4/psoc creator/import/gnu/arm/5.4.1/bin/../lib/gcc/arm-none-eabi/5.4.1/../../../../arm-none-eabi/lib/armv6-m\libg_nano.a(lib_a-fwalk.o)
 .debug_frame   0x000029d4       0x2c c:/program files (x86)/cypress/psoc creator/4.4/psoc creator/import/gnu/arm/5.4.1/bin/../lib/gcc/arm-none-eabi/5.4.1/../../../../arm-none-eabi/lib/armv6-m\libg_nano.a(lib_a-nano-mallocr.o)
 .debug_frame   0x00002a00       0x9c c:/program files (x86)/cypress/psoc creator/4.4/psoc creator/import/gnu/arm/5.4.1/bin/../lib/gcc/arm-none-eabi/5.4.1/../../../../arm-none-eabi/lib/armv6-m\libg_nano.a(lib_a-nano-vfprintf.o)
 .debug_frame   0x00002a9c       0x54 c:/program files (x86)/cypress/psoc creator/4.4/psoc creator/import/gnu/arm/5.4.1/bin/../lib/gcc/arm-none-eabi/5.4.1/../../../../arm-none-eabi/lib/armv6-m\libg_nano.a(lib_a-nano-vfprintf_i.o)
 .debug_frame   0x00002af0       0x2c c:/program files (x86)/cypress/psoc creator/4.4/psoc creator/import/gnu/arm/5.4.1/bin/../lib/gcc/arm-none-eabi/5.4.1/../../../../arm-none-eabi/lib/armv6-m\libg_nano.a(lib_a-sbrkr.o)
 .debug_frame   0x00002b1c       0x90 c:/program files (x86)/cypress/psoc creator/4.4/psoc creator/import/gnu/arm/5.4.1/bin/../lib/gcc/arm-none-eabi/5.4.1/../../../../arm-none-eabi/lib/armv6-m\libg_nano.a(lib_a-stdio.o)
 .debug_frame   0x00002bac       0x48 c:/program files (x86)/cypress/psoc creator/4.4/psoc creator/import/gnu/arm/5.4.1/bin/../lib/gcc/arm-none-eabi/5.4.1/../../../../arm-none-eabi/lib/armv6-m\libg_nano.a(lib_a-wbuf.o)
 .debug_frame   0x00002bf4       0x2c c:/program files (x86)/cypress/psoc creator/4.4/psoc creator/import/gnu/arm/5.4.1/bin/../lib/gcc/arm-none-eabi/5.4.1/../../../../arm-none-eabi/lib/armv6-m\libg_nano.a(lib_a-writer.o)
 .debug_frame   0x00002c20       0x2c c:/program files (x86)/cypress/psoc creator/4.4/psoc creator/import/gnu/arm/5.4.1/bin/../lib/gcc/arm-none-eabi/5.4.1/../../../../arm-none-eabi/lib/armv6-m\libg_nano.a(lib_a-wsetup.o)
 .debug_frame   0x00002c4c       0x2c c:/program files (x86)/cypress/psoc creator/4.4/psoc creator/import/gnu/arm/5.4.1/bin/../lib/gcc/arm-none-eabi/5.4.1/../../../../arm-none-eabi/lib/armv6-m\libg_nano.a(lib_a-closer.o)
 .debug_frame   0x00002c78       0x68 c:/program files (x86)/cypress/psoc creator/4.4/psoc creator/import/gnu/arm/5.4.1/bin/../lib/gcc/arm-none-eabi/5.4.1/../../../../arm-none-eabi/lib/armv6-m\libg_nano.a(lib_a-fflush.o)
 .debug_frame   0x00002ce0       0x30 c:/program files (x86)/cypress/psoc creator/4.4/psoc creator/import/gnu/arm/5.4.1/bin/../lib/gcc/arm-none-eabi/5.4.1/../../../../arm-none-eabi/lib/armv6-m\libg_nano.a(lib_a-fvwrite.o)
 .debug_frame   0x00002d10       0x2c c:/program files (x86)/cypress/psoc creator/4.4/psoc creator/import/gnu/arm/5.4.1/bin/../lib/gcc/arm-none-eabi/5.4.1/../../../../arm-none-eabi/lib/armv6-m\libg_nano.a(lib_a-lseekr.o)
 .debug_frame   0x00002d3c       0x54 c:/program files (x86)/cypress/psoc creator/4.4/psoc creator/import/gnu/arm/5.4.1/bin/../lib/gcc/arm-none-eabi/5.4.1/../../../../arm-none-eabi/lib/armv6-m\libg_nano.a(lib_a-makebuf.o)
 .debug_frame   0x00002d90       0x20 c:/program files (x86)/cypress/psoc creator/4.4/psoc creator/import/gnu/arm/5.4.1/bin/../lib/gcc/arm-none-eabi/5.4.1/../../../../arm-none-eabi/lib/armv6-m\libg_nano.a(lib_a-memchr-stub.o)
 .debug_frame   0x00002db0       0x28 c:/program files (x86)/cypress/psoc creator/4.4/psoc creator/import/gnu/arm/5.4.1/bin/../lib/gcc/arm-none-eabi/5.4.1/../../../../arm-none-eabi/lib/armv6-m\libg_nano.a(lib_a-memmove.o)
 .debug_frame   0x00002dd8       0x30 c:/program files (x86)/cypress/psoc creator/4.4/psoc creator/import/gnu/arm/5.4.1/bin/../lib/gcc/arm-none-eabi/5.4.1/../../../../arm-none-eabi/lib/armv6-m\libg_nano.a(lib_a-mlock.o)
 .debug_frame   0x00002e08       0x2c c:/program files (x86)/cypress/psoc creator/4.4/psoc creator/import/gnu/arm/5.4.1/bin/../lib/gcc/arm-none-eabi/5.4.1/../../../../arm-none-eabi/lib/armv6-m\libg_nano.a(lib_a-nano-freer.o)
 .debug_frame   0x00002e34       0x30 c:/program files (x86)/cypress/psoc creator/4.4/psoc creator/import/gnu/arm/5.4.1/bin/../lib/gcc/arm-none-eabi/5.4.1/../../../../arm-none-eabi/lib/armv6-m\libg_nano.a(lib_a-nano-reallocr.o)
 .debug_frame   0x00002e64       0x2c c:/program files (x86)/cypress/psoc creator/4.4/psoc creator/import/gnu/arm/5.4.1/bin/../lib/gcc/arm-none-eabi/5.4.1/../../../../arm-none-eabi/lib/armv6-m\libg_nano.a(lib_a-readr.o)
 .debug_frame   0x00002e90       0x48 c:/program files (x86)/cypress/psoc creator/4.4/psoc creator/import/gnu/arm/5.4.1/bin/../lib/gcc/arm-none-eabi/5.4.1/../../../../arm-none-eabi/lib/armv6-m\libg_nano.a(lib_a-reent.o)
 .debug_frame   0x00002ed8       0x2c c:/program files (x86)/cypress/psoc creator/4.4/psoc creator/import/gnu/arm/5.4.1/bin/../lib/gcc/arm-none-eabi/5.4.1/../../../../arm-none-eabi/lib/armv6-m\libg_nano.a(lib_a-fstatr.o)
 .debug_frame   0x00002f04       0x2c c:/program files (x86)/cypress/psoc creator/4.4/psoc creator/import/gnu/arm/5.4.1/bin/../lib/gcc/arm-none-eabi/5.4.1/../../../../arm-none-eabi/lib/armv6-m\libg_nano.a(lib_a-isattyr.o)
 .debug_frame   0x00002f30       0x20 c:/program files (x86)/cypress/psoc creator/4.4/psoc creator/import/gnu/arm/5.4.1/bin/../lib/gcc/arm-none-eabi/5.4.1/../../../../arm-none-eabi/lib/armv6-m\libg_nano.a(lib_a-nano-msizer.o)
 .debug_frame   0x00002f50       0x20 c:/program files (x86)/cypress/psoc creator/4.4/psoc creator/import/gnu/arm/5.4.1/bin/../lib/gcc/arm-none-eabi/5.4.1/../../../../arm-none-eabi/lib/armv6-m\libnosys.a(close.o)
 .debug_frame   0x00002f70       0x20 c:/program files (x86)/cypress/psoc creator/4.4/psoc creator/import/gnu/arm/5.4.1/bin/../lib/gcc/arm-none-eabi/5.4.1/../../../../arm-none-eabi/lib/armv6-m\libnosys.a(fstat.o)
 .debug_frame   0x00002f90       0x20 c:/program files (x86)/cypress/psoc creator/4.4/psoc creator/import/gnu/arm/5.4.1/bin/../lib/gcc/arm-none-eabi/5.4.1/../../../../arm-none-eabi/lib/armv6-m\libnosys.a(isatty.o)
 .debug_frame   0x00002fb0       0x20 c:/program files (x86)/cypress/psoc creator/4.4/psoc creator/import/gnu/arm/5.4.1/bin/../lib/gcc/arm-none-eabi/5.4.1/../../../../arm-none-eabi/lib/armv6-m\libnosys.a(lseek.o)
 .debug_frame   0x00002fd0       0x20 c:/program files (x86)/cypress/psoc creator/4.4/psoc creator/import/gnu/arm/5.4.1/bin/../lib/gcc/arm-none-eabi/5.4.1/../../../../arm-none-eabi/lib/armv6-m\libnosys.a(read.o)
 .debug_frame   0x00002ff0       0x20 c:/program files (x86)/cypress/psoc creator/4.4/psoc creator/import/gnu/arm/5.4.1/bin/../lib/gcc/arm-none-eabi/5.4.1/../../../../arm-none-eabi/lib/armv6-m\libnosys.a(write.o)

.debug_str      0x00000000     0x4007
 *(.debug_str)
 .debug_str     0x00000000      0xaee .\CortexM0\ARM_GCC_541\Debug\main.o
                                0xb7b (size before relaxing)
 .debug_str     0x00000aee      0x10d .\CortexM0\ARM_GCC_541\Debug\cyfitter_cfg.o
                                0x2d6 (size before relaxing)
 .debug_str     0x00000bfb       0x68 .\CortexM0\ARM_GCC_541\Debug\cymetadata.o
                                0x1e8 (size before relaxing)
 .debug_str     0x00000c63      0x15d .\CortexM0\ARM_GCC_541\Debug\Cm0Start.o
                                0x335 (size before relaxing)
 .debug_str     0x00000dc0      0x4b3 .\CortexM0\ARM_GCC_541\Debug\psoc_4200_uplift.a(CyLib.o)
                                0x6c7 (size before relaxing)
 .debug_str     0x00001273      0x530 .\CortexM0\ARM_GCC_541\Debug\psoc_4200_uplift.a(CyLFClk.o)
                                0x74e (size before relaxing)
 .debug_str     0x000017a3       0xb7 .\CortexM0\ARM_GCC_541\Debug\psoc_4200_uplift.a(PWM_FRONT.o)
                                0x263 (size before relaxing)
 .debug_str     0x0000185a      0x132 .\CortexM0\ARM_GCC_541\Debug\psoc_4200_uplift.a(I2C_0.o)
                                0x308 (size before relaxing)
 .debug_str     0x0000198c       0x6f .\CortexM0\ARM_GCC_541\Debug\psoc_4200_uplift.a(I2C_0_I2C.o)
                                0x26f (size before relaxing)
 .debug_str     0x000019fb      0x2a9 .\CortexM0\ARM_GCC_541\Debug\psoc_4200_uplift.a(I2C_0_I2C_MASTER.o)
                                0x53b (size before relaxing)
 .debug_str     0x00001ca4       0xb7 .\CortexM0\ARM_GCC_541\Debug\psoc_4200_uplift.a(DIR_FRONT_RIGHT.o)
                                0x28d (size before relaxing)
 .debug_str     0x00001d5b       0x7b .\CortexM0\ARM_GCC_541\Debug\psoc_4200_uplift.a(LED_2.o)
                                0x247 (size before relaxing)
 .debug_str     0x00001dd6       0xb2 .\CortexM0\ARM_GCC_541\Debug\psoc_4200_uplift.a(BUTTON_TILT_EN.o)
                                0x286 (size before relaxing)
 .debug_str     0x00001e88       0xb8 .\CortexM0\ARM_GCC_541\Debug\psoc_4200_uplift.a(BUTTON_MOTOR_EN.o)
                                0x28d (size before relaxing)
 .debug_str     0x00001f40       0xac .\CortexM0\ARM_GCC_541\Debug\psoc_4200_uplift.a(BUTTON_DIR_UP.o)
                                0x27f (size before relaxing)
 .debug_str     0x00001fec       0xb8 .\CortexM0\ARM_GCC_541\Debug\psoc_4200_uplift.a(BUTTON_DIR_DOWN.o)
                                0x28d (size before relaxing)
 .debug_str     0x000020a4       0x94 .\CortexM0\ARM_GCC_541\Debug\psoc_4200_uplift.a(I2C_0_sda.o)
                                0x263 (size before relaxing)
 .debug_str     0x00002138       0x84 .\CortexM0\ARM_GCC_541\Debug\psoc_4200_uplift.a(I2C_0_scl.o)
                                0x263 (size before relaxing)
 .debug_str     0x000021bc      0x265 .\CortexM0\ARM_GCC_541\Debug\psoc_4200_uplift.a(Bootloader_0.o)
                                0x479 (size before relaxing)
 .debug_str     0x00002421       0x8d .\CortexM0\ARM_GCC_541\Debug\psoc_4200_uplift.a(PWM_REAR.o)
                                0x25c (size before relaxing)
 .debug_str     0x000024ae       0xb1 .\CortexM0\ARM_GCC_541\Debug\psoc_4200_uplift.a(DIR_REAR_RIGHT.o)
                                0x286 (size before relaxing)
 .debug_str     0x0000255f       0xcf .\CortexM0\ARM_GCC_541\Debug\psoc_4200_uplift.a(ENABLE_FRONT_MOTORS.o)
                                0x2a9 (size before relaxing)
 .debug_str     0x0000262e       0xc9 .\CortexM0\ARM_GCC_541\Debug\psoc_4200_uplift.a(ENABLE_REAR_MOTORS.o)
                                0x2a2 (size before relaxing)
 .debug_str     0x000026f7      0x1d5 .\CortexM0\ARM_GCC_541\Debug\psoc_4200_uplift.a(PWM_REAR_0.o)
                                0x3c1 (size before relaxing)
 .debug_str     0x000028cc      0x19d .\CortexM0\ARM_GCC_541\Debug\psoc_4200_uplift.a(CURRENT_SENSE_2_INT.o)
                                0x3bf (size before relaxing)
 .debug_str     0x00002a69      0x18e .\CortexM0\ARM_GCC_541\Debug\psoc_4200_uplift.a(CURRENT_SENSE_4_INT.o)
                                0x3bf (size before relaxing)
 .debug_str     0x00002bf7      0x18e .\CortexM0\ARM_GCC_541\Debug\psoc_4200_uplift.a(CURRENT_SENSE_3_INT.o)
                                0x3bf (size before relaxing)
 .debug_str     0x00002d85       0xa8 .\CortexM0\ARM_GCC_541\Debug\psoc_4200_uplift.a(LIMIT_SWITCH_1.o)
                                0x286 (size before relaxing)
 .debug_str     0x00002e2d       0xa8 .\CortexM0\ARM_GCC_541\Debug\psoc_4200_uplift.a(LIMIT_SWITCH_4.o)
                                0x286 (size before relaxing)
 .debug_str     0x00002ed5       0xa8 .\CortexM0\ARM_GCC_541\Debug\psoc_4200_uplift.a(LIMIT_SWITCH_3.o)
                                0x286 (size before relaxing)
 .debug_str     0x00002f7d       0xa8 .\CortexM0\ARM_GCC_541\Debug\psoc_4200_uplift.a(LIMIT_SWITCH_2.o)
                                0x286 (size before relaxing)
 .debug_str     0x00003025      0x18e .\CortexM0\ARM_GCC_541\Debug\psoc_4200_uplift.a(CURRENT_SENSE_1_INT.o)
                                0x3bf (size before relaxing)
 .debug_str     0x000031b3       0x99 .\CortexM0\ARM_GCC_541\Debug\psoc_4200_uplift.a(CURRENT_SENSE_1.o)
                                0x28d (size before relaxing)
 .debug_str     0x0000324c       0x99 .\CortexM0\ARM_GCC_541\Debug\psoc_4200_uplift.a(CURRENT_SENSE_2.o)
                                0x28d (size before relaxing)
 .debug_str     0x000032e5       0x99 .\CortexM0\ARM_GCC_541\Debug\psoc_4200_uplift.a(CURRENT_SENSE_3.o)
                                0x28d (size before relaxing)
 .debug_str     0x0000337e       0x99 .\CortexM0\ARM_GCC_541\Debug\psoc_4200_uplift.a(CURRENT_SENSE_4.o)
                                0x28d (size before relaxing)
 .debug_str     0x00003417      0x1ac .\CortexM0\ARM_GCC_541\Debug\psoc_4200_uplift.a(BUZZER_PWM_0.o)
                                0x3e7 (size before relaxing)
 .debug_str     0x000035c3      0x1b4 .\CortexM0\ARM_GCC_541\Debug\psoc_4200_uplift.a(PWM_FRONT_0.o)
                                0x3d4 (size before relaxing)
 .debug_str     0x00003777      0x181 .\CortexM0\ARM_GCC_541\Debug\psoc_4200_uplift.a(LIMIT_SWITCH_1_INT.o)
                                0x3b1 (size before relaxing)
 .debug_str     0x000038f8      0x181 .\CortexM0\ARM_GCC_541\Debug\psoc_4200_uplift.a(LIMIT_SWITCH_2_INT.o)
                                0x3b1 (size before relaxing)
 .debug_str     0x00003a79      0x181 .\CortexM0\ARM_GCC_541\Debug\psoc_4200_uplift.a(LIMIT_SWITCH_3_INT.o)
                                0x3b1 (size before relaxing)
 .debug_str     0x00003bfa      0x181 .\CortexM0\ARM_GCC_541\Debug\psoc_4200_uplift.a(LIMIT_SWITCH_4_INT.o)
                                0x3b1 (size before relaxing)
 .debug_str     0x00003d7b       0x93 .\CortexM0\ARM_GCC_541\Debug\psoc_4200_uplift.a(DIR_FRONT.o)
                                0x263 (size before relaxing)
 .debug_str     0x00003e0e       0x8d .\CortexM0\ARM_GCC_541\Debug\psoc_4200_uplift.a(DIR_REAR.o)
                                0x25c (size before relaxing)
 .debug_str     0x00003e9b      0x121 .\CortexM0\ARM_GCC_541\Debug\psoc_4200_uplift.a(CyFlash.o)
                                0x33f (size before relaxing)
 .debug_str     0x00003fbc       0x4b .\CortexM0\ARM_GCC_541\Debug\psoc_4200_uplift.a(I2C_0_I2C_INT.o)
                                0x2eb (size before relaxing)

.debug_loc      0x00000000     0x3f50
 *(.debug_loc)
 .debug_loc     0x00000000      0x4da .\CortexM0\ARM_GCC_541\Debug\main.o
 .debug_loc     0x000004da      0x118 .\CortexM0\ARM_GCC_541\Debug\cyfitter_cfg.o
 .debug_loc     0x000005f2      0x14f .\CortexM0\ARM_GCC_541\Debug\Cm0Start.o
 .debug_loc     0x00000741      0x599 .\CortexM0\ARM_GCC_541\Debug\psoc_4200_uplift.a(CyLib.o)
 .debug_loc     0x00000cda      0x9b5 .\CortexM0\ARM_GCC_541\Debug\psoc_4200_uplift.a(CyLFClk.o)
 .debug_loc     0x0000168f       0x81 .\CortexM0\ARM_GCC_541\Debug\psoc_4200_uplift.a(PWM_FRONT.o)
 .debug_loc     0x00001710       0x7e .\CortexM0\ARM_GCC_541\Debug\psoc_4200_uplift.a(I2C_0.o)
 .debug_loc     0x0000178e      0xa90 .\CortexM0\ARM_GCC_541\Debug\psoc_4200_uplift.a(I2C_0_I2C_MASTER.o)
 .debug_loc     0x0000221e       0xa2 .\CortexM0\ARM_GCC_541\Debug\psoc_4200_uplift.a(DIR_FRONT_RIGHT.o)
 .debug_loc     0x000022c0       0x81 .\CortexM0\ARM_GCC_541\Debug\psoc_4200_uplift.a(LED_2.o)
 .debug_loc     0x00002341       0xa2 .\CortexM0\ARM_GCC_541\Debug\psoc_4200_uplift.a(BUTTON_TILT_EN.o)
 .debug_loc     0x000023e3       0xa2 .\CortexM0\ARM_GCC_541\Debug\psoc_4200_uplift.a(BUTTON_MOTOR_EN.o)
 .debug_loc     0x00002485       0xa2 .\CortexM0\ARM_GCC_541\Debug\psoc_4200_uplift.a(BUTTON_DIR_UP.o)
 .debug_loc     0x00002527       0xa2 .\CortexM0\ARM_GCC_541\Debug\psoc_4200_uplift.a(BUTTON_DIR_DOWN.o)
 .debug_loc     0x000025c9       0xa2 .\CortexM0\ARM_GCC_541\Debug\psoc_4200_uplift.a(I2C_0_sda.o)
 .debug_loc     0x0000266b       0x81 .\CortexM0\ARM_GCC_541\Debug\psoc_4200_uplift.a(I2C_0_scl.o)
 .debug_loc     0x000026ec      0x7fc .\CortexM0\ARM_GCC_541\Debug\psoc_4200_uplift.a(Bootloader_0.o)
 .debug_loc     0x00002ee8       0xa2 .\CortexM0\ARM_GCC_541\Debug\psoc_4200_uplift.a(PWM_REAR.o)
 .debug_loc     0x00002f8a       0xa2 .\CortexM0\ARM_GCC_541\Debug\psoc_4200_uplift.a(DIR_REAR_RIGHT.o)
 .debug_loc     0x0000302c       0xa2 .\CortexM0\ARM_GCC_541\Debug\psoc_4200_uplift.a(ENABLE_FRONT_MOTORS.o)
 .debug_loc     0x000030ce       0xa2 .\CortexM0\ARM_GCC_541\Debug\psoc_4200_uplift.a(ENABLE_REAR_MOTORS.o)
 .debug_loc     0x00003170       0x26 .\CortexM0\ARM_GCC_541\Debug\psoc_4200_uplift.a(PWM_REAR_0.o)
 .debug_loc     0x00003196       0x82 .\CortexM0\ARM_GCC_541\Debug\psoc_4200_uplift.a(CURRENT_SENSE_2_INT.o)
 .debug_loc     0x00003218       0x82 .\CortexM0\ARM_GCC_541\Debug\psoc_4200_uplift.a(CURRENT_SENSE_4_INT.o)
 .debug_loc     0x0000329a       0x82 .\CortexM0\ARM_GCC_541\Debug\psoc_4200_uplift.a(CURRENT_SENSE_3_INT.o)
 .debug_loc     0x0000331c       0xa2 .\CortexM0\ARM_GCC_541\Debug\psoc_4200_uplift.a(LIMIT_SWITCH_1.o)
 .debug_loc     0x000033be       0xa2 .\CortexM0\ARM_GCC_541\Debug\psoc_4200_uplift.a(LIMIT_SWITCH_4.o)
 .debug_loc     0x00003460       0xa2 .\CortexM0\ARM_GCC_541\Debug\psoc_4200_uplift.a(LIMIT_SWITCH_3.o)
 .debug_loc     0x00003502       0xa2 .\CortexM0\ARM_GCC_541\Debug\psoc_4200_uplift.a(LIMIT_SWITCH_2.o)
 .debug_loc     0x000035a4       0x82 .\CortexM0\ARM_GCC_541\Debug\psoc_4200_uplift.a(CURRENT_SENSE_1_INT.o)
 .debug_loc     0x00003626       0xa2 .\CortexM0\ARM_GCC_541\Debug\psoc_4200_uplift.a(CURRENT_SENSE_1.o)
 .debug_loc     0x000036c8       0xa2 .\CortexM0\ARM_GCC_541\Debug\psoc_4200_uplift.a(CURRENT_SENSE_2.o)
 .debug_loc     0x0000376a       0xa2 .\CortexM0\ARM_GCC_541\Debug\psoc_4200_uplift.a(CURRENT_SENSE_3.o)
 .debug_loc     0x0000380c       0xa2 .\CortexM0\ARM_GCC_541\Debug\psoc_4200_uplift.a(CURRENT_SENSE_4.o)
 .debug_loc     0x000038ae       0x26 .\CortexM0\ARM_GCC_541\Debug\psoc_4200_uplift.a(BUZZER_PWM_0.o)
 .debug_loc     0x000038d4       0x26 .\CortexM0\ARM_GCC_541\Debug\psoc_4200_uplift.a(PWM_FRONT_0.o)
 .debug_loc     0x000038fa       0x82 .\CortexM0\ARM_GCC_541\Debug\psoc_4200_uplift.a(LIMIT_SWITCH_1_INT.o)
 .debug_loc     0x0000397c       0x82 .\CortexM0\ARM_GCC_541\Debug\psoc_4200_uplift.a(LIMIT_SWITCH_2_INT.o)
 .debug_loc     0x000039fe       0x82 .\CortexM0\ARM_GCC_541\Debug\psoc_4200_uplift.a(LIMIT_SWITCH_3_INT.o)
 .debug_loc     0x00003a80       0x82 .\CortexM0\ARM_GCC_541\Debug\psoc_4200_uplift.a(LIMIT_SWITCH_4_INT.o)
 .debug_loc     0x00003b02       0x81 .\CortexM0\ARM_GCC_541\Debug\psoc_4200_uplift.a(DIR_FRONT.o)
 .debug_loc     0x00003b83       0xa2 .\CortexM0\ARM_GCC_541\Debug\psoc_4200_uplift.a(DIR_REAR.o)
 .debug_loc     0x00003c25      0x21f .\CortexM0\ARM_GCC_541\Debug\psoc_4200_uplift.a(CyFlash.o)
 .debug_loc     0x00003e44      0x10c .\CortexM0\ARM_GCC_541\Debug\psoc_4200_uplift.a(I2C_0_I2C_INT.o)

.debug_macinfo
 *(.debug_macinfo)

.debug_ranges   0x00000000      0xfa0
 *(.debug_ranges)
 .debug_ranges  0x00000000       0xc0 .\CortexM0\ARM_GCC_541\Debug\main.o
 .debug_ranges  0x000000c0       0x28 .\CortexM0\ARM_GCC_541\Debug\cyfitter_cfg.o
 .debug_ranges  0x000000e8       0x38 .\CortexM0\ARM_GCC_541\Debug\Cm0Start.o
 .debug_ranges  0x00000120      0x170 .\CortexM0\ARM_GCC_541\Debug\psoc_4200_uplift.a(CyLib.o)
 .debug_ranges  0x00000290      0x128 .\CortexM0\ARM_GCC_541\Debug\psoc_4200_uplift.a(CyLFClk.o)
 .debug_ranges  0x000003b8       0x38 .\CortexM0\ARM_GCC_541\Debug\psoc_4200_uplift.a(PWM_FRONT.o)
 .debug_ranges  0x000003f0       0x58 .\CortexM0\ARM_GCC_541\Debug\psoc_4200_uplift.a(I2C_0.o)
 .debug_ranges  0x00000448       0x20 .\CortexM0\ARM_GCC_541\Debug\psoc_4200_uplift.a(I2C_0_I2C.o)
 .debug_ranges  0x00000468       0x88 .\CortexM0\ARM_GCC_541\Debug\psoc_4200_uplift.a(I2C_0_I2C_MASTER.o)
 .debug_ranges  0x000004f0       0x38 .\CortexM0\ARM_GCC_541\Debug\psoc_4200_uplift.a(DIR_FRONT_RIGHT.o)
 .debug_ranges  0x00000528       0x38 .\CortexM0\ARM_GCC_541\Debug\psoc_4200_uplift.a(LED_2.o)
 .debug_ranges  0x00000560       0x38 .\CortexM0\ARM_GCC_541\Debug\psoc_4200_uplift.a(BUTTON_TILT_EN.o)
 .debug_ranges  0x00000598       0x38 .\CortexM0\ARM_GCC_541\Debug\psoc_4200_uplift.a(BUTTON_MOTOR_EN.o)
 .debug_ranges  0x000005d0       0x38 .\CortexM0\ARM_GCC_541\Debug\psoc_4200_uplift.a(BUTTON_DIR_UP.o)
 .debug_ranges  0x00000608       0x38 .\CortexM0\ARM_GCC_541\Debug\psoc_4200_uplift.a(BUTTON_DIR_DOWN.o)
 .debug_ranges  0x00000640       0x38 .\CortexM0\ARM_GCC_541\Debug\psoc_4200_uplift.a(I2C_0_sda.o)
 .debug_ranges  0x00000678       0x38 .\CortexM0\ARM_GCC_541\Debug\psoc_4200_uplift.a(I2C_0_scl.o)
 .debug_ranges  0x000006b0       0x90 .\CortexM0\ARM_GCC_541\Debug\psoc_4200_uplift.a(Bootloader_0.o)
 .debug_ranges  0x00000740       0x38 .\CortexM0\ARM_GCC_541\Debug\psoc_4200_uplift.a(PWM_REAR.o)
 .debug_ranges  0x00000778       0x38 .\CortexM0\ARM_GCC_541\Debug\psoc_4200_uplift.a(DIR_REAR_RIGHT.o)
 .debug_ranges  0x000007b0       0x38 .\CortexM0\ARM_GCC_541\Debug\psoc_4200_uplift.a(ENABLE_FRONT_MOTORS.o)
 .debug_ranges  0x000007e8       0x38 .\CortexM0\ARM_GCC_541\Debug\psoc_4200_uplift.a(ENABLE_REAR_MOTORS.o)
 .debug_ranges  0x00000820       0x88 .\CortexM0\ARM_GCC_541\Debug\psoc_4200_uplift.a(PWM_REAR_0.o)
 .debug_ranges  0x000008a8       0x70 .\CortexM0\ARM_GCC_541\Debug\psoc_4200_uplift.a(CURRENT_SENSE_2_INT.o)
 .debug_ranges  0x00000918       0x70 .\CortexM0\ARM_GCC_541\Debug\psoc_4200_uplift.a(CURRENT_SENSE_4_INT.o)
 .debug_ranges  0x00000988       0x70 .\CortexM0\ARM_GCC_541\Debug\psoc_4200_uplift.a(CURRENT_SENSE_3_INT.o)
 .debug_ranges  0x000009f8       0x38 .\CortexM0\ARM_GCC_541\Debug\psoc_4200_uplift.a(LIMIT_SWITCH_1.o)
 .debug_ranges  0x00000a30       0x38 .\CortexM0\ARM_GCC_541\Debug\psoc_4200_uplift.a(LIMIT_SWITCH_4.o)
 .debug_ranges  0x00000a68       0x38 .\CortexM0\ARM_GCC_541\Debug\psoc_4200_uplift.a(LIMIT_SWITCH_3.o)
 .debug_ranges  0x00000aa0       0x38 .\CortexM0\ARM_GCC_541\Debug\psoc_4200_uplift.a(LIMIT_SWITCH_2.o)
 .debug_ranges  0x00000ad8       0x70 .\CortexM0\ARM_GCC_541\Debug\psoc_4200_uplift.a(CURRENT_SENSE_1_INT.o)
 .debug_ranges  0x00000b48       0x38 .\CortexM0\ARM_GCC_541\Debug\psoc_4200_uplift.a(CURRENT_SENSE_1.o)
 .debug_ranges  0x00000b80       0x38 .\CortexM0\ARM_GCC_541\Debug\psoc_4200_uplift.a(CURRENT_SENSE_2.o)
 .debug_ranges  0x00000bb8       0x38 .\CortexM0\ARM_GCC_541\Debug\psoc_4200_uplift.a(CURRENT_SENSE_3.o)
 .debug_ranges  0x00000bf0       0x38 .\CortexM0\ARM_GCC_541\Debug\psoc_4200_uplift.a(CURRENT_SENSE_4.o)
 .debug_ranges  0x00000c28       0x88 .\CortexM0\ARM_GCC_541\Debug\psoc_4200_uplift.a(BUZZER_PWM_0.o)
 .debug_ranges  0x00000cb0       0x88 .\CortexM0\ARM_GCC_541\Debug\psoc_4200_uplift.a(PWM_FRONT_0.o)
 .debug_ranges  0x00000d38       0x70 .\CortexM0\ARM_GCC_541\Debug\psoc_4200_uplift.a(LIMIT_SWITCH_1_INT.o)
 .debug_ranges  0x00000da8       0x70 .\CortexM0\ARM_GCC_541\Debug\psoc_4200_uplift.a(LIMIT_SWITCH_2_INT.o)
 .debug_ranges  0x00000e18       0x70 .\CortexM0\ARM_GCC_541\Debug\psoc_4200_uplift.a(LIMIT_SWITCH_3_INT.o)
 .debug_ranges  0x00000e88       0x70 .\CortexM0\ARM_GCC_541\Debug\psoc_4200_uplift.a(LIMIT_SWITCH_4_INT.o)
 .debug_ranges  0x00000ef8       0x38 .\CortexM0\ARM_GCC_541\Debug\psoc_4200_uplift.a(DIR_FRONT.o)
 .debug_ranges  0x00000f30       0x38 .\CortexM0\ARM_GCC_541\Debug\psoc_4200_uplift.a(DIR_REAR.o)
 .debug_ranges  0x00000f68       0x28 .\CortexM0\ARM_GCC_541\Debug\psoc_4200_uplift.a(CyFlash.o)
 .debug_ranges  0x00000f90       0x10 .\CortexM0\ARM_GCC_541\Debug\psoc_4200_uplift.a(I2C_0_I2C_INT.o)

.comment        0x00000000       0x6e
 .comment       0x00000000       0x6e .\CortexM0\ARM_GCC_541\Debug\main.o
                                 0x6f (size before relaxing)
 .comment       0x0000006e       0x6f .\CortexM0\ARM_GCC_541\Debug\cyfitter_cfg.o
 .comment       0x0000006e       0x6f .\CortexM0\ARM_GCC_541\Debug\cymetadata.o
 .comment       0x0000006e       0x6f .\CortexM0\ARM_GCC_541\Debug\Cm0Start.o
 .comment       0x0000006e       0x6f .\CortexM0\ARM_GCC_541\Debug\psoc_4200_uplift.a(CyLib.o)
 .comment       0x0000006e       0x6f .\CortexM0\ARM_GCC_541\Debug\psoc_4200_uplift.a(CyLFClk.o)
 .comment       0x0000006e       0x6f .\CortexM0\ARM_GCC_541\Debug\psoc_4200_uplift.a(PWM_FRONT.o)
 .comment       0x0000006e       0x6f .\CortexM0\ARM_GCC_541\Debug\psoc_4200_uplift.a(I2C_0.o)
 .comment       0x0000006e       0x6f .\CortexM0\ARM_GCC_541\Debug\psoc_4200_uplift.a(I2C_0_I2C.o)
 .comment       0x0000006e       0x6f .\CortexM0\ARM_GCC_541\Debug\psoc_4200_uplift.a(I2C_0_I2C_MASTER.o)
 .comment       0x0000006e       0x6f .\CortexM0\ARM_GCC_541\Debug\psoc_4200_uplift.a(DIR_FRONT_RIGHT.o)
 .comment       0x0000006e       0x6f .\CortexM0\ARM_GCC_541\Debug\psoc_4200_uplift.a(LED_2.o)
 .comment       0x0000006e       0x6f .\CortexM0\ARM_GCC_541\Debug\psoc_4200_uplift.a(BUTTON_TILT_EN.o)
 .comment       0x0000006e       0x6f .\CortexM0\ARM_GCC_541\Debug\psoc_4200_uplift.a(BUTTON_MOTOR_EN.o)
 .comment       0x0000006e       0x6f .\CortexM0\ARM_GCC_541\Debug\psoc_4200_uplift.a(BUTTON_DIR_UP.o)
 .comment       0x0000006e       0x6f .\CortexM0\ARM_GCC_541\Debug\psoc_4200_uplift.a(BUTTON_DIR_DOWN.o)
 .comment       0x0000006e       0x6f .\CortexM0\ARM_GCC_541\Debug\psoc_4200_uplift.a(I2C_0_sda.o)
 .comment       0x0000006e       0x6f .\CortexM0\ARM_GCC_541\Debug\psoc_4200_uplift.a(I2C_0_scl.o)
 .comment       0x0000006e       0x6f .\CortexM0\ARM_GCC_541\Debug\psoc_4200_uplift.a(Bootloader_0.o)
 .comment       0x0000006e       0x6f .\CortexM0\ARM_GCC_541\Debug\psoc_4200_uplift.a(PWM_REAR.o)
 .comment       0x0000006e       0x6f .\CortexM0\ARM_GCC_541\Debug\psoc_4200_uplift.a(DIR_REAR_RIGHT.o)
 .comment       0x0000006e       0x6f .\CortexM0\ARM_GCC_541\Debug\psoc_4200_uplift.a(ENABLE_FRONT_MOTORS.o)
 .comment       0x0000006e       0x6f .\CortexM0\ARM_GCC_541\Debug\psoc_4200_uplift.a(ENABLE_REAR_MOTORS.o)
 .comment       0x0000006e       0x6f .\CortexM0\ARM_GCC_541\Debug\psoc_4200_uplift.a(PWM_REAR_0.o)
 .comment       0x0000006e       0x6f .\CortexM0\ARM_GCC_541\Debug\psoc_4200_uplift.a(CURRENT_SENSE_2_INT.o)