--------------- Build Started: 04/06/2025 20:38:11 Project: psoc_4200_uplift, Configuration: ARM GCC 5.4-2016-q2-update Debug ---------------
The code generation step is up to date.
arm-none-eabi-gcc.exe -mcpu=cortex-m0 -mthumb -I. -IGenerated_Source\PSoC4 -Wa,-alh=.\CortexM0\ARM_GCC_541\Debug/main.lst -g -D DEBUG -D CY_CORE_ID=0 -Wall -ffunction-sections -ffat-lto-objects -Og -c main.c -o .\CortexM0\ARM_GCC_541\Debug\main.o
main.c: In function 'i2c_read_transaction':
main.c:96:12: warning: unused variable 'errS' [-Wunused-variable]
     uint32 errS = I2C_0_I2CMasterReadBuf(slave_address, copy_to, size, I2C_0_I2C_MODE_REPEAT_START);
            ^
main.c: In function 'check_imu':
main.c:117:13: warning: unused variable 'usable_pitch_data' [-Wunused-variable]
     int16_t usable_pitch_data = (int16_t) ((pitch_imu_raw_data[1] << 8) | pitch_imu_raw_data[0]) / 16;
             ^
main.c:116:13: warning: unused variable 'usable_roll_data' [-Wunused-variable]
     int16_t usable_roll_data = (int16_t) ((roll_imu_raw_data[1] << 8) | roll_imu_raw_data[0]) / 16;
             ^
main.c: In function 'scan_i2c_bus':
main.c:347:13: warning: unused variable 'dummy' [-Wunused-variable]
     uint8_t dummy = 0;
             ^
main.c: In function 'main':
main.c:371:11: warning: unused variable 'current_state' [-Wunused-variable]
     State current_state = IDLE;
           ^
arm-none-eabi-ar.exe -rs .\CortexM0\ARM_GCC_541\Debug\psoc_4200_uplift.a .\CortexM0\ARM_GCC_541\Debug\CyFlash.o .\CortexM0\ARM_GCC_541\Debug\CyLib.o .\CortexM0\ARM_GCC_541\Debug\cyPm.o .\CortexM0\ARM_GCC_541\Debug\cyutils.o .\CortexM0\ARM_GCC_541\Debug\CyLFClk.o .\CortexM0\ARM_GCC_541\Debug\cy_em_eeprom.o .\CortexM0\ARM_GCC_541\Debug\PWM_FRONT.o .\CortexM0\ARM_GCC_541\Debug\PWM_FRONT_PM.o .\CortexM0\ARM_GCC_541\Debug\I2C_0.o .\CortexM0\ARM_GCC_541\Debug\I2C_0_I2C_INT.o .\CortexM0\ARM_GCC_541\Debug\I2C_0_I2C.o .\CortexM0\ARM_GCC_541\Debug\I2C_0_I2C_BOOT.o .\CortexM0\ARM_GCC_541\Debug\I2C_0_I2C_MASTER.o .\CortexM0\ARM_GCC_541\Debug\I2C_0_PM.o .\CortexM0\ARM_GCC_541\Debug\I2C_0_BOOT.o .\CortexM0\ARM_GCC_541\Debug\Clock_1.o .\CortexM0\ARM_GCC_541\Debug\DIR_FRONT_LEFT.o .\CortexM0\ARM_GCC_541\Debug\DIR_FRONT_LEFT_PM.o .\CortexM0\ARM_GCC_541\Debug\DIR_FRONT_RIGHT.o .\CortexM0\ARM_GCC_541\Debug\DIR_FRONT_RIGHT_PM.o .\CortexM0\ARM_GCC_541\Debug\LED_1.o .\CortexM0\ARM_GCC_541\Debug\LED_1_PM.o .\CortexM0\ARM_GCC_541\Debug\LED_2.o .\CortexM0\ARM_GCC_541\Debug\LED_2_PM.o .\CortexM0\ARM_GCC_541\Debug\LED_3.o .\CortexM0\ARM_GCC_541\Debug\LED_3_PM.o .\CortexM0\ARM_GCC_541\Debug\BUTTON_TILT_EN.o .\CortexM0\ARM_GCC_541\Debug\BUTTON_TILT_EN_PM.o .\CortexM0\ARM_GCC_541\Debug\BUTTON_MOTOR_EN.o .\CortexM0\ARM_GCC_541\Debug\BUTTON_MOTOR_EN_PM.o .\CortexM0\ARM_GCC_541\Debug\BUTTON_DIR_UP.o .\CortexM0\ARM_GCC_541\Debug\BUTTON_DIR_UP_PM.o .\CortexM0\ARM_GCC_541\Debug\BUTTON_DIR_DOWN.o .\CortexM0\ARM_GCC_541\Debug\BUTTON_DIR_DOWN_PM.o .\CortexM0\ARM_GCC_541\Debug\I2C_0_SCBCLK.o .\CortexM0\ARM_GCC_541\Debug\I2C_0_sda.o .\CortexM0\ARM_GCC_541\Debug\I2C_0_sda_PM.o .\CortexM0\ARM_GCC_541\Debug\I2C_0_scl.o .\CortexM0\ARM_GCC_541\Debug\I2C_0_scl_PM.o .\CortexM0\ARM_GCC_541\Debug\I2C_0_SCB_IRQ.o .\CortexM0\ARM_GCC_541\Debug\Bootloader_0.o .\CortexM0\ARM_GCC_541\Debug\PWM_REAR.o .\CortexM0\ARM_GCC_541\Debug\PWM_REAR_PM.o .\CortexM0\ARM_GCC_541\Debug\DIR_REAR_LEFT.o .\CortexM0\ARM_GCC_541\Debug\DIR_REAR_LEFT_PM.o .\CortexM0\ARM_GCC_541\Debug\DIR_REAR_RIGHT.o .\CortexM0\ARM_GCC_541\Debug\DIR_REAR_RIGHT_PM.o .\CortexM0\ARM_GCC_541\Debug\ENABLE_FRONT_MOTORS.o .\CortexM0\ARM_GCC_541\Debug\ENABLE_FRONT_MOTORS_PM.o .\CortexM0\ARM_GCC_541\Debug\ENABLE_REAR_MOTORS.o .\CortexM0\ARM_GCC_541\Debug\ENABLE_REAR_MOTORS_PM.o .\CortexM0\ARM_GCC_541\Debug\PWM_REAR_0.o .\CortexM0\ARM_GCC_541\Debug\PWM_REAR_0_PM.o .\CortexM0\ARM_GCC_541\Debug\CURRENT_SENSE_EN.o .\CortexM0\ARM_GCC_541\Debug\CURRENT_SENSE_EN_PM.o .\CortexM0\ARM_GCC_541\Debug\LED_4.o .\CortexM0\ARM_GCC_541\Debug\LED_4_PM.o .\CortexM0\ARM_GCC_541\Debug\CURRENT_SENSE_2_INT.o .\CortexM0\ARM_GCC_541\Debug\CURRENT_SENSE_4_INT.o .\CortexM0\ARM_GCC_541\Debug\CURRENT_SENSE_3_INT.o .\CortexM0\ARM_GCC_541\Debug\IMU_RST.o .\CortexM0\ARM_GCC_541\Debug\IMU_RST_PM.o .\CortexM0\ARM_GCC_541\Debug\LIMIT_SWITCH_1.o .\CortexM0\ARM_GCC_541\Debug\LIMIT_SWITCH_1_PM.o .\CortexM0\ARM_GCC_541\Debug\BUZZER_EN.o .\CortexM0\ARM_GCC_541\Debug\BUZZER_EN_PM.o .\CortexM0\ARM_GCC_541\Debug\LIMIT_SWITCH_4.o .\CortexM0\ARM_GCC_541\Debug\LIMIT_SWITCH_4_PM.o .\CortexM0\ARM_GCC_541\Debug\LIMIT_SWITCH_3.o .\CortexM0\ARM_GCC_541\Debug\LIMIT_SWITCH_3_PM.o .\CortexM0\ARM_GCC_541\Debug\LIMIT_SWITCH_2.o .\CortexM0\ARM_GCC_541\Debug\LIMIT_SWITCH_2_PM.o .\CortexM0\ARM_GCC_541\Debug\CURRENT_SENSE_1_INT.o .\CortexM0\ARM_GCC_541\Debug\BUZZER_PWM.o .\CortexM0\ARM_GCC_541\Debug\BUZZER_PWM_PM.o .\CortexM0\ARM_GCC_541\Debug\GPIO_13.o .\CortexM0\ARM_GCC_541\Debug\GPIO_13_PM.o .\CortexM0\ARM_GCC_541\Debug\PSOC_ALERT.o .\CortexM0\ARM_GCC_541\Debug\PSOC_ALERT_PM.o .\CortexM0\ARM_GCC_541\Debug\GPIO_36.o .\CortexM0\ARM_GCC_541\Debug\GPIO_36_PM.o .\CortexM0\ARM_GCC_541\Debug\GPIO_30.o .\CortexM0\ARM_GCC_541\Debug\GPIO_30_PM.o .\CortexM0\ARM_GCC_541\Debug\CURRENT_SENSE_1.o .\CortexM0\ARM_GCC_541\Debug\CURRENT_SENSE_1_PM.o .\CortexM0\ARM_GCC_541\Debug\CURRENT_SENSE_2.o .\CortexM0\ARM_GCC_541\Debug\CURRENT_SENSE_2_PM.o .\CortexM0\ARM_GCC_541\Debug\CURRENT_SENSE_3.o .\CortexM0\ARM_GCC_541\Debug\CURRENT_SENSE_3_PM.o .\CortexM0\ARM_GCC_541\Debug\CURRENT_SENSE_4.o .\CortexM0\ARM_GCC_541\Debug\CURRENT_SENSE_4_PM.o .\CortexM0\ARM_GCC_541\Debug\BUZZER_PWM_0.o .\CortexM0\ARM_GCC_541\Debug\BUZZER_PWM_0_PM.o .\CortexM0\ARM_GCC_541\Debug\PWM_FRONT_0.o .\CortexM0\ARM_GCC_541\Debug\PWM_FRONT_0_PM.o .\CortexM0\ARM_GCC_541\Debug\CyBootAsmGnu.o
arm-none-eabi-ar.exe: creating .\CortexM0\ARM_GCC_541\Debug\psoc_4200_uplift.a
arm-none-eabi-gcc.exe -Wl,--start-group -o C:\Users\amant\Generate\Uplift-Solutions\uplift-fw-sp25\src\psoc_4200_uplift.cydsn\CortexM0\ARM_GCC_541\Debug\psoc_4200_uplift.elf .\CortexM0\ARM_GCC_541\Debug\main.o .\CortexM0\ARM_GCC_541\Debug\cyfitter_cfg.o .\CortexM0\ARM_GCC_541\Debug\cymetadata.o .\CortexM0\ARM_GCC_541\Debug\Cm0Start.o .\CortexM0\ARM_GCC_541\Debug\psoc_4200_uplift.a -mcpu=cortex-m0 -mthumb -L Generated_Source\PSoC4 -Wl,-Map,.\CortexM0\ARM_GCC_541\Debug/psoc_4200_uplift.map -T Generated_Source\PSoC4\cm0gcc.ld -specs=nano.specs -Wl,--gc-sections -g -ffunction-sections -Og -ffat-lto-objects -Wl,--end-group
cyelftool.exe -P C:\Users\amant\Generate\Uplift-Solutions\uplift-fw-sp25\src\psoc_4200_uplift.cydsn\CortexM0\ARM_GCC_541\Debug\psoc_4200_uplift.elf --flash_row_size 128 --flash_size 32768 --flash_offset 0x00000000 --size_var_name Bootloader_0_SizeBytes --checksum_var_name Bootloader_0_Checksum --ignore 0xC0
No ELF section .cychecksum found, creating one
Application checksum calculated and stored in ELF section .cychecksum
Checksum calculated and stored in ELF section .cymeta
cyelftool.exe -S C:\Users\amant\Generate\Uplift-Solutions\uplift-fw-sp25\src\psoc_4200_uplift.cydsn\CortexM0\ARM_GCC_541\Debug\psoc_4200_uplift.elf
Flash used: 5357 of 32768 bytes (16.3%). Application: 5101 bytes. Metadata: 256 bytes.
SRAM used: 1588 of 4096 bytes (38.8%). Stack: 1024 bytes. Heap: 128 bytes.
--------------- Build Succeeded: 04/06/2025 20:38:12 ---------------
