--------------- Clean Started: 04/10/2025 23:03:07 Project: psoc_4200_uplift, Configuration: ARM GCC 5.4-2016-q2-update Debug ---------------
Deleting file ".\CortexM0\ARM_GCC_541\Debug\main.o"
Deleting file ".\CortexM0\ARM_GCC_541\Debug\cyfitter_cfg.o"
Deleting file ".\CortexM0\ARM_GCC_541\Debug\cymetadata.o"
Deleting file ".\CortexM0\ARM_GCC_541\Debug\Cm0Start.o"
Deleting file ".\CortexM0\ARM_GCC_541\Debug\CyFlash.o"
Deleting file ".\CortexM0\ARM_GCC_541\Debug\CyLib.o"
Deleting file ".\CortexM0\ARM_GCC_541\Debug\cyPm.o"
Deleting file ".\CortexM0\ARM_GCC_541\Debug\cyutils.o"
Deleting file ".\CortexM0\ARM_GCC_541\Debug\CyBootAsmGnu.o"
Deleting file ".\CortexM0\ARM_GCC_541\Debug\CyLFClk.o"
Deleting file ".\CortexM0\ARM_GCC_541\Debug\cy_em_eeprom.o"
Deleting file ".\CortexM0\ARM_GCC_541\Debug\PWM_FRONT.o"
Deleting file ".\CortexM0\ARM_GCC_541\Debug\PWM_FRONT_PM.o"
Deleting file ".\CortexM0\ARM_GCC_541\Debug\I2C_0.o"
Deleting file ".\CortexM0\ARM_GCC_541\Debug\I2C_0_I2C_INT.o"
Deleting file ".\CortexM0\ARM_GCC_541\Debug\I2C_0_I2C.o"
Deleting file ".\CortexM0\ARM_GCC_541\Debug\I2C_0_I2C_BOOT.o"
Deleting file ".\CortexM0\ARM_GCC_541\Debug\I2C_0_I2C_MASTER.o"
Deleting file ".\CortexM0\ARM_GCC_541\Debug\I2C_0_PM.o"
Deleting file ".\CortexM0\ARM_GCC_541\Debug\I2C_0_BOOT.o"
Deleting file ".\CortexM0\ARM_GCC_541\Debug\Clock_1.o"
Deleting file ".\CortexM0\ARM_GCC_541\Debug\DIR_FRONT_LEFT.o"
Deleting file ".\CortexM0\ARM_GCC_541\Debug\DIR_FRONT_LEFT_PM.o"
Deleting file ".\CortexM0\ARM_GCC_541\Debug\DIR_FRONT_RIGHT.o"
Deleting file ".\CortexM0\ARM_GCC_541\Debug\DIR_FRONT_RIGHT_PM.o"
Deleting file ".\CortexM0\ARM_GCC_541\Debug\LED_1.o"
Deleting file ".\CortexM0\ARM_GCC_541\Debug\LED_1_PM.o"
Deleting file ".\CortexM0\ARM_GCC_541\Debug\LED_2.o"
Deleting file ".\CortexM0\ARM_GCC_541\Debug\LED_2_PM.o"
Deleting file ".\CortexM0\ARM_GCC_541\Debug\LED_3.o"
Deleting file ".\CortexM0\ARM_GCC_541\Debug\LED_3_PM.o"
Deleting file ".\CortexM0\ARM_GCC_541\Debug\BUTTON_TILT_EN.o"
Deleting file ".\CortexM0\ARM_GCC_541\Debug\BUTTON_TILT_EN_PM.o"
Deleting file ".\CortexM0\ARM_GCC_541\Debug\BUTTON_MOTOR_EN.o"
Deleting file ".\CortexM0\ARM_GCC_541\Debug\BUTTON_MOTOR_EN_PM.o"
Deleting file ".\CortexM0\ARM_GCC_541\Debug\BUTTON_DIR_UP.o"
Deleting file ".\CortexM0\ARM_GCC_541\Debug\BUTTON_DIR_UP_PM.o"
Deleting file ".\CortexM0\ARM_GCC_541\Debug\BUTTON_DIR_DOWN.o"
Deleting file ".\CortexM0\ARM_GCC_541\Debug\BUTTON_DIR_DOWN_PM.o"
Deleting file ".\CortexM0\ARM_GCC_541\Debug\I2C_0_SCBCLK.o"
Deleting file ".\CortexM0\ARM_GCC_541\Debug\I2C_0_sda.o"
Deleting file ".\CortexM0\ARM_GCC_541\Debug\I2C_0_sda_PM.o"
Deleting file ".\CortexM0\ARM_GCC_541\Debug\I2C_0_scl.o"
Deleting file ".\CortexM0\ARM_GCC_541\Debug\I2C_0_scl_PM.o"
Deleting file ".\CortexM0\ARM_GCC_541\Debug\I2C_0_SCB_IRQ.o"
Deleting file ".\CortexM0\ARM_GCC_541\Debug\Bootloader_0.o"
Deleting file ".\CortexM0\ARM_GCC_541\Debug\PWM_REAR.o"
Deleting file ".\CortexM0\ARM_GCC_541\Debug\PWM_REAR_PM.o"
Deleting file ".\CortexM0\ARM_GCC_541\Debug\DIR_REAR_LEFT.o"
Deleting file ".\CortexM0\ARM_GCC_541\Debug\DIR_REAR_LEFT_PM.o"
Deleting file ".\CortexM0\ARM_GCC_541\Debug\DIR_REAR_RIGHT.o"
Deleting file ".\CortexM0\ARM_GCC_541\Debug\DIR_REAR_RIGHT_PM.o"
Deleting file ".\CortexM0\ARM_GCC_541\Debug\ENABLE_FRONT_MOTORS.o"
Deleting file ".\CortexM0\ARM_GCC_541\Debug\ENABLE_FRONT_MOTORS_PM.o"
Deleting file ".\CortexM0\ARM_GCC_541\Debug\ENABLE_REAR_MOTORS.o"
Deleting file ".\CortexM0\ARM_GCC_541\Debug\ENABLE_REAR_MOTORS_PM.o"
Deleting file ".\CortexM0\ARM_GCC_541\Debug\PWM_REAR_0.o"
Deleting file ".\CortexM0\ARM_GCC_541\Debug\PWM_REAR_0_PM.o"
Deleting file ".\CortexM0\ARM_GCC_541\Debug\CURRENT_SENSE_EN.o"
Deleting file ".\CortexM0\ARM_GCC_541\Debug\CURRENT_SENSE_EN_PM.o"
Deleting file ".\CortexM0\ARM_GCC_541\Debug\LED_4.o"
Deleting file ".\CortexM0\ARM_GCC_541\Debug\LED_4_PM.o"
Deleting file ".\CortexM0\ARM_GCC_541\Debug\CURRENT_SENSE_2_INT.o"
Deleting file ".\CortexM0\ARM_GCC_541\Debug\CURRENT_SENSE_4_INT.o"
Deleting file ".\CortexM0\ARM_GCC_541\Debug\CURRENT_SENSE_3_INT.o"
Deleting file ".\CortexM0\ARM_GCC_541\Debug\IMU_RST.o"
Deleting file ".\CortexM0\ARM_GCC_541\Debug\IMU_RST_PM.o"
Deleting file ".\CortexM0\ARM_GCC_541\Debug\LIMIT_SWITCH_1.o"
Deleting file ".\CortexM0\ARM_GCC_541\Debug\LIMIT_SWITCH_1_PM.o"
Deleting file ".\CortexM0\ARM_GCC_541\Debug\BUZZER_EN.o"
Deleting file ".\CortexM0\ARM_GCC_541\Debug\BUZZER_EN_PM.o"
Deleting file ".\CortexM0\ARM_GCC_541\Debug\LIMIT_SWITCH_4.o"
Deleting file ".\CortexM0\ARM_GCC_541\Debug\LIMIT_SWITCH_4_PM.o"
Deleting file ".\CortexM0\ARM_GCC_541\Debug\LIMIT_SWITCH_3.o"
Deleting file ".\CortexM0\ARM_GCC_541\Debug\LIMIT_SWITCH_3_PM.o"
Deleting file ".\CortexM0\ARM_GCC_541\Debug\LIMIT_SWITCH_2.o"
Deleting file ".\CortexM0\ARM_GCC_541\Debug\LIMIT_SWITCH_2_PM.o"
Deleting file ".\CortexM0\ARM_GCC_541\Debug\CURRENT_SENSE_1_INT.o"
Deleting file ".\CortexM0\ARM_GCC_541\Debug\BUZZER_PWM.o"
Deleting file ".\CortexM0\ARM_GCC_541\Debug\BUZZER_PWM_PM.o"
Deleting file ".\CortexM0\ARM_GCC_541\Debug\GPIO_13.o"
Deleting file ".\CortexM0\ARM_GCC_541\Debug\GPIO_13_PM.o"
Deleting file ".\CortexM0\ARM_GCC_541\Debug\PSOC_ALERT.o"
Deleting file ".\CortexM0\ARM_GCC_541\Debug\PSOC_ALERT_PM.o"
Deleting file ".\CortexM0\ARM_GCC_541\Debug\GPIO_36.o"
Deleting file ".\CortexM0\ARM_GCC_541\Debug\GPIO_36_PM.o"
Deleting file ".\CortexM0\ARM_GCC_541\Debug\GPIO_30.o"
Deleting file ".\CortexM0\ARM_GCC_541\Debug\GPIO_30_PM.o"
Deleting file ".\CortexM0\ARM_GCC_541\Debug\CURRENT_SENSE_1.o"
Deleting file ".\CortexM0\ARM_GCC_541\Debug\CURRENT_SENSE_1_PM.o"
Deleting file ".\CortexM0\ARM_GCC_541\Debug\CURRENT_SENSE_2.o"
Deleting file ".\CortexM0\ARM_GCC_541\Debug\CURRENT_SENSE_2_PM.o"
Deleting file ".\CortexM0\ARM_GCC_541\Debug\CURRENT_SENSE_3.o"
Deleting file ".\CortexM0\ARM_GCC_541\Debug\CURRENT_SENSE_3_PM.o"
Deleting file ".\CortexM0\ARM_GCC_541\Debug\CURRENT_SENSE_4.o"
Deleting file ".\CortexM0\ARM_GCC_541\Debug\CURRENT_SENSE_4_PM.o"
Deleting file ".\CortexM0\ARM_GCC_541\Debug\BUZZER_PWM_0.o"
Deleting file ".\CortexM0\ARM_GCC_541\Debug\BUZZER_PWM_0_PM.o"
Deleting file ".\CortexM0\ARM_GCC_541\Debug\PWM_FRONT_0.o"
Deleting file ".\CortexM0\ARM_GCC_541\Debug\PWM_FRONT_0_PM.o"
Deleting file ".\CortexM0\ARM_GCC_541\Debug\LIMIT_SWITCH_1_INT.o"
Deleting file ".\CortexM0\ARM_GCC_541\Debug\LIMIT_SWITCH_2_INT.o"
Deleting file ".\CortexM0\ARM_GCC_541\Debug\LIMIT_SWITCH_3_INT.o"
Deleting file ".\CortexM0\ARM_GCC_541\Debug\LIMIT_SWITCH_4_INT.o"
Deleting file ".\CortexM0\ARM_GCC_541\Debug\psoc_4200_uplift.hex"
Deleting file ".\CortexM0\ARM_GCC_541\Debug\psoc_4200_uplift.elf"
Deleting file ".\CortexM0\ARM_GCC_541\Debug\psoc_4200_uplift.map"
Deleting file ".\psoc_4200_uplift.rpt"
Deleting file ".\psoc_4200_uplift_timing.html"
Deleting file ".\CortexM0\ARM_GCC_541\Debug\.deps\SOURCE_C__ARM_GCC_GENERIC.P"
Deleting file ".\CortexM0\ARM_GCC_541\Debug\.deps\SOURCE_ASM__ARM_GCC_GENERIC.P"
--------------- Clean Succeeded: 04/10/2025 23:03:07 ---------------
