--------------- Rebuild Started: 04/03/2025 19:25:51 Project: psoc_4200_uplift, Configuration: ARM GCC 5.4-2016-q2-update Debug ---------------
Deleting file ".\CortexM0\ARM_GCC_541\Debug\main.o"
Deleting file ".\CortexM0\ARM_GCC_541\Debug\cyfitter_cfg.o"
Deleting file ".\CortexM0\ARM_GCC_541\Debug\cymetadata.o"
Deleting file ".\CortexM0\ARM_GCC_541\Debug\Cm0Start.o"
Deleting file ".\CortexM0\ARM_GCC_541\Debug\CyFlash.o"
Deleting file ".\CortexM0\ARM_GCC_541\Debug\CyLib.o"
Deleting file ".\CortexM0\ARM_GCC_541\Debug\cyPm.o"
Deleting file ".\CortexM0\ARM_GCC_541\Debug\cyutils.o"
Deleting file ".\CortexM0\ARM_GCC_541\Debug\CyBootAsmGnu.o"
Deleting file ".\CortexM0\ARM_GCC_541\Debug\CyLFClk.o"
Deleting file ".\CortexM0\ARM_GCC_541\Debug\cy_em_eeprom.o"
Deleting file ".\CortexM0\ARM_GCC_541\Debug\PWM_FRONT.o"
Deleting file ".\CortexM0\ARM_GCC_541\Debug\PWM_FRONT_PM.o"
Deleting file ".\CortexM0\ARM_GCC_541\Debug\I2C_0.o"
Deleting file ".\CortexM0\ARM_GCC_541\Debug\I2C_0_I2C_INT.o"
Deleting file ".\CortexM0\ARM_GCC_541\Debug\I2C_0_I2C.o"
Deleting file ".\CortexM0\ARM_GCC_541\Debug\I2C_0_I2C_BOOT.o"
Deleting file ".\CortexM0\ARM_GCC_541\Debug\I2C_0_I2C_MASTER.o"
Deleting file ".\CortexM0\ARM_GCC_541\Debug\I2C_0_PM.o"
Deleting file ".\CortexM0\ARM_GCC_541\Debug\I2C_0_BOOT.o"
Deleting file ".\CortexM0\ARM_GCC_541\Debug\Clock_1.o"
Deleting file ".\CortexM0\ARM_GCC_541\Debug\DIR_FRONT_LEFT.o"
Deleting file ".\CortexM0\ARM_GCC_541\Debug\DIR_FRONT_LEFT_PM.o"
Deleting file ".\CortexM0\ARM_GCC_541\Debug\DIR_FRONT_RIGHT.o"
Deleting file ".\CortexM0\ARM_GCC_541\Debug\DIR_FRONT_RIGHT_PM.o"
Deleting file ".\CortexM0\ARM_GCC_541\Debug\LED_1.o"
Deleting file ".\CortexM0\ARM_GCC_541\Debug\LED_1_PM.o"
Deleting file ".\CortexM0\ARM_GCC_541\Debug\LED_2.o"
Deleting file ".\CortexM0\ARM_GCC_541\Debug\LED_2_PM.o"
Deleting file ".\CortexM0\ARM_GCC_541\Debug\LED_3.o"
Deleting file ".\CortexM0\ARM_GCC_541\Debug\LED_3_PM.o"
Deleting file ".\CortexM0\ARM_GCC_541\Debug\BUTTON_TILT_EN.o"
Deleting file ".\CortexM0\ARM_GCC_541\Debug\BUTTON_TILT_EN_PM.o"
Deleting file ".\CortexM0\ARM_GCC_541\Debug\BUTTON_MOTOR_EN.o"
Deleting file ".\CortexM0\ARM_GCC_541\Debug\BUTTON_MOTOR_EN_PM.o"
Deleting file ".\CortexM0\ARM_GCC_541\Debug\BUTTON_DIR_UP.o"
Deleting file ".\CortexM0\ARM_GCC_541\Debug\BUTTON_DIR_UP_PM.o"
Deleting file ".\CortexM0\ARM_GCC_541\Debug\BUTTON_DIR_DOWN.o"
Deleting file ".\CortexM0\ARM_GCC_541\Debug\BUTTON_DIR_DOWN_PM.o"
Deleting file ".\CortexM0\ARM_GCC_541\Debug\I2C_0_SCBCLK.o"
Deleting file ".\CortexM0\ARM_GCC_541\Debug\I2C_0_sda.o"
Deleting file ".\CortexM0\ARM_GCC_541\Debug\I2C_0_sda_PM.o"
Deleting file ".\CortexM0\ARM_GCC_541\Debug\I2C_0_scl.o"
Deleting file ".\CortexM0\ARM_GCC_541\Debug\I2C_0_scl_PM.o"
Deleting file ".\CortexM0\ARM_GCC_541\Debug\I2C_0_SCB_IRQ.o"
Deleting file ".\CortexM0\ARM_GCC_541\Debug\Bootloader_0.o"
Deleting file ".\CortexM0\ARM_GCC_541\Debug\PWM_REAR.o"
Deleting file ".\CortexM0\ARM_GCC_541\Debug\PWM_REAR_PM.o"
Deleting file ".\CortexM0\ARM_GCC_541\Debug\DIR_REAR_LEFT.o"
Deleting file ".\CortexM0\ARM_GCC_541\Debug\DIR_REAR_LEFT_PM.o"
Deleting file ".\CortexM0\ARM_GCC_541\Debug\DIR_REAR_RIGHT.o"
Deleting file ".\CortexM0\ARM_GCC_541\Debug\DIR_REAR_RIGHT_PM.o"
Deleting file ".\CortexM0\ARM_GCC_541\Debug\ENABLE_FRONT_MOTORS.o"
Deleting file ".\CortexM0\ARM_GCC_541\Debug\ENABLE_FRONT_MOTORS_PM.o"
Deleting file ".\CortexM0\ARM_GCC_541\Debug\ENABLE_REAR_MOTORS.o"
Deleting file ".\CortexM0\ARM_GCC_541\Debug\ENABLE_REAR_MOTORS_PM.o"
Deleting file ".\CortexM0\ARM_GCC_541\Debug\PWM_REAR_0.o"
Deleting file ".\CortexM0\ARM_GCC_541\Debug\PWM_REAR_0_PM.o"
Deleting file ".\CortexM0\ARM_GCC_541\Debug\CURRENT_SENSE_EN.o"
Deleting file ".\CortexM0\ARM_GCC_541\Debug\CURRENT_SENSE_EN_PM.o"
Deleting file ".\CortexM0\ARM_GCC_541\Debug\LED_4.o"
Deleting file ".\CortexM0\ARM_GCC_541\Debug\LED_4_PM.o"
Deleting file ".\CortexM0\ARM_GCC_541\Debug\CURRENT_SENSE_2_INT.o"
Deleting file ".\CortexM0\ARM_GCC_541\Debug\CURRENT_SENSE_4_INT.o"
Deleting file ".\CortexM0\ARM_GCC_541\Debug\CURRENT_SENSE_3_INT.o"
Deleting file ".\CortexM0\ARM_GCC_541\Debug\IMU_RST.o"
Deleting file ".\CortexM0\ARM_GCC_541\Debug\IMU_RST_PM.o"
Deleting file ".\CortexM0\ARM_GCC_541\Debug\LIMIT_SWITCH_1.o"
Deleting file ".\CortexM0\ARM_GCC_541\Debug\LIMIT_SWITCH_1_PM.o"
Deleting file ".\CortexM0\ARM_GCC_541\Debug\BUZZER_EN.o"
Deleting file ".\CortexM0\ARM_GCC_541\Debug\BUZZER_EN_PM.o"
Deleting file ".\CortexM0\ARM_GCC_541\Debug\LIMIT_SWITCH_4.o"
Deleting file ".\CortexM0\ARM_GCC_541\Debug\LIMIT_SWITCH_4_PM.o"
Deleting file ".\CortexM0\ARM_GCC_541\Debug\LIMIT_SWITCH_3.o"
Deleting file ".\CortexM0\ARM_GCC_541\Debug\LIMIT_SWITCH_3_PM.o"
Deleting file ".\CortexM0\ARM_GCC_541\Debug\LIMIT_SWITCH_2.o"
Deleting file ".\CortexM0\ARM_GCC_541\Debug\LIMIT_SWITCH_2_PM.o"
Deleting file ".\CortexM0\ARM_GCC_541\Debug\CURRENT_SENSE_1_INT.o"
Deleting file ".\CortexM0\ARM_GCC_541\Debug\BUZZER_PWM.o"
Deleting file ".\CortexM0\ARM_GCC_541\Debug\BUZZER_PWM_PM.o"
Deleting file ".\CortexM0\ARM_GCC_541\Debug\GPIO_13.o"
Deleting file ".\CortexM0\ARM_GCC_541\Debug\GPIO_13_PM.o"
Deleting file ".\CortexM0\ARM_GCC_541\Debug\PSOC_ALERT.o"
Deleting file ".\CortexM0\ARM_GCC_541\Debug\PSOC_ALERT_PM.o"
Deleting file ".\CortexM0\ARM_GCC_541\Debug\GPIO_36.o"
Deleting file ".\CortexM0\ARM_GCC_541\Debug\GPIO_36_PM.o"
Deleting file ".\CortexM0\ARM_GCC_541\Debug\GPIO_30.o"
Deleting file ".\CortexM0\ARM_GCC_541\Debug\GPIO_30_PM.o"
Deleting file ".\CortexM0\ARM_GCC_541\Debug\CURRENT_SENSE_1.o"
Deleting file ".\CortexM0\ARM_GCC_541\Debug\CURRENT_SENSE_1_PM.o"
Deleting file ".\CortexM0\ARM_GCC_541\Debug\CURRENT_SENSE_2.o"
Deleting file ".\CortexM0\ARM_GCC_541\Debug\CURRENT_SENSE_2_PM.o"
Deleting file ".\CortexM0\ARM_GCC_541\Debug\CURRENT_SENSE_3.o"
Deleting file ".\CortexM0\ARM_GCC_541\Debug\CURRENT_SENSE_3_PM.o"
Deleting file ".\CortexM0\ARM_GCC_541\Debug\CURRENT_SENSE_4.o"
Deleting file ".\CortexM0\ARM_GCC_541\Debug\CURRENT_SENSE_4_PM.o"
Deleting file ".\CortexM0\ARM_GCC_541\Debug\BUZZER_PWM_0.o"
Deleting file ".\CortexM0\ARM_GCC_541\Debug\BUZZER_PWM_0_PM.o"
Deleting file ".\CortexM0\ARM_GCC_541\Debug\PWM_FRONT_0.o"
Deleting file ".\CortexM0\ARM_GCC_541\Debug\PWM_FRONT_0_PM.o"
Deleting file ".\CortexM0\ARM_GCC_541\Debug\psoc_4200_uplift.hex"
Deleting file ".\CortexM0\ARM_GCC_541\Debug\psoc_4200_uplift.elf"
Deleting file ".\CortexM0\ARM_GCC_541\Debug\psoc_4200_uplift.map"
Deleting file ".\psoc_4200_uplift.cycdx"
Deleting file ".\psoc_4200_uplift.svd"
Deleting file ".\psoc_4200_uplift.rpt"
Deleting file ".\psoc_4200_uplift_timing.html"
Deleting file ".\CortexM0\ARM_GCC_541\Debug\.deps\SOURCE_C__ARM_GCC_GENERIC.P"
Deleting file ".\CortexM0\ARM_GCC_541\Debug\.deps\SOURCE_ASM__ARM_GCC_GENERIC.P"
cydsfit.exe -.appdatapath "C:\Users\amant\AppData\Local\Cypress Semiconductor\PSoC Creator\4.4" -.fdsnotice -.fdswarpdepfile=warp_dependencies.txt -.fdselabdepfile=elab_dependencies.txt -.fdsbldfile=generated_files.txt -.fdsreffile=referenced_files.txt -p C:\Users\amant\Generate\Uplift-Solutions\uplift-fw-sp25\src\psoc_4200_uplift.cydsn\psoc_4200_uplift.cyprj -d CY8C4245AXI-483 -s C:\Users\amant\Generate\Uplift-Solutions\uplift-fw-sp25\src\psoc_4200_uplift.cydsn\Generated_Source\PSoC4 -- -yv2 -q10 -ygs -o2 -v3 -.fftcfgtype=LE
Elaborating Design...
HDL Generation...
Synthesis...
Tech Mapping...
Analog Placement...
Analog Routing...
Analog Code Generation...
Digital Placement...
Digital Routing...
Bitstream Generation...
Bitstream Verification...
Static timing analysis...
API Generation...
Dependency Generation...
Cleanup...
arm-none-eabi-gcc.exe -mcpu=cortex-m0 -mthumb -I. -IGenerated_Source\PSoC4 -Wa,-alh=.\CortexM0\ARM_GCC_541\Debug/main.lst -g -D DEBUG -D CY_CORE_ID=0 -Wall -ffunction-sections -ffat-lto-objects -Og -c main.c -o .\CortexM0\ARM_GCC_541\Debug\main.o
main.c: In function 'i2c_read_transaction':
main.c:96:12: warning: unused variable 'errS' [-Wunused-variable]
     uint32 errS = I2C_0_I2CMasterReadBuf(slave_address, copy_to, size, I2C_0_I2C_MODE_REPEAT_START);
            ^
main.c: In function 'check_imu':
main.c:117:13: warning: unused variable 'usable_pitch_data' [-Wunused-variable]
     int16_t usable_pitch_data = (int16_t) ((pitch_imu_raw_data[1] << 8) | pitch_imu_raw_data[0]) / 16;
             ^
main.c:116:13: warning: unused variable 'usable_roll_data' [-Wunused-variable]
     int16_t usable_roll_data = (int16_t) ((roll_imu_raw_data[1] << 8) | roll_imu_raw_data[0]) / 16;
             ^
main.c: In function 'are_you_there_imu':
main.c:331:13: warning: unused variable 'heading' [-Wunused-variable]
     int16_t heading = (int16_t)((rdBuff[1] << 8) | rdBuff[0]) / 16;
             ^
arm-none-eabi-gcc.exe -mcpu=cortex-m0 -mthumb -I. -IGenerated_Source\PSoC4 -Wa,-alh=.\CortexM0\ARM_GCC_541\Debug/cyfitter_cfg.lst -g -D DEBUG -D CY_CORE_ID=0 -Wall -ffunction-sections -ffat-lto-objects -Og -c Generated_Source\PSoC4\cyfitter_cfg.c -o .\CortexM0\ARM_GCC_541\Debug\cyfitter_cfg.o
arm-none-eabi-gcc.exe -mcpu=cortex-m0 -mthumb -I. -IGenerated_Source\PSoC4 -Wa,-alh=.\CortexM0\ARM_GCC_541\Debug/cymetadata.lst -g -D DEBUG -D CY_CORE_ID=0 -Wall -ffunction-sections -ffat-lto-objects -Og -c Generated_Source\PSoC4\cymetadata.c -o .\CortexM0\ARM_GCC_541\Debug\cymetadata.o
arm-none-eabi-gcc.exe -mcpu=cortex-m0 -mthumb -I. -IGenerated_Source\PSoC4 -Wa,-alh=.\CortexM0\ARM_GCC_541\Debug/Cm0Start.lst -g -D DEBUG -D CY_CORE_ID=0 -Wall -ffunction-sections -ffat-lto-objects -Og -c Generated_Source\PSoC4\Cm0Start.c -o .\CortexM0\ARM_GCC_541\Debug\Cm0Start.o
arm-none-eabi-gcc.exe -mcpu=cortex-m0 -mthumb -I. -IGenerated_Source\PSoC4 -Wa,-alh=.\CortexM0\ARM_GCC_541\Debug/CyFlash.lst -g -D DEBUG -D CY_CORE_ID=0 -Wall -ffunction-sections -ffat-lto-objects -Og -c Generated_Source\PSoC4\CyFlash.c -o .\CortexM0\ARM_GCC_541\Debug\CyFlash.o
arm-none-eabi-gcc.exe -mcpu=cortex-m0 -mthumb -I. -IGenerated_Source\PSoC4 -Wa,-alh=.\CortexM0\ARM_GCC_541\Debug/CyLib.lst -g -D DEBUG -D CY_CORE_ID=0 -Wall -ffunction-sections -ffat-lto-objects -Og -c Generated_Source\PSoC4\CyLib.c -o .\CortexM0\ARM_GCC_541\Debug\CyLib.o
arm-none-eabi-gcc.exe -mcpu=cortex-m0 -mthumb -I. -IGenerated_Source\PSoC4 -Wa,-alh=.\CortexM0\ARM_GCC_541\Debug/cyPm.lst -g -D DEBUG -D CY_CORE_ID=0 -Wall -ffunction-sections -ffat-lto-objects -Og -c Generated_Source\PSoC4\cyPm.c -o .\CortexM0\ARM_GCC_541\Debug\cyPm.o
arm-none-eabi-gcc.exe -mcpu=cortex-m0 -mthumb -I. -IGenerated_Source\PSoC4 -Wa,-alh=.\CortexM0\ARM_GCC_541\Debug/cyutils.lst -g -D DEBUG -D CY_CORE_ID=0 -Wall -ffunction-sections -ffat-lto-objects -Og -c Generated_Source\PSoC4\cyutils.c -o .\CortexM0\ARM_GCC_541\Debug\cyutils.o
arm-none-eabi-gcc.exe -mcpu=cortex-m0 -mthumb -I. -IGenerated_Source\PSoC4 -Wa,-alh=.\CortexM0\ARM_GCC_541\Debug/CyLFClk.lst -g -D DEBUG -D CY_CORE_ID=0 -Wall -ffunction-sections -ffat-lto-objects -Og -c Generated_Source\PSoC4\CyLFClk.c -o .\CortexM0\ARM_GCC_541\Debug\CyLFClk.o
arm-none-eabi-gcc.exe -mcpu=cortex-m0 -mthumb -I. -IGenerated_Source\PSoC4 -Wa,-alh=.\CortexM0\ARM_GCC_541\Debug/cy_em_eeprom.lst -g -D DEBUG -D CY_CORE_ID=0 -Wall -ffunction-sections -ffat-lto-objects -Og -c Generated_Source\PSoC4\cy_em_eeprom.c -o .\CortexM0\ARM_GCC_541\Debug\cy_em_eeprom.o
arm-none-eabi-gcc.exe -mcpu=cortex-m0 -mthumb -I. -IGenerated_Source\PSoC4 -Wa,-alh=.\CortexM0\ARM_GCC_541\Debug/PWM_FRONT.lst -g -D DEBUG -D CY_CORE_ID=0 -Wall -ffunction-sections -ffat-lto-objects -Og -c Generated_Source\PSoC4\PWM_FRONT.c -o .\CortexM0\ARM_GCC_541\Debug\PWM_FRONT.o
arm-none-eabi-gcc.exe -mcpu=cortex-m0 -mthumb -I. -IGenerated_Source\PSoC4 -Wa,-alh=.\CortexM0\ARM_GCC_541\Debug/PWM_FRONT_PM.lst -g -D DEBUG -D CY_CORE_ID=0 -Wall -ffunction-sections -ffat-lto-objects -Og -c Generated_Source\PSoC4\PWM_FRONT_PM.c -o .\CortexM0\ARM_GCC_541\Debug\PWM_FRONT_PM.o
arm-none-eabi-gcc.exe -mcpu=cortex-m0 -mthumb -I. -IGenerated_Source\PSoC4 -Wa,-alh=.\CortexM0\ARM_GCC_541\Debug/I2C_0.lst -g -D DEBUG -D CY_CORE_ID=0 -Wall -ffunction-sections -ffat-lto-objects -Og -c Generated_Source\PSoC4\I2C_0.c -o .\CortexM0\ARM_GCC_541\Debug\I2C_0.o
arm-none-eabi-gcc.exe -mcpu=cortex-m0 -mthumb -I. -IGenerated_Source\PSoC4 -Wa,-alh=.\CortexM0\ARM_GCC_541\Debug/I2C_0_I2C_INT.lst -g -D DEBUG -D CY_CORE_ID=0 -Wall -ffunction-sections -ffat-lto-objects -Og -c Generated_Source\PSoC4\I2C_0_I2C_INT.c -o .\CortexM0\ARM_GCC_541\Debug\I2C_0_I2C_INT.o
arm-none-eabi-gcc.exe -mcpu=cortex-m0 -mthumb -I. -IGenerated_Source\PSoC4 -Wa,-alh=.\CortexM0\ARM_GCC_541\Debug/I2C_0_I2C.lst -g -D DEBUG -D CY_CORE_ID=0 -Wall -ffunction-sections -ffat-lto-objects -Og -c Generated_Source\PSoC4\I2C_0_I2C.c -o .\CortexM0\ARM_GCC_541\Debug\I2C_0_I2C.o
arm-none-eabi-gcc.exe -mcpu=cortex-m0 -mthumb -I. -IGenerated_Source\PSoC4 -Wa,-alh=.\CortexM0\ARM_GCC_541\Debug/I2C_0_I2C_BOOT.lst -g -D DEBUG -D CY_CORE_ID=0 -Wall -ffunction-sections -ffat-lto-objects -Og -c Generated_Source\PSoC4\I2C_0_I2C_BOOT.c -o .\CortexM0\ARM_GCC_541\Debug\I2C_0_I2C_BOOT.o
arm-none-eabi-gcc.exe -mcpu=cortex-m0 -mthumb -I. -IGenerated_Source\PSoC4 -Wa,-alh=.\CortexM0\ARM_GCC_541\Debug/I2C_0_I2C_MASTER.lst -g -D DEBUG -D CY_CORE_ID=0 -Wall -ffunction-sections -ffat-lto-objects -Og -c Generated_Source\PSoC4\I2C_0_I2C_MASTER.c -o .\CortexM0\ARM_GCC_541\Debug\I2C_0_I2C_MASTER.o
arm-none-eabi-gcc.exe -mcpu=cortex-m0 -mthumb -I. -IGenerated_Source\PSoC4 -Wa,-alh=.\CortexM0\ARM_GCC_541\Debug/I2C_0_PM.lst -g -D DEBUG -D CY_CORE_ID=0 -Wall -ffunction-sections -ffat-lto-objects -Og -c Generated_Source\PSoC4\I2C_0_PM.c -o .\CortexM0\ARM_GCC_541\Debug\I2C_0_PM.o
arm-none-eabi-gcc.exe -mcpu=cortex-m0 -mthumb -I. -IGenerated_Source\PSoC4 -Wa,-alh=.\CortexM0\ARM_GCC_541\Debug/I2C_0_BOOT.lst -g -D DEBUG -D CY_CORE_ID=0 -Wall -ffunction-sections -ffat-lto-objects -Og -c Generated_Source\PSoC4\I2C_0_BOOT.c -o .\CortexM0\ARM_GCC_541\Debug\I2C_0_BOOT.o
arm-none-eabi-gcc.exe -mcpu=cortex-m0 -mthumb -I. -IGenerated_Source\PSoC4 -Wa,-alh=.\CortexM0\ARM_GCC_541\Debug/Clock_1.lst -g -D DEBUG -D CY_CORE_ID=0 -Wall -ffunction-sections -ffat-lto-objects -Og -c Generated_Source\PSoC4\Clock_1.c -o .\CortexM0\ARM_GCC_541\Debug\Clock_1.o
arm-none-eabi-gcc.exe -mcpu=cortex-m0 -mthumb -I. -IGenerated_Source\PSoC4 -Wa,-alh=.\CortexM0\ARM_GCC_541\Debug/DIR_FRONT_LEFT.lst -g -D DEBUG -D CY_CORE_ID=0 -Wall -ffunction-sections -ffat-lto-objects -Og -c Generated_Source\PSoC4\DIR_FRONT_LEFT.c -o .\CortexM0\ARM_GCC_541\Debug\DIR_FRONT_LEFT.o
arm-none-eabi-gcc.exe -mcpu=cortex-m0 -mthumb -I. -IGenerated_Source\PSoC4 -Wa,-alh=.\CortexM0\ARM_GCC_541\Debug/DIR_FRONT_LEFT_PM.lst -g -D DEBUG -D CY_CORE_ID=0 -Wall -ffunction-sections -ffat-lto-objects -Og -c Generated_Source\PSoC4\DIR_FRONT_LEFT_PM.c -o .\CortexM0\ARM_GCC_541\Debug\DIR_FRONT_LEFT_PM.o
arm-none-eabi-gcc.exe -mcpu=cortex-m0 -mthumb -I. -IGenerated_Source\PSoC4 -Wa,-alh=.\CortexM0\ARM_GCC_541\Debug/DIR_FRONT_RIGHT.lst -g -D DEBUG -D CY_CORE_ID=0 -Wall -ffunction-sections -ffat-lto-objects -Og -c Generated_Source\PSoC4\DIR_FRONT_RIGHT.c -o .\CortexM0\ARM_GCC_541\Debug\DIR_FRONT_RIGHT.o
arm-none-eabi-gcc.exe -mcpu=cortex-m0 -mthumb -I. -IGenerated_Source\PSoC4 -Wa,-alh=.\CortexM0\ARM_GCC_541\Debug/DIR_FRONT_RIGHT_PM.lst -g -D DEBUG -D CY_CORE_ID=0 -Wall -ffunction-sections -ffat-lto-objects -Og -c Generated_Source\PSoC4\DIR_FRONT_RIGHT_PM.c -o .\CortexM0\ARM_GCC_541\Debug\DIR_FRONT_RIGHT_PM.o
arm-none-eabi-gcc.exe -mcpu=cortex-m0 -mthumb -I. -IGenerated_Source\PSoC4 -Wa,-alh=.\CortexM0\ARM_GCC_541\Debug/LED_1.lst -g -D DEBUG -D CY_CORE_ID=0 -Wall -ffunction-sections -ffat-lto-objects -Og -c Generated_Source\PSoC4\LED_1.c -o .\CortexM0\ARM_GCC_541\Debug\LED_1.o
arm-none-eabi-gcc.exe -mcpu=cortex-m0 -mthumb -I. -IGenerated_Source\PSoC4 -Wa,-alh=.\CortexM0\ARM_GCC_541\Debug/LED_1_PM.lst -g -D DEBUG -D CY_CORE_ID=0 -Wall -ffunction-sections -ffat-lto-objects -Og -c Generated_Source\PSoC4\LED_1_PM.c -o .\CortexM0\ARM_GCC_541\Debug\LED_1_PM.o
arm-none-eabi-gcc.exe -mcpu=cortex-m0 -mthumb -I. -IGenerated_Source\PSoC4 -Wa,-alh=.\CortexM0\ARM_GCC_541\Debug/LED_2.lst -g -D DEBUG -D CY_CORE_ID=0 -Wall -ffunction-sections -ffat-lto-objects -Og -c Generated_Source\PSoC4\LED_2.c -o .\CortexM0\ARM_GCC_541\Debug\LED_2.o
arm-none-eabi-gcc.exe -mcpu=cortex-m0 -mthumb -I. -IGenerated_Source\PSoC4 -Wa,-alh=.\CortexM0\ARM_GCC_541\Debug/LED_2_PM.lst -g -D DEBUG -D CY_CORE_ID=0 -Wall -ffunction-sections -ffat-lto-objects -Og -c Generated_Source\PSoC4\LED_2_PM.c -o .\CortexM0\ARM_GCC_541\Debug\LED_2_PM.o
arm-none-eabi-gcc.exe -mcpu=cortex-m0 -mthumb -I. -IGenerated_Source\PSoC4 -Wa,-alh=.\CortexM0\ARM_GCC_541\Debug/LED_3.lst -g -D DEBUG -D CY_CORE_ID=0 -Wall -ffunction-sections -ffat-lto-objects -Og -c Generated_Source\PSoC4\LED_3.c -o .\CortexM0\ARM_GCC_541\Debug\LED_3.o
arm-none-eabi-gcc.exe -mcpu=cortex-m0 -mthumb -I. -IGenerated_Source\PSoC4 -Wa,-alh=.\CortexM0\ARM_GCC_541\Debug/LED_3_PM.lst -g -D DEBUG -D CY_CORE_ID=0 -Wall -ffunction-sections -ffat-lto-objects -Og -c Generated_Source\PSoC4\LED_3_PM.c -o .\CortexM0\ARM_GCC_541\Debug\LED_3_PM.o
arm-none-eabi-gcc.exe -mcpu=cortex-m0 -mthumb -I. -IGenerated_Source\PSoC4 -Wa,-alh=.\CortexM0\ARM_GCC_541\Debug/BUTTON_TILT_EN.lst -g -D DEBUG -D CY_CORE_ID=0 -Wall -ffunction-sections -ffat-lto-objects -Og -c Generated_Source\PSoC4\BUTTON_TILT_EN.c -o .\CortexM0\ARM_GCC_541\Debug\BUTTON_TILT_EN.o
arm-none-eabi-gcc.exe -mcpu=cortex-m0 -mthumb -I. -IGenerated_Source\PSoC4 -Wa,-alh=.\CortexM0\ARM_GCC_541\Debug/BUTTON_TILT_EN_PM.lst -g -D DEBUG -D CY_CORE_ID=0 -Wall -ffunction-sections -ffat-lto-objects -Og -c Generated_Source\PSoC4\BUTTON_TILT_EN_PM.c -o .\CortexM0\ARM_GCC_541\Debug\BUTTON_TILT_EN_PM.o
arm-none-eabi-gcc.exe -mcpu=cortex-m0 -mthumb -I. -IGenerated_Source\PSoC4 -Wa,-alh=.\CortexM0\ARM_GCC_541\Debug/BUTTON_MOTOR_EN.lst -g -D DEBUG -D CY_CORE_ID=0 -Wall -ffunction-sections -ffat-lto-objects -Og -c Generated_Source\PSoC4\BUTTON_MOTOR_EN.c -o .\CortexM0\ARM_GCC_541\Debug\BUTTON_MOTOR_EN.o
arm-none-eabi-gcc.exe -mcpu=cortex-m0 -mthumb -I. -IGenerated_Source\PSoC4 -Wa,-alh=.\CortexM0\ARM_GCC_541\Debug/BUTTON_MOTOR_EN_PM.lst -g -D DEBUG -D CY_CORE_ID=0 -Wall -ffunction-sections -ffat-lto-objects -Og -c Generated_Source\PSoC4\BUTTON_MOTOR_EN_PM.c -o .\CortexM0\ARM_GCC_541\Debug\BUTTON_MOTOR_EN_PM.o
arm-none-eabi-gcc.exe -mcpu=cortex-m0 -mthumb -I. -IGenerated_Source\PSoC4 -Wa,-alh=.\CortexM0\ARM_GCC_541\Debug/BUTTON_DIR_UP.lst -g -D DEBUG -D CY_CORE_ID=0 -Wall -ffunction-sections -ffat-lto-objects -Og -c Generated_Source\PSoC4\BUTTON_DIR_UP.c -o .\CortexM0\ARM_GCC_541\Debug\BUTTON_DIR_UP.o
arm-none-eabi-gcc.exe -mcpu=cortex-m0 -mthumb -I. -IGenerated_Source\PSoC4 -Wa,-alh=.\CortexM0\ARM_GCC_541\Debug/BUTTON_DIR_UP_PM.lst -g -D DEBUG -D CY_CORE_ID=0 -Wall -ffunction-sections -ffat-lto-objects -Og -c Generated_Source\PSoC4\BUTTON_DIR_UP_PM.c -o .\CortexM0\ARM_GCC_541\Debug\BUTTON_DIR_UP_PM.o
arm-none-eabi-gcc.exe -mcpu=cortex-m0 -mthumb -I. -IGenerated_Source\PSoC4 -Wa,-alh=.\CortexM0\ARM_GCC_541\Debug/BUTTON_DIR_DOWN.lst -g -D DEBUG -D CY_CORE_ID=0 -Wall -ffunction-sections -ffat-lto-objects -Og -c Generated_Source\PSoC4\BUTTON_DIR_DOWN.c -o .\CortexM0\ARM_GCC_541\Debug\BUTTON_DIR_DOWN.o
arm-none-eabi-gcc.exe -mcpu=cortex-m0 -mthumb -I. -IGenerated_Source\PSoC4 -Wa,-alh=.\CortexM0\ARM_GCC_541\Debug/BUTTON_DIR_DOWN_PM.lst -g -D DEBUG -D CY_CORE_ID=0 -Wall -ffunction-sections -ffat-lto-objects -Og -c Generated_Source\PSoC4\BUTTON_DIR_DOWN_PM.c -o .\CortexM0\ARM_GCC_541\Debug\BUTTON_DIR_DOWN_PM.o
arm-none-eabi-gcc.exe -mcpu=cortex-m0 -mthumb -I. -IGenerated_Source\PSoC4 -Wa,-alh=.\CortexM0\ARM_GCC_541\Debug/I2C_0_SCBCLK.lst -g -D DEBUG -D CY_CORE_ID=0 -Wall -ffunction-sections -ffat-lto-objects -Og -c Generated_Source\PSoC4\I2C_0_SCBCLK.c -o .\CortexM0\ARM_GCC_541\Debug\I2C_0_SCBCLK.o
arm-none-eabi-gcc.exe -mcpu=cortex-m0 -mthumb -I. -IGenerated_Source\PSoC4 -Wa,-alh=.\CortexM0\ARM_GCC_541\Debug/I2C_0_sda.lst -g -D DEBUG -D CY_CORE_ID=0 -Wall -ffunction-sections -ffat-lto-objects -Og -c Generated_Source\PSoC4\I2C_0_sda.c -o .\CortexM0\ARM_GCC_541\Debug\I2C_0_sda.o
arm-none-eabi-gcc.exe -mcpu=cortex-m0 -mthumb -I. -IGenerated_Source\PSoC4 -Wa,-alh=.\CortexM0\ARM_GCC_541\Debug/I2C_0_sda_PM.lst -g -D DEBUG -D CY_CORE_ID=0 -Wall -ffunction-sections -ffat-lto-objects -Og -c Generated_Source\PSoC4\I2C_0_sda_PM.c -o .\CortexM0\ARM_GCC_541\Debug\I2C_0_sda_PM.o
arm-none-eabi-gcc.exe -mcpu=cortex-m0 -mthumb -I. -IGenerated_Source\PSoC4 -Wa,-alh=.\CortexM0\ARM_GCC_541\Debug/I2C_0_scl.lst -g -D DEBUG -D CY_CORE_ID=0 -Wall -ffunction-sections -ffat-lto-objects -Og -c Generated_Source\PSoC4\I2C_0_scl.c -o .\CortexM0\ARM_GCC_541\Debug\I2C_0_scl.o
arm-none-eabi-gcc.exe -mcpu=cortex-m0 -mthumb -I. -IGenerated_Source\PSoC4 -Wa,-alh=.\CortexM0\ARM_GCC_541\Debug/I2C_0_scl_PM.lst -g -D DEBUG -D CY_CORE_ID=0 -Wall -ffunction-sections -ffat-lto-objects -Og -c Generated_Source\PSoC4\I2C_0_scl_PM.c -o .\CortexM0\ARM_GCC_541\Debug\I2C_0_scl_PM.o
arm-none-eabi-gcc.exe -mcpu=cortex-m0 -mthumb -I. -IGenerated_Source\PSoC4 -Wa,-alh=.\CortexM0\ARM_GCC_541\Debug/I2C_0_SCB_IRQ.lst -g -D DEBUG -D CY_CORE_ID=0 -Wall -ffunction-sections -ffat-lto-objects -Og -c Generated_Source\PSoC4\I2C_0_SCB_IRQ.c -o .\CortexM0\ARM_GCC_541\Debug\I2C_0_SCB_IRQ.o
arm-none-eabi-gcc.exe -mcpu=cortex-m0 -mthumb -I. -IGenerated_Source\PSoC4 -Wa,-alh=.\CortexM0\ARM_GCC_541\Debug/Bootloader_0.lst -g -D DEBUG -D CY_CORE_ID=0 -Wall -ffunction-sections -ffat-lto-objects -Og -c Generated_Source\PSoC4\Bootloader_0.c -o .\CortexM0\ARM_GCC_541\Debug\Bootloader_0.o
arm-none-eabi-gcc.exe -mcpu=cortex-m0 -mthumb -I. -IGenerated_Source\PSoC4 -Wa,-alh=.\CortexM0\ARM_GCC_541\Debug/PWM_REAR.lst -g -D DEBUG -D CY_CORE_ID=0 -Wall -ffunction-sections -ffat-lto-objects -Og -c Generated_Source\PSoC4\PWM_REAR.c -o .\CortexM0\ARM_GCC_541\Debug\PWM_REAR.o
arm-none-eabi-gcc.exe -mcpu=cortex-m0 -mthumb -I. -IGenerated_Source\PSoC4 -Wa,-alh=.\CortexM0\ARM_GCC_541\Debug/PWM_REAR_PM.lst -g -D DEBUG -D CY_CORE_ID=0 -Wall -ffunction-sections -ffat-lto-objects -Og -c Generated_Source\PSoC4\PWM_REAR_PM.c -o .\CortexM0\ARM_GCC_541\Debug\PWM_REAR_PM.o
arm-none-eabi-gcc.exe -mcpu=cortex-m0 -mthumb -I. -IGenerated_Source\PSoC4 -Wa,-alh=.\CortexM0\ARM_GCC_541\Debug/DIR_REAR_LEFT.lst -g -D DEBUG -D CY_CORE_ID=0 -Wall -ffunction-sections -ffat-lto-objects -Og -c Generated_Source\PSoC4\DIR_REAR_LEFT.c -o .\CortexM0\ARM_GCC_541\Debug\DIR_REAR_LEFT.o
arm-none-eabi-gcc.exe -mcpu=cortex-m0 -mthumb -I. -IGenerated_Source\PSoC4 -Wa,-alh=.\CortexM0\ARM_GCC_541\Debug/DIR_REAR_LEFT_PM.lst -g -D DEBUG -D CY_CORE_ID=0 -Wall -ffunction-sections -ffat-lto-objects -Og -c Generated_Source\PSoC4\DIR_REAR_LEFT_PM.c -o .\CortexM0\ARM_GCC_541\Debug\DIR_REAR_LEFT_PM.o
arm-none-eabi-gcc.exe -mcpu=cortex-m0 -mthumb -I. -IGenerated_Source\PSoC4 -Wa,-alh=.\CortexM0\ARM_GCC_541\Debug/DIR_REAR_RIGHT.lst -g -D DEBUG -D CY_CORE_ID=0 -Wall -ffunction-sections -ffat-lto-objects -Og -c Generated_Source\PSoC4\DIR_REAR_RIGHT.c -o .\CortexM0\ARM_GCC_541\Debug\DIR_REAR_RIGHT.o
arm-none-eabi-gcc.exe -mcpu=cortex-m0 -mthumb -I. -IGenerated_Source\PSoC4 -Wa,-alh=.\CortexM0\ARM_GCC_541\Debug/DIR_REAR_RIGHT_PM.lst -g -D DEBUG -D CY_CORE_ID=0 -Wall -ffunction-sections -ffat-lto-objects -Og -c Generated_Source\PSoC4\DIR_REAR_RIGHT_PM.c -o .\CortexM0\ARM_GCC_541\Debug\DIR_REAR_RIGHT_PM.o
arm-none-eabi-gcc.exe -mcpu=cortex-m0 -mthumb -I. -IGenerated_Source\PSoC4 -Wa,-alh=.\CortexM0\ARM_GCC_541\Debug/ENABLE_FRONT_MOTORS.lst -g -D DEBUG -D CY_CORE_ID=0 -Wall -ffunction-sections -ffat-lto-objects -Og -c Generated_Source\PSoC4\ENABLE_FRONT_MOTORS.c -o .\CortexM0\ARM_GCC_541\Debug\ENABLE_FRONT_MOTORS.o
arm-none-eabi-gcc.exe -mcpu=cortex-m0 -mthumb -I. -IGenerated_Source\PSoC4 -Wa,-alh=.\CortexM0\ARM_GCC_541\Debug/ENABLE_FRONT_MOTORS_PM.lst -g -D DEBUG -D CY_CORE_ID=0 -Wall -ffunction-sections -ffat-lto-objects -Og -c Generated_Source\PSoC4\ENABLE_FRONT_MOTORS_PM.c -o .\CortexM0\ARM_GCC_541\Debug\ENABLE_FRONT_MOTORS_PM.o
arm-none-eabi-gcc.exe -mcpu=cortex-m0 -mthumb -I. -IGenerated_Source\PSoC4 -Wa,-alh=.\CortexM0\ARM_GCC_541\Debug/ENABLE_REAR_MOTORS.lst -g -D DEBUG -D CY_CORE_ID=0 -Wall -ffunction-sections -ffat-lto-objects -Og -c Generated_Source\PSoC4\ENABLE_REAR_MOTORS.c -o .\CortexM0\ARM_GCC_541\Debug\ENABLE_REAR_MOTORS.o
arm-none-eabi-gcc.exe -mcpu=cortex-m0 -mthumb -I. -IGenerated_Source\PSoC4 -Wa,-alh=.\CortexM0\ARM_GCC_541\Debug/ENABLE_REAR_MOTORS_PM.lst -g -D DEBUG -D CY_CORE_ID=0 -Wall -ffunction-sections -ffat-lto-objects -Og -c Generated_Source\PSoC4\ENABLE_REAR_MOTORS_PM.c -o .\CortexM0\ARM_GCC_541\Debug\ENABLE_REAR_MOTORS_PM.o
arm-none-eabi-gcc.exe -mcpu=cortex-m0 -mthumb -I. -IGenerated_Source\PSoC4 -Wa,-alh=.\CortexM0\ARM_GCC_541\Debug/PWM_REAR_0.lst -g -D DEBUG -D CY_CORE_ID=0 -Wall -ffunction-sections -ffat-lto-objects -Og -c Generated_Source\PSoC4\PWM_REAR_0.c -o .\CortexM0\ARM_GCC_541\Debug\PWM_REAR_0.o
arm-none-eabi-gcc.exe -mcpu=cortex-m0 -mthumb -I. -IGenerated_Source\PSoC4 -Wa,-alh=.\CortexM0\ARM_GCC_541\Debug/PWM_REAR_0_PM.lst -g -D DEBUG -D CY_CORE_ID=0 -Wall -ffunction-sections -ffat-lto-objects -Og -c Generated_Source\PSoC4\PWM_REAR_0_PM.c -o .\CortexM0\ARM_GCC_541\Debug\PWM_REAR_0_PM.o
arm-none-eabi-gcc.exe -mcpu=cortex-m0 -mthumb -I. -IGenerated_Source\PSoC4 -Wa,-alh=.\CortexM0\ARM_GCC_541\Debug/CURRENT_SENSE_EN.lst -g -D DEBUG -D CY_CORE_ID=0 -Wall -ffunction-sections -ffat-lto-objects -Og -c Generated_Source\PSoC4\CURRENT_SENSE_EN.c -o .\CortexM0\ARM_GCC_541\Debug\CURRENT_SENSE_EN.o
arm-none-eabi-gcc.exe -mcpu=cortex-m0 -mthumb -I. -IGenerated_Source\PSoC4 -Wa,-alh=.\CortexM0\ARM_GCC_541\Debug/CURRENT_SENSE_EN_PM.lst -g -D DEBUG -D CY_CORE_ID=0 -Wall -ffunction-sections -ffat-lto-objects -Og -c Generated_Source\PSoC4\CURRENT_SENSE_EN_PM.c -o .\CortexM0\ARM_GCC_541\Debug\CURRENT_SENSE_EN_PM.o
arm-none-eabi-gcc.exe -mcpu=cortex-m0 -mthumb -I. -IGenerated_Source\PSoC4 -Wa,-alh=.\CortexM0\ARM_GCC_541\Debug/LED_4.lst -g -D DEBUG -D CY_CORE_ID=0 -Wall -ffunction-sections -ffat-lto-objects -Og -c Generated_Source\PSoC4\LED_4.c -o .\CortexM0\ARM_GCC_541\Debug\LED_4.o
arm-none-eabi-gcc.exe -mcpu=cortex-m0 -mthumb -I. -IGenerated_Source\PSoC4 -Wa,-alh=.\CortexM0\ARM_GCC_541\Debug/LED_4_PM.lst -g -D DEBUG -D CY_CORE_ID=0 -Wall -ffunction-sections -ffat-lto-objects -Og -c Generated_Source\PSoC4\LED_4_PM.c -o .\CortexM0\ARM_GCC_541\Debug\LED_4_PM.o
arm-none-eabi-gcc.exe -mcpu=cortex-m0 -mthumb -I. -IGenerated_Source\PSoC4 -Wa,-alh=.\CortexM0\ARM_GCC_541\Debug/CURRENT_SENSE_2_INT.lst -g -D DEBUG -D CY_CORE_ID=0 -Wall -ffunction-sections -ffat-lto-objects -Og -c Generated_Source\PSoC4\CURRENT_SENSE_2_INT.c -o .\CortexM0\ARM_GCC_541\Debug\CURRENT_SENSE_2_INT.o
arm-none-eabi-gcc.exe -mcpu=cortex-m0 -mthumb -I. -IGenerated_Source\PSoC4 -Wa,-alh=.\CortexM0\ARM_GCC_541\Debug/CURRENT_SENSE_4_INT.lst -g -D DEBUG -D CY_CORE_ID=0 -Wall -ffunction-sections -ffat-lto-objects -Og -c Generated_Source\PSoC4\CURRENT_SENSE_4_INT.c -o .\CortexM0\ARM_GCC_541\Debug\CURRENT_SENSE_4_INT.o
arm-none-eabi-gcc.exe -mcpu=cortex-m0 -mthumb -I. -IGenerated_Source\PSoC4 -Wa,-alh=.\CortexM0\ARM_GCC_541\Debug/CURRENT_SENSE_3_INT.lst -g -D DEBUG -D CY_CORE_ID=0 -Wall -ffunction-sections -ffat-lto-objects -Og -c Generated_Source\PSoC4\CURRENT_SENSE_3_INT.c -o .\CortexM0\ARM_GCC_541\Debug\CURRENT_SENSE_3_INT.o
arm-none-eabi-gcc.exe -mcpu=cortex-m0 -mthumb -I. -IGenerated_Source\PSoC4 -Wa,-alh=.\CortexM0\ARM_GCC_541\Debug/IMU_RST.lst -g -D DEBUG -D CY_CORE_ID=0 -Wall -ffunction-sections -ffat-lto-objects -Og -c Generated_Source\PSoC4\IMU_RST.c -o .\CortexM0\ARM_GCC_541\Debug\IMU_RST.o
arm-none-eabi-gcc.exe -mcpu=cortex-m0 -mthumb -I. -IGenerated_Source\PSoC4 -Wa,-alh=.\CortexM0\ARM_GCC_541\Debug/IMU_RST_PM.lst -g -D DEBUG -D CY_CORE_ID=0 -Wall -ffunction-sections -ffat-lto-objects -Og -c Generated_Source\PSoC4\IMU_RST_PM.c -o .\CortexM0\ARM_GCC_541\Debug\IMU_RST_PM.o
arm-none-eabi-gcc.exe -mcpu=cortex-m0 -mthumb -I. -IGenerated_Source\PSoC4 -Wa,-alh=.\CortexM0\ARM_GCC_541\Debug/LIMIT_SWITCH_1.lst -g -D DEBUG -D CY_CORE_ID=0 -Wall -ffunction-sections -ffat-lto-objects -Og -c Generated_Source\PSoC4\LIMIT_SWITCH_1.c -o .\CortexM0\ARM_GCC_541\Debug\LIMIT_SWITCH_1.o
arm-none-eabi-gcc.exe -mcpu=cortex-m0 -mthumb -I. -IGenerated_Source\PSoC4 -Wa,-alh=.\CortexM0\ARM_GCC_541\Debug/LIMIT_SWITCH_1_PM.lst -g -D DEBUG -D CY_CORE_ID=0 -Wall -ffunction-sections -ffat-lto-objects -Og -c Generated_Source\PSoC4\LIMIT_SWITCH_1_PM.c -o .\CortexM0\ARM_GCC_541\Debug\LIMIT_SWITCH_1_PM.o
arm-none-eabi-gcc.exe -mcpu=cortex-m0 -mthumb -I. -IGenerated_Source\PSoC4 -Wa,-alh=.\CortexM0\ARM_GCC_541\Debug/BUZZER_EN.lst -g -D DEBUG -D CY_CORE_ID=0 -Wall -ffunction-sections -ffat-lto-objects -Og -c Generated_Source\PSoC4\BUZZER_EN.c -o .\CortexM0\ARM_GCC_541\Debug\BUZZER_EN.o
arm-none-eabi-gcc.exe -mcpu=cortex-m0 -mthumb -I. -IGenerated_Source\PSoC4 -Wa,-alh=.\CortexM0\ARM_GCC_541\Debug/BUZZER_EN_PM.lst -g -D DEBUG -D CY_CORE_ID=0 -Wall -ffunction-sections -ffat-lto-objects -Og -c Generated_Source\PSoC4\BUZZER_EN_PM.c -o .\CortexM0\ARM_GCC_541\Debug\BUZZER_EN_PM.o
arm-none-eabi-gcc.exe -mcpu=cortex-m0 -mthumb -I. -IGenerated_Source\PSoC4 -Wa,-alh=.\CortexM0\ARM_GCC_541\Debug/LIMIT_SWITCH_4.lst -g -D DEBUG -D CY_CORE_ID=0 -Wall -ffunction-sections -ffat-lto-objects -Og -c Generated_Source\PSoC4\LIMIT_SWITCH_4.c -o .\CortexM0\ARM_GCC_541\Debug\LIMIT_SWITCH_4.o
arm-none-eabi-gcc.exe -mcpu=cortex-m0 -mthumb -I. -IGenerated_Source\PSoC4 -Wa,-alh=.\CortexM0\ARM_GCC_541\Debug/LIMIT_SWITCH_4_PM.lst -g -D DEBUG -D CY_CORE_ID=0 -Wall -ffunction-sections -ffat-lto-objects -Og -c Generated_Source\PSoC4\LIMIT_SWITCH_4_PM.c -o .\CortexM0\ARM_GCC_541\Debug\LIMIT_SWITCH_4_PM.o
arm-none-eabi-gcc.exe -mcpu=cortex-m0 -mthumb -I. -IGenerated_Source\PSoC4 -Wa,-alh=.\CortexM0\ARM_GCC_541\Debug/LIMIT_SWITCH_3.lst -g -D DEBUG -D CY_CORE_ID=0 -Wall -ffunction-sections -ffat-lto-objects -Og -c Generated_Source\PSoC4\LIMIT_SWITCH_3.c -o .\CortexM0\ARM_GCC_541\Debug\LIMIT_SWITCH_3.o
arm-none-eabi-gcc.exe -mcpu=cortex-m0 -mthumb -I. -IGenerated_Source\PSoC4 -Wa,-alh=.\CortexM0\ARM_GCC_541\Debug/LIMIT_SWITCH_3_PM.lst -g -D DEBUG -D CY_CORE_ID=0 -Wall -ffunction-sections -ffat-lto-objects -Og -c Generated_Source\PSoC4\LIMIT_SWITCH_3_PM.c -o .\CortexM0\ARM_GCC_541\Debug\LIMIT_SWITCH_3_PM.o
arm-none-eabi-gcc.exe -mcpu=cortex-m0 -mthumb -I. -IGenerated_Source\PSoC4 -Wa,-alh=.\CortexM0\ARM_GCC_541\Debug/LIMIT_SWITCH_2.lst -g -D DEBUG -D CY_CORE_ID=0 -Wall -ffunction-sections -ffat-lto-objects -Og -c Generated_Source\PSoC4\LIMIT_SWITCH_2.c -o .\CortexM0\ARM_GCC_541\Debug\LIMIT_SWITCH_2.o
arm-none-eabi-gcc.exe -mcpu=cortex-m0 -mthumb -I. -IGenerated_Source\PSoC4 -Wa,-alh=.\CortexM0\ARM_GCC_541\Debug/LIMIT_SWITCH_2_PM.lst -g -D DEBUG -D CY_CORE_ID=0 -Wall -ffunction-sections -ffat-lto-objects -Og -c Generated_Source\PSoC4\LIMIT_SWITCH_2_PM.c -o .\CortexM0\ARM_GCC_541\Debug\LIMIT_SWITCH_2_PM.o
arm-none-eabi-gcc.exe -mcpu=cortex-m0 -mthumb -I. -IGenerated_Source\PSoC4 -Wa,-alh=.\CortexM0\ARM_GCC_541\Debug/CURRENT_SENSE_1_INT.lst -g -D DEBUG -D CY_CORE_ID=0 -Wall -ffunction-sections -ffat-lto-objects -Og -c Generated_Source\PSoC4\CURRENT_SENSE_1_INT.c -o .\CortexM0\ARM_GCC_541\Debug\CURRENT_SENSE_1_INT.o
arm-none-eabi-gcc.exe -mcpu=cortex-m0 -mthumb -I. -IGenerated_Source\PSoC4 -Wa,-alh=.\CortexM0\ARM_GCC_541\Debug/BUZZER_PWM.lst -g -D DEBUG -D CY_CORE_ID=0 -Wall -ffunction-sections -ffat-lto-objects -Og -c Generated_Source\PSoC4\BUZZER_PWM.c -o .\CortexM0\ARM_GCC_541\Debug\BUZZER_PWM.o
arm-none-eabi-gcc.exe -mcpu=cortex-m0 -mthumb -I. -IGenerated_Source\PSoC4 -Wa,-alh=.\CortexM0\ARM_GCC_541\Debug/BUZZER_PWM_PM.lst -g -D DEBUG -D CY_CORE_ID=0 -Wall -ffunction-sections -ffat-lto-objects -Og -c Generated_Source\PSoC4\BUZZER_PWM_PM.c -o .\CortexM0\ARM_GCC_541\Debug\BUZZER_PWM_PM.o
arm-none-eabi-gcc.exe -mcpu=cortex-m0 -mthumb -I. -IGenerated_Source\PSoC4 -Wa,-alh=.\CortexM0\ARM_GCC_541\Debug/GPIO_13.lst -g -D DEBUG -D CY_CORE_ID=0 -Wall -ffunction-sections -ffat-lto-objects -Og -c Generated_Source\PSoC4\GPIO_13.c -o .\CortexM0\ARM_GCC_541\Debug\GPIO_13.o
arm-none-eabi-gcc.exe -mcpu=cortex-m0 -mthumb -I. -IGenerated_Source\PSoC4 -Wa,-alh=.\CortexM0\ARM_GCC_541\Debug/GPIO_13_PM.lst -g -D DEBUG -D CY_CORE_ID=0 -Wall -ffunction-sections -ffat-lto-objects -Og -c Generated_Source\PSoC4\GPIO_13_PM.c -o .\CortexM0\ARM_GCC_541\Debug\GPIO_13_PM.o
arm-none-eabi-gcc.exe -mcpu=cortex-m0 -mthumb -I. -IGenerated_Source\PSoC4 -Wa,-alh=.\CortexM0\ARM_GCC_541\Debug/PSOC_ALERT.lst -g -D DEBUG -D CY_CORE_ID=0 -Wall -ffunction-sections -ffat-lto-objects -Og -c Generated_Source\PSoC4\PSOC_ALERT.c -o .\CortexM0\ARM_GCC_541\Debug\PSOC_ALERT.o
arm-none-eabi-gcc.exe -mcpu=cortex-m0 -mthumb -I. -IGenerated_Source\PSoC4 -Wa,-alh=.\CortexM0\ARM_GCC_541\Debug/PSOC_ALERT_PM.lst -g -D DEBUG -D CY_CORE_ID=0 -Wall -ffunction-sections -ffat-lto-objects -Og -c Generated_Source\PSoC4\PSOC_ALERT_PM.c -o .\CortexM0\ARM_GCC_541\Debug\PSOC_ALERT_PM.o
arm-none-eabi-gcc.exe -mcpu=cortex-m0 -mthumb -I. -IGenerated_Source\PSoC4 -Wa,-alh=.\CortexM0\ARM_GCC_541\Debug/GPIO_36.lst -g -D DEBUG -D CY_CORE_ID=0 -Wall -ffunction-sections -ffat-lto-objects -Og -c Generated_Source\PSoC4\GPIO_36.c -o .\CortexM0\ARM_GCC_541\Debug\GPIO_36.o
arm-none-eabi-gcc.exe -mcpu=cortex-m0 -mthumb -I. -IGenerated_Source\PSoC4 -Wa,-alh=.\CortexM0\ARM_GCC_541\Debug/GPIO_36_PM.lst -g -D DEBUG -D CY_CORE_ID=0 -Wall -ffunction-sections -ffat-lto-objects -Og -c Generated_Source\PSoC4\GPIO_36_PM.c -o .\CortexM0\ARM_GCC_541\Debug\GPIO_36_PM.o
arm-none-eabi-gcc.exe -mcpu=cortex-m0 -mthumb -I. -IGenerated_Source\PSoC4 -Wa,-alh=.\CortexM0\ARM_GCC_541\Debug/GPIO_30.lst -g -D DEBUG -D CY_CORE_ID=0 -Wall -ffunction-sections -ffat-lto-objects -Og -c Generated_Source\PSoC4\GPIO_30.c -o .\CortexM0\ARM_GCC_541\Debug\GPIO_30.o
arm-none-eabi-gcc.exe -mcpu=cortex-m0 -mthumb -I. -IGenerated_Source\PSoC4 -Wa,-alh=.\CortexM0\ARM_GCC_541\Debug/GPIO_30_PM.lst -g -D DEBUG -D CY_CORE_ID=0 -Wall -ffunction-sections -ffat-lto-objects -Og -c Generated_Source\PSoC4\GPIO_30_PM.c -o .\CortexM0\ARM_GCC_541\Debug\GPIO_30_PM.o
arm-none-eabi-gcc.exe -mcpu=cortex-m0 -mthumb -I. -IGenerated_Source\PSoC4 -Wa,-alh=.\CortexM0\ARM_GCC_541\Debug/CURRENT_SENSE_1.lst -g -D DEBUG -D CY_CORE_ID=0 -Wall -ffunction-sections -ffat-lto-objects -Og -c Generated_Source\PSoC4\CURRENT_SENSE_1.c -o .\CortexM0\ARM_GCC_541\Debug\CURRENT_SENSE_1.o
arm-none-eabi-gcc.exe -mcpu=cortex-m0 -mthumb -I. -IGenerated_Source\PSoC4 -Wa,-alh=.\CortexM0\ARM_GCC_541\Debug/CURRENT_SENSE_1_PM.lst -g -D DEBUG -D CY_CORE_ID=0 -Wall -ffunction-sections -ffat-lto-objects -Og -c Generated_Source\PSoC4\CURRENT_SENSE_1_PM.c -o .\CortexM0\ARM_GCC_541\Debug\CURRENT_SENSE_1_PM.o
arm-none-eabi-gcc.exe -mcpu=cortex-m0 -mthumb -I. -IGenerated_Source\PSoC4 -Wa,-alh=.\CortexM0\ARM_GCC_541\Debug/CURRENT_SENSE_2.lst -g -D DEBUG -D CY_CORE_ID=0 -Wall -ffunction-sections -ffat-lto-objects -Og -c Generated_Source\PSoC4\CURRENT_SENSE_2.c -o .\CortexM0\ARM_GCC_541\Debug\CURRENT_SENSE_2.o
arm-none-eabi-gcc.exe -mcpu=cortex-m0 -mthumb -I. -IGenerated_Source\PSoC4 -Wa,-alh=.\CortexM0\ARM_GCC_541\Debug/CURRENT_SENSE_2_PM.lst -g -D DEBUG -D CY_CORE_ID=0 -Wall -ffunction-sections -ffat-lto-objects -Og -c Generated_Source\PSoC4\CURRENT_SENSE_2_PM.c -o .\CortexM0\ARM_GCC_541\Debug\CURRENT_SENSE_2_PM.o
arm-none-eabi-gcc.exe -mcpu=cortex-m0 -mthumb -I. -IGenerated_Source\PSoC4 -Wa,-alh=.\CortexM0\ARM_GCC_541\Debug/CURRENT_SENSE_3.lst -g -D DEBUG -D CY_CORE_ID=0 -Wall -ffunction-sections -ffat-lto-objects -Og -c Generated_Source\PSoC4\CURRENT_SENSE_3.c -o .\CortexM0\ARM_GCC_541\Debug\CURRENT_SENSE_3.o
arm-none-eabi-gcc.exe -mcpu=cortex-m0 -mthumb -I. -IGenerated_Source\PSoC4 -Wa,-alh=.\CortexM0\ARM_GCC_541\Debug/CURRENT_SENSE_3_PM.lst -g -D DEBUG -D CY_CORE_ID=0 -Wall -ffunction-sections -ffat-lto-objects -Og -c Generated_Source\PSoC4\CURRENT_SENSE_3_PM.c -o .\CortexM0\ARM_GCC_541\Debug\CURRENT_SENSE_3_PM.o
arm-none-eabi-gcc.exe -mcpu=cortex-m0 -mthumb -I. -IGenerated_Source\PSoC4 -Wa,-alh=.\CortexM0\ARM_GCC_541\Debug/CURRENT_SENSE_4.lst -g -D DEBUG -D CY_CORE_ID=0 -Wall -ffunction-sections -ffat-lto-objects -Og -c Generated_Source\PSoC4\CURRENT_SENSE_4.c -o .\CortexM0\ARM_GCC_541\Debug\CURRENT_SENSE_4.o
arm-none-eabi-gcc.exe -mcpu=cortex-m0 -mthumb -I. -IGenerated_Source\PSoC4 -Wa,-alh=.\CortexM0\ARM_GCC_541\Debug/CURRENT_SENSE_4_PM.lst -g -D DEBUG -D CY_CORE_ID=0 -Wall -ffunction-sections -ffat-lto-objects -Og -c Generated_Source\PSoC4\CURRENT_SENSE_4_PM.c -o .\CortexM0\ARM_GCC_541\Debug\CURRENT_SENSE_4_PM.o
arm-none-eabi-gcc.exe -mcpu=cortex-m0 -mthumb -I. -IGenerated_Source\PSoC4 -Wa,-alh=.\CortexM0\ARM_GCC_541\Debug/BUZZER_PWM_0.lst -g -D DEBUG -D CY_CORE_ID=0 -Wall -ffunction-sections -ffat-lto-objects -Og -c Generated_Source\PSoC4\BUZZER_PWM_0.c -o .\CortexM0\ARM_GCC_541\Debug\BUZZER_PWM_0.o
arm-none-eabi-gcc.exe -mcpu=cortex-m0 -mthumb -I. -IGenerated_Source\PSoC4 -Wa,-alh=.\CortexM0\ARM_GCC_541\Debug/BUZZER_PWM_0_PM.lst -g -D DEBUG -D CY_CORE_ID=0 -Wall -ffunction-sections -ffat-lto-objects -Og -c Generated_Source\PSoC4\BUZZER_PWM_0_PM.c -o .\CortexM0\ARM_GCC_541\Debug\BUZZER_PWM_0_PM.o
arm-none-eabi-gcc.exe -mcpu=cortex-m0 -mthumb -I. -IGenerated_Source\PSoC4 -Wa,-alh=.\CortexM0\ARM_GCC_541\Debug/PWM_FRONT_0.lst -g -D DEBUG -D CY_CORE_ID=0 -Wall -ffunction-sections -ffat-lto-objects -Og -c Generated_Source\PSoC4\PWM_FRONT_0.c -o .\CortexM0\ARM_GCC_541\Debug\PWM_FRONT_0.o
arm-none-eabi-gcc.exe -mcpu=cortex-m0 -mthumb -I. -IGenerated_Source\PSoC4 -Wa,-alh=.\CortexM0\ARM_GCC_541\Debug/PWM_FRONT_0_PM.lst -g -D DEBUG -D CY_CORE_ID=0 -Wall -ffunction-sections -ffat-lto-objects -Og -c Generated_Source\PSoC4\PWM_FRONT_0_PM.c -o .\CortexM0\ARM_GCC_541\Debug\PWM_FRONT_0_PM.o
arm-none-eabi-as.exe -mcpu=cortex-m0 -mthumb -I. -IGenerated_Source\PSoC4 -alh=.\CortexM0\ARM_GCC_541\Debug/CyBootAsmGnu.lst -g -W -o .\CortexM0\ARM_GCC_541\Debug\CyBootAsmGnu.o Generated_Source\PSoC4\CyBootAsmGnu.s
arm-none-eabi-ar.exe -rs .\CortexM0\ARM_GCC_541\Debug\psoc_4200_uplift.a .\CortexM0\ARM_GCC_541\Debug\CyFlash.o .\CortexM0\ARM_GCC_541\Debug\CyLib.o .\CortexM0\ARM_GCC_541\Debug\cyPm.o .\CortexM0\ARM_GCC_541\Debug\cyutils.o .\CortexM0\ARM_GCC_541\Debug\CyLFClk.o .\CortexM0\ARM_GCC_541\Debug\cy_em_eeprom.o .\CortexM0\ARM_GCC_541\Debug\PWM_FRONT.o .\CortexM0\ARM_GCC_541\Debug\PWM_FRONT_PM.o .\CortexM0\ARM_GCC_541\Debug\I2C_0.o .\CortexM0\ARM_GCC_541\Debug\I2C_0_I2C_INT.o .\CortexM0\ARM_GCC_541\Debug\I2C_0_I2C.o .\CortexM0\ARM_GCC_541\Debug\I2C_0_I2C_BOOT.o .\CortexM0\ARM_GCC_541\Debug\I2C_0_I2C_MASTER.o .\CortexM0\ARM_GCC_541\Debug\I2C_0_PM.o .\CortexM0\ARM_GCC_541\Debug\I2C_0_BOOT.o .\CortexM0\ARM_GCC_541\Debug\Clock_1.o .\CortexM0\ARM_GCC_541\Debug\DIR_FRONT_LEFT.o .\CortexM0\ARM_GCC_541\Debug\DIR_FRONT_LEFT_PM.o .\CortexM0\ARM_GCC_541\Debug\DIR_FRONT_RIGHT.o .\CortexM0\ARM_GCC_541\Debug\DIR_FRONT_RIGHT_PM.o .\CortexM0\ARM_GCC_541\Debug\LED_1.o .\CortexM0\ARM_GCC_541\Debug\LED_1_PM.o .\CortexM0\ARM_GCC_541\Debug\LED_2.o .\CortexM0\ARM_GCC_541\Debug\LED_2_PM.o .\CortexM0\ARM_GCC_541\Debug\LED_3.o .\CortexM0\ARM_GCC_541\Debug\LED_3_PM.o .\CortexM0\ARM_GCC_541\Debug\BUTTON_TILT_EN.o .\CortexM0\ARM_GCC_541\Debug\BUTTON_TILT_EN_PM.o .\CortexM0\ARM_GCC_541\Debug\BUTTON_MOTOR_EN.o .\CortexM0\ARM_GCC_541\Debug\BUTTON_MOTOR_EN_PM.o .\CortexM0\ARM_GCC_541\Debug\BUTTON_DIR_UP.o .\CortexM0\ARM_GCC_541\Debug\BUTTON_DIR_UP_PM.o .\CortexM0\ARM_GCC_541\Debug\BUTTON_DIR_DOWN.o .\CortexM0\ARM_GCC_541\Debug\BUTTON_DIR_DOWN_PM.o .\CortexM0\ARM_GCC_541\Debug\I2C_0_SCBCLK.o .\CortexM0\ARM_GCC_541\Debug\I2C_0_sda.o .\CortexM0\ARM_GCC_541\Debug\I2C_0_sda_PM.o .\CortexM0\ARM_GCC_541\Debug\I2C_0_scl.o .\CortexM0\ARM_GCC_541\Debug\I2C_0_scl_PM.o .\CortexM0\ARM_GCC_541\Debug\I2C_0_SCB_IRQ.o .\CortexM0\ARM_GCC_541\Debug\Bootloader_0.o .\CortexM0\ARM_GCC_541\Debug\PWM_REAR.o .\CortexM0\ARM_GCC_541\Debug\PWM_REAR_PM.o .\CortexM0\ARM_GCC_541\Debug\DIR_REAR_LEFT.o .\CortexM0\ARM_GCC_541\Debug\DIR_REAR_LEFT_PM.o .\CortexM0\ARM_GCC_541\Debug\DIR_REAR_RIGHT.o .\CortexM0\ARM_GCC_541\Debug\DIR_REAR_RIGHT_PM.o .\CortexM0\ARM_GCC_541\Debug\ENABLE_FRONT_MOTORS.o .\CortexM0\ARM_GCC_541\Debug\ENABLE_FRONT_MOTORS_PM.o .\CortexM0\ARM_GCC_541\Debug\ENABLE_REAR_MOTORS.o .\CortexM0\ARM_GCC_541\Debug\ENABLE_REAR_MOTORS_PM.o .\CortexM0\ARM_GCC_541\Debug\PWM_REAR_0.o .\CortexM0\ARM_GCC_541\Debug\PWM_REAR_0_PM.o .\CortexM0\ARM_GCC_541\Debug\CURRENT_SENSE_EN.o .\CortexM0\ARM_GCC_541\Debug\CURRENT_SENSE_EN_PM.o .\CortexM0\ARM_GCC_541\Debug\LED_4.o .\CortexM0\ARM_GCC_541\Debug\LED_4_PM.o .\CortexM0\ARM_GCC_541\Debug\CURRENT_SENSE_2_INT.o .\CortexM0\ARM_GCC_541\Debug\CURRENT_SENSE_4_INT.o .\CortexM0\ARM_GCC_541\Debug\CURRENT_SENSE_3_INT.o .\CortexM0\ARM_GCC_541\Debug\IMU_RST.o .\CortexM0\ARM_GCC_541\Debug\IMU_RST_PM.o .\CortexM0\ARM_GCC_541\Debug\LIMIT_SWITCH_1.o .\CortexM0\ARM_GCC_541\Debug\LIMIT_SWITCH_1_PM.o .\CortexM0\ARM_GCC_541\Debug\BUZZER_EN.o .\CortexM0\ARM_GCC_541\Debug\BUZZER_EN_PM.o .\CortexM0\ARM_GCC_541\Debug\LIMIT_SWITCH_4.o .\CortexM0\ARM_GCC_541\Debug\LIMIT_SWITCH_4_PM.o .\CortexM0\ARM_GCC_541\Debug\LIMIT_SWITCH_3.o .\CortexM0\ARM_GCC_541\Debug\LIMIT_SWITCH_3_PM.o .\CortexM0\ARM_GCC_541\Debug\LIMIT_SWITCH_2.o .\CortexM0\ARM_GCC_541\Debug\LIMIT_SWITCH_2_PM.o .\CortexM0\ARM_GCC_541\Debug\CURRENT_SENSE_1_INT.o .\CortexM0\ARM_GCC_541\Debug\BUZZER_PWM.o .\CortexM0\ARM_GCC_541\Debug\BUZZER_PWM_PM.o .\CortexM0\ARM_GCC_541\Debug\GPIO_13.o .\CortexM0\ARM_GCC_541\Debug\GPIO_13_PM.o .\CortexM0\ARM_GCC_541\Debug\PSOC_ALERT.o .\CortexM0\ARM_GCC_541\Debug\PSOC_ALERT_PM.o .\CortexM0\ARM_GCC_541\Debug\GPIO_36.o .\CortexM0\ARM_GCC_541\Debug\GPIO_36_PM.o .\CortexM0\ARM_GCC_541\Debug\GPIO_30.o .\CortexM0\ARM_GCC_541\Debug\GPIO_30_PM.o .\CortexM0\ARM_GCC_541\Debug\CURRENT_SENSE_1.o .\CortexM0\ARM_GCC_541\Debug\CURRENT_SENSE_1_PM.o .\CortexM0\ARM_GCC_541\Debug\CURRENT_SENSE_2.o .\CortexM0\ARM_GCC_541\Debug\CURRENT_SENSE_2_PM.o .\CortexM0\ARM_GCC_541\Debug\CURRENT_SENSE_3.o .\CortexM0\ARM_GCC_541\Debug\CURRENT_SENSE_3_PM.o .\CortexM0\ARM_GCC_541\Debug\CURRENT_SENSE_4.o .\CortexM0\ARM_GCC_541\Debug\CURRENT_SENSE_4_PM.o .\CortexM0\ARM_GCC_541\Debug\BUZZER_PWM_0.o .\CortexM0\ARM_GCC_541\Debug\BUZZER_PWM_0_PM.o .\CortexM0\ARM_GCC_541\Debug\PWM_FRONT_0.o .\CortexM0\ARM_GCC_541\Debug\PWM_FRONT_0_PM.o .\CortexM0\ARM_GCC_541\Debug\CyBootAsmGnu.o
arm-none-eabi-ar.exe: creating .\CortexM0\ARM_GCC_541\Debug\psoc_4200_uplift.a
arm-none-eabi-gcc.exe -Wl,--start-group -o C:\Users\amant\Generate\Uplift-Solutions\uplift-fw-sp25\src\psoc_4200_uplift.cydsn\CortexM0\ARM_GCC_541\Debug\psoc_4200_uplift.elf .\CortexM0\ARM_GCC_541\Debug\main.o .\CortexM0\ARM_GCC_541\Debug\cyfitter_cfg.o .\CortexM0\ARM_GCC_541\Debug\cymetadata.o .\CortexM0\ARM_GCC_541\Debug\Cm0Start.o .\CortexM0\ARM_GCC_541\Debug\psoc_4200_uplift.a -mcpu=cortex-m0 -mthumb -L Generated_Source\PSoC4 -Wl,-Map,.\CortexM0\ARM_GCC_541\Debug/psoc_4200_uplift.map -T Generated_Source\PSoC4\cm0gcc.ld -specs=nano.specs -Wl,--gc-sections -g -ffunction-sections -Og -ffat-lto-objects -Wl,--end-group
cyelftool.exe -P C:\Users\amant\Generate\Uplift-Solutions\uplift-fw-sp25\src\psoc_4200_uplift.cydsn\CortexM0\ARM_GCC_541\Debug\psoc_4200_uplift.elf --flash_row_size 128 --flash_size 32768 --flash_offset 0x00000000 --size_var_name Bootloader_0_SizeBytes --checksum_var_name Bootloader_0_Checksum --ignore 0xC0
No ELF section .cychecksum found, creating one
Application checksum calculated and stored in ELF section .cychecksum
Checksum calculated and stored in ELF section .cymeta
cyelftool.exe -S C:\Users\amant\Generate\Uplift-Solutions\uplift-fw-sp25\src\psoc_4200_uplift.cydsn\CortexM0\ARM_GCC_541\Debug\psoc_4200_uplift.elf
Flash used: 6925 of 32768 bytes (21.1%). Application: 6669 bytes. Metadata: 256 bytes.
SRAM used: 1588 of 4096 bytes (38.8%). Stack: 1024 bytes. Heap: 128 bytes.
--------------- Rebuild Succeeded: 04/03/2025 19:26:17 ---------------
